Component: ARM Compiler 5.06 update 7 (build 960) Tool: armlink [4d3601]

==============================================================================

Section Cross References

    startup_stm32h743xx.o(RESET) refers to startup_stm32h743xx.o(STACK) for __initial_sp
    startup_stm32h743xx.o(RESET) refers to startup_stm32h743xx.o(.text) for Reset_Handler
    startup_stm32h743xx.o(RESET) refers to stm32h7xx_it.o(i.NMI_Handler) for NMI_Handler
    startup_stm32h743xx.o(RESET) refers to stm32h7xx_it.o(i.HardFault_Handler) for HardFault_Handler
    startup_stm32h743xx.o(RESET) refers to stm32h7xx_it.o(i.MemManage_Handler) for MemManage_Handler
    startup_stm32h743xx.o(RESET) refers to stm32h7xx_it.o(i.BusFault_Handler) for BusFault_Handler
    startup_stm32h743xx.o(RESET) refers to stm32h7xx_it.o(i.UsageFault_Handler) for UsageFault_Handler
    startup_stm32h743xx.o(RESET) refers to port.o(.emb_text) for SVC_Handler
    startup_stm32h743xx.o(RESET) refers to stm32h7xx_it.o(i.DebugMon_Handler) for DebugMon_Handler
    startup_stm32h743xx.o(RESET) refers to port.o(i.SysTick_Handler) for SysTick_Handler
    startup_stm32h743xx.o(RESET) refers to stm32h7xx_it.o(i.DMA1_Stream0_IRQHandler) for DMA1_Stream0_IRQHandler
    startup_stm32h743xx.o(RESET) refers to stm32h7xx_it.o(i.DMA1_Stream2_IRQHandler) for DMA1_Stream2_IRQHandler
    startup_stm32h743xx.o(RESET) refers to stm32h7xx_it.o(i.DMA1_Stream3_IRQHandler) for DMA1_Stream3_IRQHandler
    startup_stm32h743xx.o(RESET) refers to stm32h7xx_it.o(i.DMA1_Stream4_IRQHandler) for DMA1_Stream4_IRQHandler
    startup_stm32h743xx.o(RESET) refers to stm32h7xx_it.o(i.DMA1_Stream5_IRQHandler) for DMA1_Stream5_IRQHandler
    startup_stm32h743xx.o(RESET) refers to stm32h7xx_it.o(i.DMA1_Stream6_IRQHandler) for DMA1_Stream6_IRQHandler
    startup_stm32h743xx.o(RESET) refers to stm32h7xx_it.o(i.FDCAN1_IT0_IRQHandler) for FDCAN1_IT0_IRQHandler
    startup_stm32h743xx.o(RESET) refers to stm32h7xx_it.o(i.TIM1_UP_IRQHandler) for TIM1_UP_IRQHandler
    startup_stm32h743xx.o(RESET) refers to stm32h7xx_it.o(i.USART3_IRQHandler) for USART3_IRQHandler
    startup_stm32h743xx.o(RESET) refers to stm32h7xx_it.o(i.RTC_Alarm_IRQHandler) for RTC_Alarm_IRQHandler
    startup_stm32h743xx.o(RESET) refers to stm32h7xx_it.o(i.UART4_IRQHandler) for UART4_IRQHandler
    startup_stm32h743xx.o(RESET) refers to stm32h7xx_it.o(i.UART5_IRQHandler) for UART5_IRQHandler
    startup_stm32h743xx.o(RESET) refers to stm32h7xx_it.o(i.DMA2_Stream0_IRQHandler) for DMA2_Stream0_IRQHandler
    startup_stm32h743xx.o(RESET) refers to stm32h7xx_it.o(i.UART7_IRQHandler) for UART7_IRQHandler
    startup_stm32h743xx.o(RESET) refers to stm32h7xx_it.o(i.UART8_IRQHandler) for UART8_IRQHandler
    startup_stm32h743xx.o(RESET) refers to stm32h7xx_it.o(i.TIM17_IRQHandler) for TIM17_IRQHandler
    startup_stm32h743xx.o(.text) refers to system_stm32h7xx.o(i.SystemInit) for SystemInit
    startup_stm32h743xx.o(.text) refers to entry.o(.ARM.Collect$$$$00000000) for __main
    motorcontrol.o(i.Driver1_Receive) refers to motorcontrol.o(i.DriverfindStr) for DriverfindStr
    motorcontrol.o(i.Driver1_Receive) refers to dynamixel_rd.o(i.Dynamixel_Master_Receive) for Dynamixel_Master_Receive
    motorcontrol.o(i.Driver1_Receive) refers to dynamixel_rd.o(i.Dynamixel_Value_Forward) for Dynamixel_Value_Forward
    motorcontrol.o(i.Driver1_Receive) refers to motorcontrol.o(.data) for .data
    motorcontrol.o(i.Driver1_Receive) refers to motorcontrol.o(.bss) for .bss
    motorcontrol.o(i.Driver2_Receive) refers to dynamixel_rd.o(i.Dynamixel_Master_Receive) for Dynamixel_Master_Receive
    motorcontrol.o(i.Driver2_Receive) refers to dynamixel_rd.o(i.Dynamixel_Value_Forward) for Dynamixel_Value_Forward
    motorcontrol.o(i.Driver2_Receive) refers to motorcontrol.o(.bss) for .bss
    motorcontrol.o(i.Driver2_Receive) refers to motorcontrol.o(.data) for .data
    motorcontrol.o(i.Motor1_Set_Current) refers to motorcontrol.o(i.Motor_Set_Mode) for Motor_Set_Mode
    motorcontrol.o(i.Motor1_Set_Current) refers to iir.o(i.Motor_arm_iir_f32_LP_Group1) for Motor_arm_iir_f32_LP_Group1
    motorcontrol.o(i.Motor1_Set_Current) refers to dynamixel_rd.o(i.Dynamixel_Master_Send) for Dynamixel_Master_Send
    motorcontrol.o(i.Motor1_Set_Current) refers to stm32h7xx_hal_uart.o(i.HAL_UART_Transmit_DMA) for HAL_UART_Transmit_DMA
    motorcontrol.o(i.Motor1_Set_Current) refers to memseta.o(.text) for __aeabi_memclr
    motorcontrol.o(i.Motor1_Set_Current) refers to motorcontrol.o(.data) for .data
    motorcontrol.o(i.Motor1_Set_Current) refers to freertos.o(.bss) for M1
    motorcontrol.o(i.Motor1_Set_Current) refers to freertos.o(.bss) for M2
    motorcontrol.o(i.Motor1_Set_Current) refers to freertos.o(.bss) for M3
    motorcontrol.o(i.Motor1_Set_Current) refers to freertos.o(.bss) for M4
    motorcontrol.o(i.Motor1_Set_Current) refers to motorcontrol.o(.bss) for .bss
[...]
    RTC_ExitInitMode                         0x08009df1   Thumb Code    80  stm32h7xx_hal_rtc.o(i.RTC_ExitInitMode)
    SendMotorControlFrame_Group2             0x08009e45   Thumb Code   126  fpga_motor_driver.o(i.SendMotorControlFrame_Group2)
    SetMotorCurrentAmpere_Group2             0x08009ee1   Thumb Code    44  fpga_motor_driver.o(i.SetMotorCurrentAmpere_Group2)
    SetMotorMode_Group2                      0x08009f11   Thumb Code    24  fpga_motor_driver.o(i.SetMotorMode_Group2)
    SetMotorPositionTurns_Group2             0x08009f2d   Thumb Code    44  fpga_motor_driver.o(i.SetMotorPositionTurns_Group2)
    SetMotorSpeedRPM_Group2                  0x08009f5d   Thumb Code    44  fpga_motor_driver.o(i.SetMotorSpeedRPM_Group2)
    SpeedToRPM                               0x08009f8d   Thumb Code    18  fpga_motor_driver.o(i.SpeedToRPM)
    StateRETFUN                              0x08009fa1   Thumb Code  1334  freertos.o(i.StateRETFUN)
    StopAllMotors_Group2                     0x0800a4e1   Thumb Code    20  fpga_motor_driver.o(i.StopAllMotors_Group2)
    StopMotor_Group2                         0x0800a4f5   Thumb Code    46  fpga_motor_driver.o(i.StopMotor_Group2)
    SysTick_Handler                          0x0800a52d   Thumb Code    38  port.o(i.SysTick_Handler)
    SystemClock_Config                       0x0800a559   Thumb Code   232  main.o(i.SystemClock_Config)
    SystemInit                               0x0800a64d   Thumb Code   178  system_stm32h7xx.o(i.SystemInit)
    TIM17_IRQHandler                         0x0800a729   Thumb Code     6  stm32h7xx_it.o(i.TIM17_IRQHandler)
    TIM1_UP_IRQHandler                       0x0800a735   Thumb Code     6  stm32h7xx_it.o(i.TIM1_UP_IRQHandler)
    TIM_Base_SetConfig                       0x0800a741   Thumb Code   174  stm32h7xx_hal_tim.o(i.TIM_Base_SetConfig)
    TIM_CCxChannelCmd                        0x0800a811   Thumb Code    26  stm32h7xx_hal_tim.o(i.TIM_CCxChannelCmd)
    TIM_ETR_SetConfig                        0x0800a82b   Thumb Code    20  stm32h7xx_hal_tim.o(i.TIM_ETR_SetConfig)
    TIM_OC2_SetConfig                        0x0800a8f5   Thumb Code   124  stm32h7xx_hal_tim.o(i.TIM_OC2_SetConfig)
    TSA2ContollFUN                           0x0800abb9   Thumb Code   768  freertos.o(i.TSA2ContollFUN)
    TaForceCALCallback                       0x0800aeed   Thumb Code    84  freertos.o(i.TaForceCALCallback)
    TaskManagerFUN                           0x0800af4d   Thumb Code   206  freertos.o(i.TaskManagerFUN)
    TurnsToPosition                          0x0800b0c5   Thumb Code    18  fpga_motor_driver.o(i.TurnsToPosition)
    UART4_IRQHandler                         0x0800b0dd   Thumb Code     6  stm32h7xx_it.o(i.UART4_IRQHandler)
    UART5_IRQHandler                         0x0800b0e9   Thumb Code     6  stm32h7xx_it.o(i.UART5_IRQHandler)
    UART7_IRQHandler                         0x0800b0f5   Thumb Code    22  stm32h7xx_it.o(i.UART7_IRQHandler)
    UART8_IRQHandler                         0x0800b111   Thumb Code     6  stm32h7xx_it.o(i.UART8_IRQHandler)
    UART_AdvFeatureConfig                    0x0800b165   Thumb Code   200  stm32h7xx_hal_uart.o(i.UART_AdvFeatureConfig)
    UART_CheckIdleState                      0x0800b22d   Thumb Code   170  stm32h7xx_hal_uart.o(i.UART_CheckIdleState)
    UART_SetConfig                           0x0800b901   Thumb Code  1168  stm32h7xx_hal_uart.o(i.UART_SetConfig)
    UART_Start_Receive_IT                    0x0800bd91   Thumb Code   274  stm32h7xx_hal_uart.o(i.UART_Start_Receive_IT)
    UART_WaitOnFlagUntilTimeout              0x0800c021   Thumb Code   152  stm32h7xx_hal_uart.o(i.UART_WaitOnFlagUntilTimeout)
    USART3_IRQHandler                        0x0800c0b9   Thumb Code     6  stm32h7xx_it.o(i.USART3_IRQHandler)
    UsageFault_Handler                       0x0800c0c5   Thumb Code     2  stm32h7xx_it.o(i.UsageFault_Handler)
    WitDelayMsRegister                       0x0800c0c9   Thumb Code    18  wit_c_sdk.o(i.WitDelayMsRegister)
    WitInit                                  0x0800c0e1   Thumb Code    22  wit_c_sdk.o(i.WitInit)
    WitReadReg                               0x0800c0fd   Thumb Code   350  wit_c_sdk.o(i.WitReadReg)
    WitRegisterCallBack                      0x0800c265   Thumb Code    18  wit_c_sdk.o(i.WitRegisterCallBack)
    WitSerialWriteRegister                   0x0800c27d   Thumb Code    18  wit_c_sdk.o(i.WitSerialWriteRegister)
    __0sprintf                               0x0800c295   Thumb Code    34  printfa.o(i.__0sprintf)
    __1sprintf                               0x0800c295   Thumb Code     0  printfa.o(i.__0sprintf)
    __2sprintf                               0x0800c295   Thumb Code     0  printfa.o(i.__0sprintf)
    __c89sprintf                             0x0800c295   Thumb Code     0  printfa.o(i.__0sprintf)
    sprintf                                  0x0800c295   Thumb Code     0  printfa.o(i.__0sprintf)
    __scatterload_copy                       0x0800c309   Thumb Code    14  handlers.o(i.__scatterload_copy)
    __scatterload_null                       0x0800c317   Thumb Code     2  handlers.o(i.__scatterload_null)
    __scatterload_zeroinit                   0x0800c319   Thumb Code    14  handlers.o(i.__scatterload_zeroinit)
    arm_biquad_cascade_df1_init_f32          0x0800cbbd   Thumb Code    22  filteringfunctions.o(i.arm_biquad_cascade_df1_init_f32)
    arm_fir_f32                              0x0800cbd5   Thumb Code   104  filteringfunctions.o(i.arm_fir_f32)
    arm_fir_init_f32                         0x0800cc41   Thumb Code    28  filteringfunctions.o(i.arm_fir_init_f32)
    arm_iir_init_LP                          0x0800cc5d   Thumb Code   164  iir.o(i.arm_iir_init_LP)
    configureTimerForRunTimeStats            0x0800cd2d   Thumb Code     8  main.o(i.configureTimerForRunTimeStats)
    eTaskGetState                            0x0800cd39   Thumb Code   114  tasks.o(i.eTaskGetState)
    free                                     0x0800cdb5   Thumb Code    76  malloc.o(i.free)
    getRunTimeCounterValue                   0x0800ce05   Thumb Code     6  main.o(i.getRunTimeCounterValue)
    main                                     0x0800ce21   Thumb Code   428  main.o(i.main)
    malloc                                   0x0800d02d   Thumb Code    92  malloc.o(i.malloc)
    osDelay                                  0x0800d099   Thumb Code    16  cmsis_os.o(i.osDelay)
    osKernelStart                            0x0800d0a9   Thumb Code    10  cmsis_os.o(i.osKernelStart)
    osSemaphoreCreate                        0x0800d0b3   Thumb Code    88  cmsis_os.o(i.osSemaphoreCreate)
    osThreadCreate                           0x0800d10b   Thumb Code    88  cmsis_os.o(i.osThreadCreate)
    osTimerCreate                            0x0800d165   Thumb Code    56  cmsis_os.o(i.osTimerCreate)
    osTimerStart                             0x0800d1a1   Thumb Code    96  cmsis_os.o(i.osTimerStart)
    pvPortMalloc                             0x0800db0d   Thumb Code   214  heap_4.o(i.pvPortMalloc)
    pxPortInitialiseStack                    0x0800dbe9   Thumb Code    30  port.o(i.pxPortInitialiseStack)
    uxListRemove                             0x0800dc0d   Thumb Code    38  list.o(i.uxListRemove)
    uxTaskGetSystemState                     0x0800dc35   Thumb Code   162  tasks.o(i.uxTaskGetSystemState)
    vApplicationGetIdleTaskMemory            0x0800dce1   Thumb Code    16  freertos.o(i.vApplicationGetIdleTaskMemory)
    vApplicationGetTimerTaskMemory           0x0800dcf5   Thumb Code    18  freertos.o(i.vApplicationGetTimerTaskMemory)
    vListInitialise                          0x0800dd0d   Thumb Code    22  list.o(i.vListInitialise)
    vListInitialiseItem                      0x0800dd23   Thumb Code     6  list.o(i.vListInitialiseItem)
    vListInsert                              0x0800dd29   Thumb Code    48  list.o(i.vListInsert)
    vListInsertEnd                           0x0800dd59   Thumb Code    24  list.o(i.vListInsertEnd)
    vPortEnterCritical                       0x0800dd71   Thumb Code    54  port.o(i.vPortEnterCritical)
    vPortExitCritical                        0x0800ddb1   Thumb Code    38  port.o(i.vPortExitCritical)
    vPortFree                                0x0800dddd   Thumb Code    94  heap_4.o(i.vPortFree)
    vPortSetupTimerInterrupt                 0x0800de41   Thumb Code    32  port.o(i.vPortSetupTimerInterrupt)
    vPortValidateInterruptPriority           0x0800de65   Thumb Code    74  port.o(i.vPortValidateInterruptPriority)
    vQueueAddToRegistry                      0x0800deb9   Thumb Code    32  queue.o(i.vQueueAddToRegistry)
    vQueueWaitForMessageRestricted           0x0800dedd   Thumb Code    70  queue.o(i.vQueueWaitForMessageRestricted)
    vTaskDelay                               0x0800df25   Thumb Code    70  tasks.o(i.vTaskDelay)
    vTaskGetInfo                             0x0800df75   Thumb Code   114  tasks.o(i.vTaskGetInfo)
    vTaskGetRunTimeStats                     0x0800dfed   Thumb Code   136  tasks.o(i.vTaskGetRunTimeStats)
    vTaskInternalSetTimeOutState             0x0800e091   Thumb Code    12  tasks.o(i.vTaskInternalSetTimeOutState)
    vTaskMissedYield                         0x0800e0a1   Thumb Code     8  tasks.o(i.vTaskMissedYield)
    vTaskPlaceOnEventList                    0x0800e0ad   Thumb Code    46  tasks.o(i.vTaskPlaceOnEventList)
    vTaskPlaceOnEventListRestricted          0x0800e0e1   Thumb Code    54  tasks.o(i.vTaskPlaceOnEventListRestricted)
    vTaskStartScheduler                      0x0800e11d   Thumb Code   130  tasks.o(i.vTaskStartScheduler)
    vTaskSuspendAll                          0x0800e1b1   Thumb Code    10  tasks.o(i.vTaskSuspendAll)
    vTaskSwitchContext                       0x0800e1c1   Thumb Code   112  tasks.o(i.vTaskSwitchContext)
    xPortStartScheduler                      0x0800e239   Thumb Code   222  port.o(i.xPortStartScheduler)
    xQueueCreateCountingSemaphore            0x0800e32d   Thumb Code    60  queue.o(i.xQueueCreateCountingSemaphore)
    xQueueCreateCountingSemaphoreStatic      0x0800e369   Thumb Code    66  queue.o(i.xQueueCreateCountingSemaphoreStatic)
    xQueueGenericCreate                      0x0800e3ab   Thumb Code    68  queue.o(i.xQueueGenericCreate)
    xQueueGenericCreateStatic                0x0800e3ef   Thumb Code   108  queue.o(i.xQueueGenericCreateStatic)
    xQueueGenericReset                       0x0800e45d   Thumb Code   134  queue.o(i.xQueueGenericReset)
    xQueueGenericSend                        0x0800e4e9   Thumb Code   352  queue.o(i.xQueueGenericSend)
    xQueueGenericSendFromISR                 0x0800e64d   Thumb Code   192  queue.o(i.xQueueGenericSendFromISR)
    xQueueReceive                            0x0800e70d   Thumb Code   310  queue.o(i.xQueueReceive)
    xTaskCheckForTimeOut                     0x0800e849   Thumb Code   118  tasks.o(i.xTaskCheckForTimeOut)
    xTaskCreate                              0x0800e8c5   Thumb Code   100  tasks.o(i.xTaskCreate)
    xTaskCreateStatic                        0x0800e929   Thumb Code    92  tasks.o(i.xTaskCreateStatic)
    xTaskGetSchedulerState                   0x0800e985   Thumb Code    24  tasks.o(i.xTaskGetSchedulerState)
    xTaskGetTickCount                        0x0800e9a1   Thumb Code     6  tasks.o(i.xTaskGetTickCount)
    xTaskIncrementTick                       0x0800e9ad   Thumb Code   198  tasks.o(i.xTaskIncrementTick)
    xTaskPriorityDisinherit                  0x0800ea7d   Thumb Code   144  tasks.o(i.xTaskPriorityDisinherit)
    xTaskRemoveFromEventList                 0x0800eb15   Thumb Code   114  tasks.o(i.xTaskRemoveFromEventList)
    xTaskResumeAll                           0x0800eb91   Thumb Code   192  tasks.o(i.xTaskResumeAll)
    xTimerCreate                             0x0800ec5d   Thumb Code    52  timers.o(i.xTimerCreate)
    xTimerCreateStatic                       0x0800ec91   Thumb Code    52  timers.o(i.xTimerCreateStatic)
    xTimerCreateTimerTask                    0x0800ecc5   Thumb Code    86  timers.o(i.xTimerCreateTimerTask)
    xTimerGenericCommand                     0x0800ed2d   Thumb Code    98  timers.o(i.xTimerGenericCommand)
    IIRCoeffs32LP                            0x0800ed94   Data          40  motorcontrol.o(.constdata)
    IIRCoeffs32LP_Motor                      0x0800edbc   Data          40  iir.o(.constdata)
    Dynamixel_crc_table                      0x0800efe4   Data         512  fpga_motor_driver.o(.constdata)
    UARTPrescTable                           0x0800f504   Data          24  stm32h7xx_hal_uart.o(.constdata)
    D1CorePrescTable                         0x0800f52c   Data          16  system_stm32h7xx.o(.constdata)
    Region$$Table$$Base                      0x0800f57c   Number         0  anon$$obj.o(Region$$Table)
    Region$$Table$$Limit                     0x0800f59c   Number         0  anon$$obj.o(Region$$Table)
    MB85RC16_Default_I2C_Addr                0x24000000   Data           1  mb85rc1m.o(.data)
    ScaleValue_LP_Motor                      0x24000004   Data           4  iir.o(.data)
    BL1                                      0x24000008   Data           4  iir.o(.data)
    BL2                                      0x2400000c   Data           4  iir.o(.data)
    FIR_blockSize                            0x24000010   Data           4  iir.o(.data)
    B1                                       0x24000014   Data          84  iir.o(.data)
    B2                                       0x24000068   Data          84  iir.o(.data)
    IMU_TX_Buf                               0x240000e4   Data           8  wit_c_sdk.o(.data)
    EMG1RMSValue                             0x240000ec   Data           8  main.o(.data)
    EMG2RMSValue                             0x240000f4   Data           8  main.o(.data)
    USART_RX_TIMESTAMP                       0x240000fc   Data           4  main.o(.data)
    ADC_DATA                                 0x24000100   Data         128  adc.o(.ARM.__at_0x24000100)
    g_osRuntimeCounter                       0x24000180   Data           4  main.o(.data)
    CurRX_IMU                                0x2400018a   Data           1  freertos.o(.data)
    Motor1ReceiveFlag                        0x2400018b   Data           1  freertos.o(.data)
    Motor2ReceiveFlag                        0x2400018c   Data           1  freertos.o(.data)
    RightInsoleReceiveFlag                   0x2400018d   Data           1  freertos.o(.data)
    LeftInsoleReceiveFlag                    0x2400018e   Data           1  freertos.o(.data)
    CRC_H                                    0x2400018f   Data           1  freertos.o(.data)
    CRC_L                                    0x24000190   Data           1  freertos.o(.data)
    ControlState                             0x24000192   Data           2  freertos.o(.data)
    ControlState_old                         0x24000194   Data           2  freertos.o(.data)
    curMSEC                                  0x24000196   Data           2  freertos.o(.data)
    GaitTriggerEvent                         0x24000198   Data           2  freertos.o(.data)
    DesireForce                              0x2400019a   Data           2  freertos.o(.data)
    RightPressureSum                         0x2400019c   Data           2  freertos.o(.data)
    LeftPressureSum                          0x2400019e   Data           2  freertos.o(.data)
    RightPressureSum_old                     0x240001a0   Data           2  freertos.o(.data)
    LeftPressureSum_old                      0x240001a2   Data           2  freertos.o(.data)
    RightInsoleCRC                           0x240001a4   Data           2  freertos.o(.data)
    LeftInsoleCRC                            0x240001a6   Data           2  freertos.o(.data)
    RemotePinState                           0x240001a8   Data           3  freertos.o(.data)
    LoadCellForceU16                         0x240001ac   Data           4  freertos.o(.data)
    WData                                    0x240001b0   Data           4  freertos.o(.data)
    IMU_R_Enq_Num                            0x240001b4   Data           4  freertos.o(.data)
    IMU_L_Enq_Num                            0x240001b8   Data           4  freertos.o(.data)
    IMU_CTL_Enq_Num                          0x240001bc   Data           4  freertos.o(.data)
    IMU_R_RSP_Num                            0x240001c0   Data           4  freertos.o(.data)
    IMU_L_RSP_Num                            0x240001c4   Data           4  freertos.o(.data)
    IMU_CTL_RSP_Num                          0x240001c8   Data           4  freertos.o(.data)
    PC0_VolVal                               0x240001cc   Data           4  freertos.o(.data)
    PA5_VolVal                               0x240001d0   Data           4  freertos.o(.data)
    LoadCell1Buffer_Filtered                 0x240001d4   Data           4  freertos.o(.data)
    LoadCell2Buffer_Filtered                 0x240001d8   Data           4  freertos.o(.data)
    LoadCellForce1_f                         0x240001dc   Data           4  freertos.o(.data)
    controlOutput_TSA1                       0x240001e0   Data           4  freertos.o(.data)
    LoadCellForce2_f                         0x240001e4   Data           4  freertos.o(.data)
    controlOutput_TSA2                       0x240001e8   Data           4  freertos.o(.data)
    curPositionTarget_TSA1                   0x240001ec   Data           4  freertos.o(.data)
    tempCANFloat                             0x240001f0   Data           4  freertos.o(.data)
    TaskManagerHandle                        0x240001f4   Data           4  freertos.o(.data)
    TSA2ContollHandle                        0x240001f8   Data           4  freertos.o(.data)
    MotorStatDecodeHandle                    0x240001fc   Data           4  freertos.o(.data)
    IMU_TaskHandle                           0x24000200   Data           4  freertos.o(.data)
    StateRETHandle                           0x24000204   Data           4  freertos.o(.data)
    LoadCellCALHandle                        0x24000208   Data           4  freertos.o(.data)
    GetRTCTimeHandle                         0x2400020c   Data           4  freertos.o(.data)
    TaForceCALHandle                         0x24000210   Data           4  freertos.o(.data)
    ControllerPWRHandle                      0x24000214   Data           4  freertos.o(.data)
    CurrentPeriodCTRLHandle                  0x24000218   Data           4  freertos.o(.data)
    IMU_EnqHandle                            0x2400021c   Data           4  freertos.o(.data)
    ESPRetStateHandle                        0x24000220   Data           4  freertos.o(.data)
    GPSRetStateHandle                        0x24000224   Data           4  freertos.o(.data)
    Motor1RetStateHandle                     0x24000228   Data           4  freertos.o(.data)
    Motor2RetStateHandle                     0x2400022c   Data           4  freertos.o(.data)
    LoadCellForce                            0x24000230   Data           8  freertos.o(.data)
    Cu_Force                                 0x24000238   Data           8  freertos.o(.data)
    Ta_Force                                 0x24000240   Data           8  freertos.o(.data)
    q2_Motor                                 0x24000248   Data           8  freertos.o(.data)
    globalTime                               0x24000250   Data           8  freertos.o(.data)
    CANTXmessage                             0x24000258   Data           8  fdcan.o(.data)
    pointerIDX                               0x24000260   Data           1  fdcan.o(.data)
    TKEO1                                    0x24000264   Data           4  fdcan.o(.data)
    RMS1                                     0x24000268   Data           4  fdcan.o(.data)
    TKEO2                                    0x2400026c   Data           4  fdcan.o(.data)
    RMS2                                     0x24000270   Data           4  fdcan.o(.data)
    GRF_INSOLE1                              0x24000274   Data           6  fdcan.o(.data)
    GRF_INSOLE2                              0x2400027a   Data           6  fdcan.o(.data)
    CANRXmessage                             0x24000280   Data           8  fdcan.o(.data)
    rtcDate                                  0x24000288   Data           4  rtc.o(.data)
    uwTickFreq                               0x2400028c   Data           1  stm32h7xx_hal.o(.data)
    uwTickPrio                               0x24000290   Data           4  stm32h7xx_hal.o(.data)
    uwTick                                   0x24000294   Data           4  stm32h7xx_hal.o(.data)
    SystemCoreClock                          0x24000298   Data           4  system_stm32h7xx.o(.data)
    SystemD2Clock                            0x2400029c   Data           4  system_stm32h7xx.o(.data)
    pxCurrentTCB                             0x240002a0   Data           4  tasks.o(.data)
    __microlib_freelist                      0x24000324   Data           4  mvars.o(.data)
    __microlib_freelist_initialised          0x24000328   Data           4  mvars.o(.data)
    aa1                                      0x2400032c   Data          24  motorcontrol.o(.bss)
    aa2                                      0x24000344   Data          24  motorcontrol.o(.bss)
    Motor1_PresentCurrent                    0x2400035c   Data          16  motorcontrol.o(.bss)
    Motor1_PresentPosition                   0x2400036c   Data          16  motorcontrol.o(.bss)
    Motor1_PresentVelocity                   0x2400037c   Data          16  motorcontrol.o(.bss)
    Motor2_PresentCurrent                    0x2400038c   Data          16  motorcontrol.o(.bss)
    Motor2_PresentPosition                   0x2400039c   Data          16  motorcontrol.o(.bss)
    Motor2_PresentVelocity                   0x240003ac   Data          16  motorcontrol.o(.bss)
    Motor1_CTRLBuffer                        0x240003bc   Data          78  motorcontrol.o(.bss)
    Motor1_Return_Data                       0x2400040a   Data          32  motorcontrol.o(.bss)
    Motor2_CTRLBuffer                        0x2400042a   Data          78  motorcontrol.o(.bss)
    Motor2_Return_Data                       0x24000478   Data          32  motorcontrol.o(.bss)
    IIRStateF32LP_LoadcellS1                 0x24000498   Data          32  motorcontrol.o(.bss)
    IIRStateF32LP_LoadcellS2                 0x240004b8   Data          32  motorcontrol.o(.bss)
    LoadCell_LP_S1                           0x240004d8   Data          12  motorcontrol.o(.bss)
    LoadCell_LP_S2                           0x240004e4   Data          12  motorcontrol.o(.bss)
    FIR_pState1                              0x240004f0   Data          84  iir.o(.bss)
    FIR_pState2                              0x24000544   Data          84  iir.o(.bss)
    FIR_S1                                   0x24000598   Data          12  iir.o(.bss)
    FIR_S2                                   0x240005a4   Data          12  iir.o(.bss)
    sReg                                     0x240006b0   Data         288  wit_c_sdk.o(.bss)
    g_Set_motorStatus_Group1                 0x240007d0   Data         112  fpga_motor_driver.o(.bss)
    g_Set_motorStatus_Group2                 0x24000840   Data         112  fpga_motor_driver.o(.bss)
    g_txBuffer_Group1                        0x240008b0   Data          39  fpga_motor_driver.o(.bss)
    g_txBuffer_Group2                        0x240008d7   Data          39  fpga_motor_driver.o(.bss)
    g_motorStatus_feedback_Group1            0x24000900   Data         112  fpga_motor_driver.o(.bss)
    g_motorStatus_feedback_Group2            0x24000970   Data         112  fpga_motor_driver.o(.bss)
    tempMotor1_CTRLBuffer                    0x240009e0   Data          78  main.o(.bss)
    tempMotor2_CTRLBuffer                    0x24000a2e   Data          78  main.o(.bss)
    tempIMURX_Buffer                         0x24000a7c   Data          30  main.o(.bss)
    tempR_INSOLE_RX_Buffer                   0x24000a9a   Data         100  main.o(.bss)
    tempL_INSOLE_RX_Buffer                   0x24000afe   Data         100  main.o(.bss)
    R_INSOLE_RX_Buffer                       0x24000b62   Data         100  main.o(.bss)
    L_INSOLE_RX_Buffer                       0x24000bc6   Data         100  main.o(.bss)
    LoadCell1Buffer                          0x24000c2c   Data         200  freertos.o(.bss)
    LoadCell2Buffer                          0x24000cf4   Data         200  freertos.o(.bss)
    TempStateRetStr                          0x24000dbc   Data         100  freertos.o(.bss)
    ESPSendBuffer                            0x24000e20   Data        1500  freertos.o(.bss)
    IMURX_Buffer                             0x2400142e   Data          29  freertos.o(.bss)
    IMU_R                                    0x2400144c   Data         112  freertos.o(.bss)
    IMU_L                                    0x240014bc   Data         112  freertos.o(.bss)
    IMU_Controller                           0x2400152c   Data         112  freertos.o(.bss)
    CPU_RunInfo                              0x2400159c   Data         400  freertos.o(.bss)
    TSA1_PID_Struct                          0x2400172c   Data          32  freertos.o(.bss)
    TSA2_PID_Struct                          0x2400174c   Data          32  freertos.o(.bss)
    M1                                       0x24001e2c   Data          52  freertos.o(.bss)
    M2                                       0x24001e60   Data          52  freertos.o(.bss)
    M3                                       0x24001e94   Data          52  freertos.o(.bss)
    M4                                       0x24001ec8   Data          52  freertos.o(.bss)
    M5                                       0x24001efc   Data          52  freertos.o(.bss)
    M6                                       0x24001f30   Data          52  freertos.o(.bss)
    M7                                       0x24001f64   Data          52  freertos.o(.bss)
    M8                                       0x24001f98   Data          52  freertos.o(.bss)
    hadc1                                    0x24001fcc   Data         100  adc.o(.bss)
    hdma_adc1                                0x24002030   Data         120  adc.o(.bss)
    hcrc                                     0x240020a8   Data          36  crc.o(.bss)
    TXHeader                                 0x240020cc   Data          36  fdcan.o(.bss)
    RXHeader                                 0x240020f0   Data          40  fdcan.o(.bss)
    hfdcan1                                  0x24002118   Data         160  fdcan.o(.bss)
    hi2c1                                    0x240021b8   Data          84  i2c.o(.bss)
    hi2c2                                    0x2400220c   Data          84  i2c.o(.bss)
    rtcTime                                  0x24002260   Data          20  rtc.o(.bss)
    hrtc                                     0x24002274   Data          36  rtc.o(.bss)
    htim3                                    0x24002298   Data          76  tim.o(.bss)
    htim4                                    0x240022e4   Data          76  tim.o(.bss)
    htim6                                    0x24002330   Data          76  tim.o(.bss)
    htim17                                   0x2400237c   Data          76  tim.o(.bss)
    huart4                                   0x240023c8   Data         148  usart.o(.bss)
    huart5                                   0x2400245c   Data         148  usart.o(.bss)
    huart7                                   0x240024f0   Data         148  usart.o(.bss)
    huart8                                   0x24002584   Data         148  usart.o(.bss)
    huart3                                   0x24002618   Data         148  usart.o(.bss)
    hdma_uart4_tx                            0x240026ac   Data         120  usart.o(.bss)
    hdma_uart5_tx                            0x24002724   Data         120  usart.o(.bss)
    hdma_uart7_tx                            0x2400279c   Data         120  usart.o(.bss)
    hdma_uart8_tx                            0x24002814   Data         120  usart.o(.bss)
    hdma_usart3_tx                           0x2400288c   Data         120  usart.o(.bss)
    hdma_usart3_rx                           0x24002904   Data         120  usart.o(.bss)
    htim1                                    0x2400297c   Data          76  stm32h7xx_hal_timebase_tim.o(.bss)
    xQueueRegistry                           0x240029c8   Data          64  queue.o(.bss)
    __heap_base                              0x240067e8   Data           0  startup_stm32h743xx.o(HEAP)
    __heap_limit                             0x240069e8   Data           0  startup_stm32h743xx.o(HEAP)
    __initial_sp                             0x24006de8   Data           0  startup_stm32h743xx.o(STACK)
    str1                                     0x38000080   Data         100  motorcontrol.o(.ARM.__AT_0x38000080)
    str2                                     0x38000180   Data         100  motorcontrol.o(.ARM.__AT_0x38000180)
    _dbg_Buff                                0x38000580   Data         150  freertos.o(.ARM.__AT_0x38000580)



==============================================================================

Memory Map of the image

  Image Entry point : 0x08000299

  Load Region LR_IROM1 (Base: 0x08000000, Size: 0x0000f8c8, Max: 0x00200000, ABSOLUTE, COMPRESSED[0x0000f608])

    Execution Region ER_IROM1 (Exec base: 0x08000000, Load base: 0x08000000, Size: 0x0000f59c, Max: 0x00200000, ABSOLUTE)

    Exec Addr    Load Addr    Size         Type   Attr      Idx    E Section Name        Object

    0x08000000   0x08000000   0x00000298   Data   RO            3    RESET               startup_stm32h743xx.o
    0x08000298   0x08000298   0x00000000   Code   RO        16466  * .ARM.Collect$$$$00000000  mc_w.l(entry.o)
    0x08000298   0x08000298   0x00000004   Code   RO        16836    .ARM.Collect$$$$00000001  mc_w.l(entry2.o)
    0x0800029c   0x0800029c   0x00000004   Code   RO        16839    .ARM.Collect$$$$00000004  mc_w.l(entry5.o)
    0x080002a0   0x080002a0   0x00000000   Code   RO        16841    .ARM.Collect$$$$00000008  mc_w.l(entry7b.o)
    0x080002a0   0x080002a0   0x00000000   Code   RO        16843    .ARM.Collect$$$$0000000A  mc_w.l(entry8b.o)
    0x080002a0   0x080002a0   0x00000008   Code   RO        16844    .ARM.Collect$$$$0000000B  mc_w.l(entry9a.o)
    0x080002a8   0x080002a8   0x00000004   Code   RO        16851    .ARM.Collect$$$$0000000E  mc_w.l(entry12b.o)
    0x080002ac   0x080002ac   0x00000000   Code   RO        16846    .ARM.Collect$$$$0000000F  mc_w.l(entry10a.o)
    0x080002ac   0x080002ac   0x00000000   Code   RO        16848    .ARM.Collect$$$$00000011  mc_w.l(entry11a.o)
    0x080002ac   0x080002ac   0x00000004   Code   RO        16837    .ARM.Collect$$$$00002712  mc_w.l(entry2.o)
    0x080002b0   0x080002b0   0x000000be   Code   RO         9606    .emb_text           port.o
    0x0800036e   0x0800036e   0x00000002   PAD
    0x08000370   0x08000370   0x00000024   Code   RO            4    .text               startup_stm32h743xx.o
    0x08000394   0x08000394   0x00000062   Code   RO        16469    .text               mc_w.l(uldiv.o)
    0x080003f6   0x080003f6   0x0000001e   Code   RO        16473    .text               mc_w.l(llshl.o)
    0x08000414   0x08000414   0x00000024   Code   RO        16475    .text               mc_w.l(llsshr.o)
    0x08000438   0x08000438   0x00000024   Code   RO        16477    .text               mc_w.l(memcpya.o)
    0x0800045c   0x0800045c   0x00000024   Code   RO        16481    .text               mc_w.l(memseta.o)
    0x08000480   0x08000480   0x0000000e   Code   RO        16485    .text               mc_w.l(strlen.o)
    0x0800048e   0x0800048e   0x00000012   Code   RO        16487    .text               mc_w.l(strcpy.o)
    0x080004a0   0x080004a0   0x0000002c   Code   RO        16855    .text               mc_w.l(uidiv.o)
    0x080004cc   0x080004cc   0x00000020   Code   RO        16857    .text               mc_w.l(llushr.o)
    0x080004ec   0x080004ec   0x00000000   Code   RO        16868    .text               mc_w.l(iusefp.o)
    0x080004ec   0x080004ec   0x0000014e   Code   RO        16869    .text               mf_w.l(dadd.o)
    0x0800063a   0x0800063a   0x000000e4   Code   RO        16871    .text               mf_w.l(dmul.o)
    0x0800071e   0x0800071e   0x000000de   Code   RO        16873    .text               mf_w.l(ddiv.o)
    0x080007fc   0x080007fc   0x00000030   Code   RO        16875    .text               mf_w.l(dfixul.o)
    0x0800082c   0x0800082c   0x00000030   Code   RO        16877    .text               mf_w.l(cdrcmple.o)
    0x0800085c   0x0800085c   0x00000024   Code   RO        16887    .text               mc_w.l(init.o)
    0x08000880   0x08000880   0x000000ba   Code   RO        16891    .text               mf_w.l(depilogue.o)
    0x0800093a   0x0800093a   0x00000056   Code   RO        16901    .text               mc_w.l(__dczerorl2.o)
    0x08000990   0x08000990   0x00000128   Code   RO         3452    i.ADC_ConfigureBoostMode  stm32h7xx_hal_adc.o
    0x08000ab8   0x08000ab8   0x0000007e   Code   RO         3454    i.ADC_DMAConvCplt   stm32h7xx_hal_adc.o
    0x08000b36   0x08000b36   0x0000001a   Code   RO         3455    i.ADC_DMAError      stm32h7xx_hal_adc.o
    0x08000b50   0x08000b50   0x0000000a   Code   RO         3456    i.ADC_DMAHalfConvCplt  stm32h7xx_hal_adc.o
    0x08000b5a   0x08000b5a   0x00000002   PAD
    0x08000b5c   0x08000b5c   0x00000084   Code   RO         3457    i.ADC_Disable       stm32h7xx_hal_adc.o
    0x08000be0   0x08000be0   0x000000c0   Code   RO         3458    i.ADC_Enable        stm32h7xx_hal_adc.o
    0x08000ca0   0x08000ca0   0x00000018   Code   RO          959    i.AmpereToCurrentValue  fpga_motor_driver.o
    0x08000cb8   0x08000cb8   0x00000002   Code   RO         2214    i.BusFault_Handler  stm32h7xx_it.o
    0x08000cba   0x08000cba   0x00000002   PAD
    0x08000cbc   0x08000cbc   0x00000028   Code   RO         1860    i.CAN_senddata      fdcan.o
    0x08000ce4   0x08000ce4   0x0000000c   Code   RO         1470    i.CTRLLERPWR        freertos.o
    0x08000cf0   0x08000cf0   0x0000002c   Code   RO          960    i.CalculateChecksum  fpga_motor_driver.o
    0x08000d1c   0x08000d1c   0x00000058   Code   RO         1472    i.CopeSensorData    freertos.o
    0x08000d74   0x08000d74   0x00000084   Code   RO         1473    i.CurrentPeriodCTRLFUN  freertos.o
    0x08000df8   0x08000df8   0x00000018   Code   RO          961    i.CurrentToAmpere   fpga_motor_driver.o
    0x08000e10   0x08000e10   0x0000000c   Code   RO         2215    i.DMA1_Stream0_IRQHandler  stm32h7xx_it.o
    0x08000e1c   0x08000e1c   0x0000000c   Code   RO         2216    i.DMA1_Stream2_IRQHandler  stm32h7xx_it.o
    0x08000e28   0x08000e28   0x0000000c   Code   RO         2217    i.DMA1_Stream3_IRQHandler  stm32h7xx_it.o
    0x08000e34   0x08000e34   0x0000000c   Code   RO         2218    i.DMA1_Stream4_IRQHandler  stm32h7xx_it.o
    0x08000e40   0x08000e40   0x0000000c   Code   RO         2219    i.DMA1_Stream5_IRQHandler  stm32h7xx_it.o
    0x08000e4c   0x08000e4c   0x0000000c   Code   RO         2220    i.DMA1_Stream6_IRQHandler  stm32h7xx_it.o
    0x08000e58   0x08000e58   0x0000000c   Code   RO         2221    i.DMA2_Stream0_IRQHandler  stm32h7xx_it.o
    0x08000e64   0x08000e64   0x000000c0   Code   RO         4625    i.DMA_CalcBaseAndBitshift  stm32h7xx_hal_dma.o
    0x08000f24   0x08000f24   0x000000a0   Code   RO         4626    i.DMA_CalcDMAMUXChannelBaseAndMask  stm32h7xx_hal_dma.o
    0x08000fc4   0x08000fc4   0x0000007c   Code   RO         4627    i.DMA_CalcDMAMUXRequestGenBaseAndMask  stm32h7xx_hal_dma.o
    0x08001040   0x08001040   0x00000078   Code   RO         4628    i.DMA_CheckFifoParam  stm32h7xx_hal_dma.o
    0x080010b8   0x080010b8   0x0000023c   Code   RO         4629    i.DMA_SetConfig     stm32h7xx_hal_dma.o
    0x080012f4   0x080012f4   0x00000002   Code   RO         2222    i.DebugMon_Handler  stm32h7xx_it.o
    0x080012f6   0x080012f6   0x00000004   Code   RO         1474    i.Delayms           freertos.o
    0x080012fa   0x080012fa   0x00000004   Code   RO         1140    i.Error_Handler     main.o
    0x080012fe   0x080012fe   0x00000002   PAD
    0x08001300   0x08001300   0x0000008c   Code   RO         1861    i.FDCAN1_Config     fdcan.o
    0x0800138c   0x0800138c   0x0000000c   Code   RO         2223    i.FDCAN1_IT0_IRQHandler  stm32h7xx_it.o
    0x08001398   0x08001398   0x000001b0   Code   RO         6501    i.FDCAN_CalcultateRamBlockAddresses  stm32h7xx_hal_fdcan.o
    0x08001548   0x08001548   0x00000074   Code   RO         6502    i.FDCAN_CopyMessageToRAM  stm32h7xx_hal_fdcan.o
    0x080015bc   0x080015bc   0x00000084   Code   RO         1475    i.GetRTCTimeFUN     freertos.o
    0x08001640   0x08001640   0x000000a4   Code   RO         3679    i.HAL_ADCEx_Calibration_Start  stm32h7xx_hal_adc_ex.o
    0x080016e4   0x080016e4   0x00000128   Code   RO         3699    i.HAL_ADCEx_MultiModeConfigChannel  stm32h7xx_hal_adc_ex.o
    0x0800180c   0x0800180c   0x00000400   Code   RO         3460    i.HAL_ADC_ConfigChannel  stm32h7xx_hal_adc.o
    0x08001c0c   0x08001c0c   0x0000002c   Code   RO         1735    i.HAL_ADC_ConvCpltCallback  adc.o
    0x08001c38   0x08001c38   0x0000002c   Code   RO         1736    i.HAL_ADC_ConvHalfCpltCallback  adc.o
    0x08001c64   0x08001c64   0x00000002   Code   RO         3464    i.HAL_ADC_ErrorCallback  stm32h7xx_hal_adc.o
    0x08001c66   0x08001c66   0x00000002   PAD
    0x08001c68   0x08001c68   0x0000022c   Code   RO         3469    i.HAL_ADC_Init      stm32h7xx_hal_adc.o
    0x08001e94   0x08001e94   0x00000118   Code   RO         1738    i.HAL_ADC_MspInit   adc.o
    0x08001fac   0x08001fac   0x0000010c   Code   RO         3476    i.HAL_ADC_Start_DMA  stm32h7xx_hal_adc.o
    0x080020b8   0x080020b8   0x00000062   Code   RO         6467    i.HAL_CRCEx_Polynomial_Set  stm32h7xx_hal_crc_ex.o
    0x0800211a   0x0800211a   0x00000002   PAD
    0x0800211c   0x0800211c   0x00000080   Code   RO         6401    i.HAL_CRC_Init      stm32h7xx_hal_crc.o
    0x0800219c   0x0800219c   0x00000028   Code   RO         1795    i.HAL_CRC_MspInit   crc.o
    0x080021c4   0x080021c4   0x0000037c   Code   RO         4630    i.HAL_DMA_Abort     stm32h7xx_hal_dma.o
    0x08002540   0x08002540   0x000002b0   Code   RO         4631    i.HAL_DMA_Abort_IT  stm32h7xx_hal_dma.o
    0x080027f0   0x080027f0   0x000007a8   Code   RO         4635    i.HAL_DMA_IRQHandler  stm32h7xx_hal_dma.o
    0x08002f98   0x08002f98   0x000003fc   Code   RO         4636    i.HAL_DMA_Init      stm32h7xx_hal_dma.o
    0x08003394   0x08003394   0x000002ec   Code   RO         4640    i.HAL_DMA_Start_IT  stm32h7xx_hal_dma.o
    0x08003680   0x08003680   0x00000084   Code   RO         6504    i.HAL_FDCAN_ActivateNotification  stm32h7xx_hal_fdcan.o
    0x08003704   0x08003704   0x0000006c   Code   RO         6506    i.HAL_FDCAN_AddMessageToTxFifoQ  stm32h7xx_hal_fdcan.o
    0x08003770   0x08003770   0x00000002   Code   RO         6507    i.HAL_FDCAN_ClockCalibrationCallback  stm32h7xx_hal_fdcan.o
    0x08003772   0x08003772   0x00000054   Code   RO         6510    i.HAL_FDCAN_ConfigFifoWatermark  stm32h7xx_hal_fdcan.o
    0x080037c6   0x080037c6   0x00000088   Code   RO         6511    i.HAL_FDCAN_ConfigFilter  stm32h7xx_hal_fdcan.o
    0x0800384e   0x0800384e   0x00000030   Code   RO         6512    i.HAL_FDCAN_ConfigGlobalFilter  stm32h7xx_hal_fdcan.o
    0x0800387e   0x0800387e   0x00000022   Code   RO         6518    i.HAL_FDCAN_ConfigTxDelayCompensation  stm32h7xx_hal_fdcan.o
    0x080038a0   0x080038a0   0x00000024   Code   RO         6531    i.HAL_FDCAN_EnableTxDelayCompensation  stm32h7xx_hal_fdcan.o
    0x080038c4   0x080038c4   0x0000000e   Code   RO         1862    i.HAL_FDCAN_ErrorCallback  fdcan.o
    0x080038d2   0x080038d2   0x00000002   Code   RO         6534    i.HAL_FDCAN_ErrorStatusCallback  stm32h7xx_hal_fdcan.o
    0x080038d4   0x080038d4   0x000001a8   Code   RO         6545    i.HAL_FDCAN_GetRxMessage  stm32h7xx_hal_fdcan.o
    0x08003a7c   0x08003a7c   0x00000002   Code   RO         6551    i.HAL_FDCAN_HighPriorityMessageCallback  stm32h7xx_hal_fdcan.o
    0x08003a7e   0x08003a7e   0x00000002   PAD
    0x08003a80   0x08003a80   0x000002ec   Code   RO         6552    i.HAL_FDCAN_IRQHandler  stm32h7xx_hal_fdcan.o
    0x08003d6c   0x08003d6c   0x00000268   Code   RO         6553    i.HAL_FDCAN_Init    stm32h7xx_hal_fdcan.o
    0x08003fd4   0x08003fd4   0x00000098   Code   RO         1864    i.HAL_FDCAN_MspInit  fdcan.o
    0x0800406c   0x0800406c   0x00000002   Code   RO         6562    i.HAL_FDCAN_RxBufferNewMessageCallback  stm32h7xx_hal_fdcan.o
    0x0800406e   0x0800406e   0x00000002   PAD
    0x08004070   0x08004070   0x00000108   Code   RO         1865    i.HAL_FDCAN_RxFifo0Callback  fdcan.o
    0x08004178   0x08004178   0x00000002   Code   RO         6564    i.HAL_FDCAN_RxFifo1Callback  stm32h7xx_hal_fdcan.o
    0x0800417a   0x0800417a   0x00000030   Code   RO         6565    i.HAL_FDCAN_Start   stm32h7xx_hal_fdcan.o
    0x080041aa   0x080041aa   0x00000002   Code   RO         6587    i.HAL_FDCAN_TT_GlobalTimeCallback  stm32h7xx_hal_fdcan.o
    0x080041ac   0x080041ac   0x00000002   Code   RO         6588    i.HAL_FDCAN_TT_ScheduleSyncCallback  stm32h7xx_hal_fdcan.o
    0x080041ae   0x080041ae   0x00000002   Code   RO         6593    i.HAL_FDCAN_TT_StopWatchCallback  stm32h7xx_hal_fdcan.o
    0x080041b0   0x080041b0   0x00000002   Code   RO         6594    i.HAL_FDCAN_TT_TimeMarkCallback  stm32h7xx_hal_fdcan.o
    0x080041b2   0x080041b2   0x00000002   Code   RO         6595    i.HAL_FDCAN_TimeoutOccurredCallback  stm32h7xx_hal_fdcan.o
    0x080041b4   0x080041b4   0x00000002   Code   RO         6596    i.HAL_FDCAN_TimestampWraparoundCallback  stm32h7xx_hal_fdcan.o
    0x080041b6   0x080041b6   0x00000002   Code   RO         6597    i.HAL_FDCAN_TxBufferAbortCallback  stm32h7xx_hal_fdcan.o
    0x080041b8   0x080041b8   0x00000002   Code   RO         6598    i.HAL_FDCAN_TxBufferCompleteCallback  stm32h7xx_hal_fdcan.o
    0x080041ba   0x080041ba   0x00000002   Code   RO         6599    i.HAL_FDCAN_TxEventFifoCallback  stm32h7xx_hal_fdcan.o
    0x080041bc   0x080041bc   0x00000002   Code   RO         6600    i.HAL_FDCAN_TxFifoEmptyCallback  stm32h7xx_hal_fdcan.o
    0x080041be   0x080041be   0x00000002   PAD
    0x080041c0   0x080041c0   0x00000224   Code   RO         4478    i.HAL_GPIO_Init     stm32h7xx_hal_gpio.o
    0x080043e4   0x080043e4   0x0000000e   Code   RO         4480    i.HAL_GPIO_ReadPin  stm32h7xx_hal_gpio.o
    0x080043f2   0x080043f2   0x00000010   Code   RO         4481    i.HAL_GPIO_TogglePin  stm32h7xx_hal_gpio.o
    0x08004402   0x08004402   0x0000000e   Code   RO         4482    i.HAL_GPIO_WritePin  stm32h7xx_hal_gpio.o
    0x08004410   0x08004410   0x0000000c   Code   RO         5503    i.HAL_GetREVID      stm32h7xx_hal.o
    0x0800441c   0x0800441c   0x0000000c   Code   RO         5504    i.HAL_GetTick       stm32h7xx_hal.o
    0x08004428   0x08004428   0x0000005a   Code   RO         6269    i.HAL_I2CEx_ConfigAnalogFilter  stm32h7xx_hal_i2c_ex.o
    0x08004482   0x08004482   0x00000056   Code   RO         6270    i.HAL_I2CEx_ConfigDigitalFilter  stm32h7xx_hal_i2c_ex.o
    0x080044d8   0x080044d8   0x00000028   Code   RO         6273    i.HAL_I2CEx_EnableFastModePlus  stm32h7xx_hal_i2c_ex.o
    0x08004500   0x08004500   0x000000cc   Code   RO         5808    i.HAL_I2C_Init      stm32h7xx_hal_i2c.o
    0x080045cc   0x080045cc   0x0000016c   Code   RO         5821    i.HAL_I2C_Master_Transmit  stm32h7xx_hal_i2c.o
    0x08004738   0x08004738   0x000000f4   Code   RO         1952    i.HAL_I2C_MspInit   i2c.o
    0x0800482c   0x0800482c   0x00000010   Code   RO         5510    i.HAL_IncTick       stm32h7xx_hal.o
    0x0800483c   0x0800483c   0x0000005c   Code   RO         5511    i.HAL_Init          stm32h7xx_hal.o
    0x08004898   0x08004898   0x00000088   Code   RO         2395    i.HAL_InitTick      stm32h7xx_hal_timebase_tim.o
    0x08004920   0x08004920   0x00000054   Code   RO         5333    i.HAL_MPU_ConfigRegion  stm32h7xx_hal_cortex.o
    0x08004974   0x08004974   0x0000001c   Code   RO         5334    i.HAL_MPU_Disable   stm32h7xx_hal_cortex.o
    0x08004990   0x08004990   0x00000024   Code   RO         5336    i.HAL_MPU_Enable    stm32h7xx_hal_cortex.o
    0x080049b4   0x080049b4   0x00000024   Code   RO         2371    i.HAL_MspInit       stm32h7xx_hal_msp.o
    0x080049d8   0x080049d8   0x0000001a   Code   RO         5340    i.HAL_NVIC_EnableIRQ  stm32h7xx_hal_cortex.o
    0x080049f2   0x080049f2   0x00000002   PAD
    0x080049f4   0x080049f4   0x00000040   Code   RO         5346    i.HAL_NVIC_SetPriority  stm32h7xx_hal_cortex.o
    0x08004a34   0x08004a34   0x00000024   Code   RO         5347    i.HAL_NVIC_SetPriorityGrouping  stm32h7xx_hal_cortex.o
    0x08004a58   0x08004a58   0x00000058   Code   RO         5079    i.HAL_PWREx_ConfigSupply  stm32h7xx_hal_pwr_ex.o
    0x08004ab0   0x08004ab0   0x00000010   Code   RO         4961    i.HAL_PWR_EnableBkUpAccess  stm32h7xx_hal_pwr.o
    0x08004ac0   0x08004ac0   0x00000024   Code   RO         4029    i.HAL_RCCEx_GetD3PCLK1Freq  stm32h7xx_hal_rcc_ex.o
    0x08004ae4   0x08004ae4   0x000001c0   Code   RO         4030    i.HAL_RCCEx_GetPLL1ClockFreq  stm32h7xx_hal_rcc_ex.o
    0x08004ca4   0x08004ca4   0x000001c0   Code   RO         4031    i.HAL_RCCEx_GetPLL2ClockFreq  stm32h7xx_hal_rcc_ex.o
    0x08004e64   0x08004e64   0x000001c0   Code   RO         4032    i.HAL_RCCEx_GetPLL3ClockFreq  stm32h7xx_hal_rcc_ex.o
    0x08005024   0x08005024   0x000005ee   Code   RO         4034    i.HAL_RCCEx_GetPeriphCLKFreq  stm32h7xx_hal_rcc_ex.o
    0x08005612   0x08005612   0x00000002   PAD
    0x08005614   0x08005614   0x00000a04   Code   RO         4038    i.HAL_RCCEx_PeriphCLKConfig  stm32h7xx_hal_rcc_ex.o
    0x08006018   0x08006018   0x0000027c   Code   RO         3914    i.HAL_RCC_ClockConfig  stm32h7xx_hal_rcc.o
    0x08006294   0x08006294   0x00000060   Code   RO         3918    i.HAL_RCC_GetClockConfig  stm32h7xx_hal_rcc.o
    0x080062f4   0x080062f4   0x00000044   Code   RO         3919    i.HAL_RCC_GetHCLKFreq  stm32h7xx_hal_rcc.o
    0x08006338   0x08006338   0x00000024   Code   RO         3921    i.HAL_RCC_GetPCLK1Freq  stm32h7xx_hal_rcc.o
    0x0800635c   0x0800635c   0x00000024   Code   RO         3922    i.HAL_RCC_GetPCLK2Freq  stm32h7xx_hal_rcc.o
    0x08006380   0x08006380   0x000001b4   Code   RO         3923    i.HAL_RCC_GetSysClockFreq  stm32h7xx_hal_rcc.o
    0x08006534   0x08006534   0x00000684   Code   RO         3926    i.HAL_RCC_OscConfig  stm32h7xx_hal_rcc.o
    0x08006bb8   0x08006bb8   0x00000002   Code   RO         7263    i.HAL_RTCEx_AlarmBEventCallback  stm32h7xx_hal_rtc_ex.o
    0x08006bba   0x08006bba   0x00000002   Code   RO         7119    i.HAL_RTC_AlarmAEventCallback  stm32h7xx_hal_rtc.o
    0x08006bbc   0x08006bbc   0x00000058   Code   RO         7120    i.HAL_RTC_AlarmIRQHandler  stm32h7xx_hal_rtc.o
    0x08006c14   0x08006c14   0x00000044   Code   RO         7124    i.HAL_RTC_GetDate   stm32h7xx_hal_rtc.o
    0x08006c58   0x08006c58   0x00000054   Code   RO         7126    i.HAL_RTC_GetTime   stm32h7xx_hal_rtc.o
    0x08006cac   0x08006cac   0x000000a0   Code   RO         7127    i.HAL_RTC_Init      stm32h7xx_hal_rtc.o
    0x08006d4c   0x08006d4c   0x00000054   Code   RO         2000    i.HAL_RTC_MspInit   rtc.o
    0x08006da0   0x08006da0   0x000001ae   Code   RO         7132    i.HAL_RTC_SetAlarm_IT  stm32h7xx_hal_rtc.o
    0x08006f4e   0x08006f4e   0x00000002   PAD
    0x08006f50   0x08006f50   0x000000a4   Code   RO         7133    i.HAL_RTC_SetDate   stm32h7xx_hal_rtc.o
    0x08006ff4   0x08006ff4   0x000000cc   Code   RO         7134    i.HAL_RTC_SetTime   stm32h7xx_hal_rtc.o
    0x080070c0   0x080070c0   0x00000034   Code   RO         7135    i.HAL_RTC_WaitForSynchro  stm32h7xx_hal_rtc.o
    0x080070f4   0x080070f4   0x00000002   Code   RO         3161    i.HAL_TIMEx_Break2Callback  stm32h7xx_hal_tim_ex.o
    0x080070f6   0x080070f6   0x00000002   Code   RO         3162    i.HAL_TIMEx_BreakCallback  stm32h7xx_hal_tim_ex.o
    0x080070f8   0x080070f8   0x00000002   Code   RO         3163    i.HAL_TIMEx_CommutCallback  stm32h7xx_hal_tim_ex.o
    0x080070fa   0x080070fa   0x00000002   PAD
    0x080070fc   0x080070fc   0x000000a0   Code   RO         3183    i.HAL_TIMEx_MasterConfigSynchronization  stm32h7xx_hal_tim_ex.o
    0x0800719c   0x0800719c   0x0000004e   Code   RO         2436    i.HAL_TIM_Base_Init  stm32h7xx_hal_tim.o
    0x080071ea   0x080071ea   0x00000002   PAD
    0x080071ec   0x080071ec   0x00000090   Code   RO         2046    i.HAL_TIM_Base_MspInit  tim.o
    0x0800727c   0x0800727c   0x00000094   Code   RO         2441    i.HAL_TIM_Base_Start_IT  stm32h7xx_hal_tim.o
    0x08007310   0x08007310   0x00000108   Code   RO         2445    i.HAL_TIM_ConfigClockSource  stm32h7xx_hal_tim.o
    0x08007418   0x08007418   0x00000002   Code   RO         2470    i.HAL_TIM_IC_CaptureCallback  stm32h7xx_hal_tim.o
    0x0800741a   0x0800741a   0x00000152   Code   RO         2484    i.HAL_TIM_IRQHandler  stm32h7xx_hal_tim.o
    0x0800756c   0x0800756c   0x00000054   Code   RO         2047    i.HAL_TIM_MspPostInit  tim.o
    0x080075c0   0x080075c0   0x0000006e   Code   RO         2485    i.HAL_TIM_OC_ConfigChannel  stm32h7xx_hal_tim.o
    0x0800762e   0x0800762e   0x00000002   Code   RO         2487    i.HAL_TIM_OC_DelayElapsedCallback  stm32h7xx_hal_tim.o
    0x08007630   0x08007630   0x0000004e   Code   RO         2489    i.HAL_TIM_OC_Init   stm32h7xx_hal_tim.o
    0x0800767e   0x0800767e   0x00000002   Code   RO         2491    i.HAL_TIM_OC_MspInit  stm32h7xx_hal_tim.o
    0x08007680   0x08007680   0x00000002   Code   RO         2514    i.HAL_TIM_PWM_PulseFinishedCallback  stm32h7xx_hal_tim.o
    0x08007682   0x08007682   0x00000002   PAD
    0x08007684   0x08007684   0x00000128   Code   RO         2516    i.HAL_TIM_PWM_Start  stm32h7xx_hal_tim.o
    0x080077ac   0x080077ac   0x00000030   Code   RO         1141    i.HAL_TIM_PeriodElapsedCallback  main.o
    0x080077dc   0x080077dc   0x00000002   Code   RO         2527    i.HAL_TIM_TriggerCallback  stm32h7xx_hal_tim.o
    0x080077de   0x080077de   0x0000003e   Code   RO         7928    i.HAL_UARTEx_DisableFifoMode  stm32h7xx_hal_uart_ex.o
    0x0800781c   0x0800781c   0x0000004e   Code   RO         7935    i.HAL_UARTEx_ReceiveToIdle_IT  stm32h7xx_hal_uart_ex.o
    0x0800786a   0x0800786a   0x00000002   PAD
    0x0800786c   0x0800786c   0x00000128   Code   RO         1142    i.HAL_UARTEx_RxEventCallback  main.o
    0x08007994   0x08007994   0x00000002   Code   RO         7936    i.HAL_UARTEx_RxFifoFullCallback  stm32h7xx_hal_uart_ex.o
    0x08007996   0x08007996   0x0000004c   Code   RO         7937    i.HAL_UARTEx_SetRxFifoThreshold  stm32h7xx_hal_uart_ex.o
    0x080079e2   0x080079e2   0x0000004c   Code   RO         7938    i.HAL_UARTEx_SetTxFifoThreshold  stm32h7xx_hal_uart_ex.o
    0x08007a2e   0x08007a2e   0x00000002   Code   RO         7940    i.HAL_UARTEx_TxFifoEmptyCallback  stm32h7xx_hal_uart_ex.o
    0x08007a30   0x08007a30   0x00000002   Code   RO         7941    i.HAL_UARTEx_WakeupCallback  stm32h7xx_hal_uart_ex.o
    0x08007a32   0x08007a32   0x0000001e   Code   RO         2133    i.HAL_UART_ErrorCallback  usart.o
    0x08007a50   0x08007a50   0x00000394   Code   RO         7531    i.HAL_UART_IRQHandler  stm32h7xx_hal_uart.o
    0x08007de4   0x08007de4   0x00000070   Code   RO         7532    i.HAL_UART_Init     stm32h7xx_hal_uart.o
    0x08007e54   0x08007e54   0x00000398   Code   RO         2135    i.HAL_UART_MspInit  usart.o
    0x080081ec   0x080081ec   0x00000048   Code   RO         7537    i.HAL_UART_Receive_IT  stm32h7xx_hal_uart.o
    0x08008234   0x08008234   0x00000002   Code   RO         7539    i.HAL_UART_RxCpltCallback  stm32h7xx_hal_uart.o
    0x08008236   0x08008236   0x00000002   PAD
    0x08008238   0x08008238   0x00000090   Code   RO         7542    i.HAL_UART_Transmit_DMA  stm32h7xx_hal_uart.o
    0x080082c8   0x080082c8   0x00000098   Code   RO         7543    i.HAL_UART_Transmit_IT  stm32h7xx_hal_uart.o
    0x08008360   0x08008360   0x00000002   Code   RO         7544    i.HAL_UART_TxCpltCallback  stm32h7xx_hal_uart.o
    0x08008362   0x08008362   0x00000002   Code   RO         7545    i.HAL_UART_TxHalfCpltCallback  stm32h7xx_hal_uart.o
    0x08008364   0x08008364   0x00000002   Code   RO         2224    i.HardFault_Handler  stm32h7xx_it.o
    0x08008366   0x08008366   0x00000022   Code   RO         5855    i.I2C_Flush_TXDR    stm32h7xx_hal_i2c.o
    0x08008388   0x08008388   0x00000104   Code   RO         5863    i.I2C_IsErrorOccurred  stm32h7xx_hal_i2c.o
    0x0800848c   0x0800848c   0x00000030   Code   RO         5872    i.I2C_TransferConfig  stm32h7xx_hal_i2c.o
    0x080084bc   0x080084bc   0x0000007a   Code   RO         5874    i.I2C_WaitOnFlagUntilTimeout  stm32h7xx_hal_i2c.o
    0x08008536   0x08008536   0x00000056   Code   RO         5876    i.I2C_WaitOnSTOPFlagUntilTimeout  stm32h7xx_hal_i2c.o
    0x0800858c   0x0800858c   0x0000005a   Code   RO         5877    i.I2C_WaitOnTXISFlagUntilTimeout  stm32h7xx_hal_i2c.o
    0x080085e6   0x080085e6   0x00000002   PAD
    0x080085e8   0x080085e8   0x0000002c   Code   RO         1476    i.IMU_CRC16         freertos.o
    0x08008614   0x08008614   0x00000002   Code   RO         1477    i.IMU_EnqFUN        freertos.o
    0x08008616   0x08008616   0x00000002   PAD
    0x08008618   0x08008618   0x000005c4   Code   RO         1478    i.IMU_TaskFUN       freertos.o
    0x08008bdc   0x08008bdc   0x00000008   Code   RO         3481    i.LL_ADC_INJ_IsConversionOngoing  stm32h7xx_hal_adc.o
    0x08008be4   0x08008be4   0x00000008   Code   RO         3482    i.LL_ADC_IsEnabled  stm32h7xx_hal_adc.o
    0x08008bec   0x08008bec   0x00000008   Code   RO         3483    i.LL_ADC_REG_IsConversionOngoing  stm32h7xx_hal_adc.o
    0x08008bf4   0x08008bf4   0x00000008   Code   RO         3710    i.LL_ADC_REG_IsConversionOngoing  stm32h7xx_hal_adc_ex.o
    0x08008bfc   0x08008bfc   0x00000010   Code   RO         3484    i.LL_ADC_REG_IsTriggerSourceSWStart  stm32h7xx_hal_adc.o
    0x08008c0c   0x08008c0c   0x0000001e   Code   RO         3486    i.LL_ADC_SetChannelSamplingTime  stm32h7xx_hal_adc.o
    0x08008c2a   0x08008c2a   0x00000002   PAD
    0x08008c2c   0x08008c2c   0x000001ac   Code   RO         1479    i.LoadCellCALFUN    freertos.o
    0x08008dd8   0x08008dd8   0x0000006c   Code   RO          626    i.MB85RC1M_Write    mb85rc1m.o
    0x08008e44   0x08008e44   0x0000004e   Code   RO         1143    i.MPU_Config        main.o
    0x08008e92   0x08008e92   0x00000002   PAD
    0x08008e94   0x08008e94   0x000000e0   Code   RO         1739    i.MX_ADC1_Init      adc.o
    0x08008f74   0x08008f74   0x00000030   Code   RO         1796    i.MX_CRC_Init       crc.o
    0x08008fa4   0x08008fa4   0x0000009c   Code   RO         1836    i.MX_DMA_Init       dma.o
    0x08009040   0x08009040   0x00000068   Code   RO         1866    i.MX_FDCAN1_Init    fdcan.o
    0x080090a8   0x080090a8   0x00000158   Code   RO         1480    i.MX_FREERTOS_Init  freertos.o
    0x08009200   0x08009200   0x00000104   Code   RO         1443    i.MX_GPIO_Init      gpio.o
    0x08009304   0x08009304   0x00000058   Code   RO         1953    i.MX_I2C1_Init      i2c.o
    0x0800935c   0x0800935c   0x0000005c   Code   RO         1954    i.MX_I2C2_Init      i2c.o
    0x080093b8   0x080093b8   0x000000bc   Code   RO         2001    i.MX_RTC_Init       rtc.o
    0x08009474   0x08009474   0x00000038   Code   RO         2048    i.MX_TIM17_Init     tim.o
    0x080094ac   0x080094ac   0x00000068   Code   RO         2049    i.MX_TIM3_Init      tim.o
    0x08009514   0x08009514   0x000000b0   Code   RO         2050    i.MX_TIM4_Init      tim.o
    0x080095c4   0x080095c4   0x00000048   Code   RO         2051    i.MX_TIM6_Init      tim.o
    0x0800960c   0x0800960c   0x00000068   Code   RO         2136    i.MX_UART4_Init     usart.o
    0x08009674   0x08009674   0x00000068   Code   RO         2137    i.MX_UART5_Init     usart.o
    0x080096dc   0x080096dc   0x00000068   Code   RO         2138    i.MX_UART7_Init     usart.o
    0x08009744   0x08009744   0x00000068   Code   RO         2139    i.MX_UART8_Init     usart.o
    0x080097ac   0x080097ac   0x00000068   Code   RO         2140    i.MX_USART3_UART_Init  usart.o
    0x08009814   0x08009814   0x00000002   Code   RO         2225    i.MemManage_Handler  stm32h7xx_it.o
    0x08009816   0x08009816   0x00000002   PAD
    0x08009818   0x08009818   0x00000100   Code   RO         1481    i.MotorStatDecodeFUN  freertos.o
    0x08009918   0x08009918   0x00000002   Code   RO         2226    i.NMI_Handler       stm32h7xx_it.o
    0x0800991a   0x0800991a   0x00000002   PAD
    0x0800991c   0x0800991c   0x0000002c   Code   RO          569    i.PID_Init          pid.o
    0x08009948   0x08009948   0x00000062   Code   RO          570    i.PID_Update        pid.o
    0x080099aa   0x080099aa   0x00000002   PAD
    0x080099ac   0x080099ac   0x00000018   Code   RO          964    i.PositionToTurns   fpga_motor_driver.o
    0x080099c4   0x080099c4   0x000000ac   Code   RO          965    i.ProcessFeedbackFrame_Group1  fpga_motor_driver.o
    0x08009a70   0x08009a70   0x000000ac   Code   RO          966    i.ProcessFeedbackFrame_Group2  fpga_motor_driver.o
    0x08009b1c   0x08009b1c   0x00000124   Code   RO         4041    i.RCCEx_PLL2_Config  stm32h7xx_hal_rcc_ex.o
    0x08009c40   0x08009c40   0x00000124   Code   RO         4042    i.RCCEx_PLL3_Config  stm32h7xx_hal_rcc_ex.o
    0x08009d64   0x08009d64   0x00000014   Code   RO          967    i.RPMToSpeed        fpga_motor_driver.o
    0x08009d78   0x08009d78   0x0000000c   Code   RO         2227    i.RTC_Alarm_IRQHandler  stm32h7xx_it.o
    0x08009d84   0x08009d84   0x00000012   Code   RO         7136    i.RTC_Bcd2ToByte    stm32h7xx_hal_rtc.o
    0x08009d96   0x08009d96   0x00000016   Code   RO         7137    i.RTC_ByteToBcd2    stm32h7xx_hal_rtc.o
    0x08009dac   0x08009dac   0x00000044   Code   RO         7138    i.RTC_EnterInitMode  stm32h7xx_hal_rtc.o
    0x08009df0   0x08009df0   0x00000054   Code   RO         7139    i.RTC_ExitInitMode  stm32h7xx_hal_rtc.o
    0x08009e44   0x08009e44   0x00000088   Code   RO          969    i.SendMotorControlFrame_Group2  fpga_motor_driver.o
    0x08009ecc   0x08009ecc   0x00000014   Code   RO         1482    i.SensorUartSend    freertos.o
    0x08009ee0   0x08009ee0   0x00000030   Code   RO          971    i.SetMotorCurrentAmpere_Group2  fpga_motor_driver.o
    0x08009f10   0x08009f10   0x0000001c   Code   RO          973    i.SetMotorMode_Group2  fpga_motor_driver.o
    0x08009f2c   0x08009f2c   0x00000030   Code   RO          975    i.SetMotorPositionTurns_Group2  fpga_motor_driver.o
    0x08009f5c   0x08009f5c   0x00000030   Code   RO          977    i.SetMotorSpeedRPM_Group2  fpga_motor_driver.o
    0x08009f8c   0x08009f8c   0x00000012   Code   RO          978    i.SpeedToRPM        fpga_motor_driver.o
    0x08009f9e   0x08009f9e   0x00000002   PAD
    0x08009fa0   0x08009fa0   0x00000540   Code   RO         1483    i.StateRETFUN       freertos.o
    0x0800a4e0   0x0800a4e0   0x00000014   Code   RO          980    i.StopAllMotors_Group2  fpga_motor_driver.o
    0x0800a4f4   0x0800a4f4   0x00000038   Code   RO          982    i.StopMotor_Group2  fpga_motor_driver.o
    0x0800a52c   0x0800a52c   0x0000002c   Code   RO         9607    i.SysTick_Handler   port.o
    0x0800a558   0x0800a558   0x000000f4   Code   RO         1144    i.SystemClock_Config  main.o
    0x0800a64c   0x0800a64c   0x000000dc   Code   RO         8052    i.SystemInit        system_stm32h7xx.o
    0x0800a728   0x0800a728   0x0000000c   Code   RO         2228    i.TIM17_IRQHandler  stm32h7xx_it.o
    0x0800a734   0x0800a734   0x0000000c   Code   RO         2229    i.TIM1_UP_IRQHandler  stm32h7xx_it.o
    0x0800a740   0x0800a740   0x000000d0   Code   RO         2529    i.TIM_Base_SetConfig  stm32h7xx_hal_tim.o
    0x0800a810   0x0800a810   0x0000001a   Code   RO         2530    i.TIM_CCxChannelCmd  stm32h7xx_hal_tim.o
    0x0800a82a   0x0800a82a   0x00000014   Code   RO         2540    i.TIM_ETR_SetConfig  stm32h7xx_hal_tim.o
    0x0800a83e   0x0800a83e   0x00000002   PAD
    0x0800a840   0x0800a840   0x00000014   Code   RO         2541    i.TIM_ITRx_SetConfig  stm32h7xx_hal_tim.o
    0x0800a854   0x0800a854   0x000000a0   Code   RO         2542    i.TIM_OC1_SetConfig  stm32h7xx_hal_tim.o
    0x0800a8f4   0x0800a8f4   0x00000094   Code   RO         2543    i.TIM_OC2_SetConfig  stm32h7xx_hal_tim.o
    0x0800a988   0x0800a988   0x00000094   Code   RO         2544    i.TIM_OC3_SetConfig  stm32h7xx_hal_tim.o
    0x0800aa1c   0x0800aa1c   0x00000074   Code   RO         2545    i.TIM_OC4_SetConfig  stm32h7xx_hal_tim.o
    0x0800aa90   0x0800aa90   0x00000070   Code   RO         2546    i.TIM_OC5_SetConfig  stm32h7xx_hal_tim.o
    0x0800ab00   0x0800ab00   0x00000070   Code   RO         2547    i.TIM_OC6_SetConfig  stm32h7xx_hal_tim.o
    0x0800ab70   0x0800ab70   0x00000022   Code   RO         2549    i.TIM_TI1_ConfigInputStage  stm32h7xx_hal_tim.o
    0x0800ab92   0x0800ab92   0x00000024   Code   RO         2551    i.TIM_TI2_ConfigInputStage  stm32h7xx_hal_tim.o
    0x0800abb6   0x0800abb6   0x00000002   PAD
    0x0800abb8   0x0800abb8   0x00000334   Code   RO         1485    i.TSA2ContollFUN    freertos.o
    0x0800aeec   0x0800aeec   0x00000060   Code   RO         1486    i.TaForceCALCallback  freertos.o
    0x0800af4c   0x0800af4c   0x00000178   Code   RO         1487    i.TaskManagerFUN    freertos.o
    0x0800b0c4   0x0800b0c4   0x00000018   Code   RO          983    i.TurnsToPosition   fpga_motor_driver.o
    0x0800b0dc   0x0800b0dc   0x0000000c   Code   RO         2230    i.UART4_IRQHandler  stm32h7xx_it.o
    0x0800b0e8   0x0800b0e8   0x0000000c   Code   RO         2231    i.UART5_IRQHandler  stm32h7xx_it.o
    0x0800b0f4   0x0800b0f4   0x0000001c   Code   RO         2232    i.UART7_IRQHandler  stm32h7xx_it.o
    0x0800b110   0x0800b110   0x0000000c   Code   RO         2233    i.UART8_IRQHandler  stm32h7xx_it.o
    0x0800b11c   0x0800b11c   0x00000048   Code   RO         7942    i.UARTEx_SetNbDataToProcess  stm32h7xx_hal_uart_ex.o
    0x0800b164   0x0800b164   0x000000c8   Code   RO         7546    i.UART_AdvFeatureConfig  stm32h7xx_hal_uart.o
    0x0800b22c   0x0800b22c   0x000000aa   Code   RO         7547    i.UART_CheckIdleState  stm32h7xx_hal_uart.o
    0x0800b2d6   0x0800b2d6   0x00000014   Code   RO         7548    i.UART_DMAAbortOnError  stm32h7xx_hal_uart.o
    0x0800b2ea   0x0800b2ea   0x00000050   Code   RO         7549    i.UART_DMAError     stm32h7xx_hal_uart.o
    0x0800b33a   0x0800b33a   0x00000042   Code   RO         7554    i.UART_DMATransmitCplt  stm32h7xx_hal_uart.o
    0x0800b37c   0x0800b37c   0x0000000a   Code   RO         7556    i.UART_DMATxHalfCplt  stm32h7xx_hal_uart.o
    0x0800b386   0x0800b386   0x00000002   PAD
    0x0800b388   0x0800b388   0x00000054   Code   RO         7558    i.UART_EndRxTransfer  stm32h7xx_hal_uart.o
    0x0800b3dc   0x0800b3dc   0x00000024   Code   RO         7559    i.UART_EndTransmit_IT  stm32h7xx_hal_uart.o
    0x0800b400   0x0800b400   0x0000002e   Code   RO         7560    i.UART_EndTxTransfer  stm32h7xx_hal_uart.o
    0x0800b42e   0x0800b42e   0x00000002   PAD
    0x0800b430   0x0800b430   0x000000c8   Code   RO         7561    i.UART_RxISR_16BIT  stm32h7xx_hal_uart.o
    0x0800b4f8   0x0800b4f8   0x000001a0   Code   RO         7562    i.UART_RxISR_16BIT_FIFOEN  stm32h7xx_hal_uart.o
    0x0800b698   0x0800b698   0x000000c8   Code   RO         7563    i.UART_RxISR_8BIT   stm32h7xx_hal_uart.o
    0x0800b760   0x0800b760   0x000001a0   Code   RO         7564    i.UART_RxISR_8BIT_FIFOEN  stm32h7xx_hal_uart.o
    0x0800b900   0x0800b900   0x00000490   Code   RO         7565    i.UART_SetConfig    stm32h7xx_hal_uart.o
    0x0800bd90   0x0800bd90   0x00000124   Code   RO         7567    i.UART_Start_Receive_IT  stm32h7xx_hal_uart.o
    0x0800beb4   0x0800beb4   0x00000052   Code   RO         7568    i.UART_TxISR_16BIT  stm32h7xx_hal_uart.o
    0x0800bf06   0x0800bf06   0x00000068   Code   RO         7569    i.UART_TxISR_16BIT_FIFOEN  stm32h7xx_hal_uart.o
    0x0800bf6e   0x0800bf6e   0x0000004e   Code   RO         7570    i.UART_TxISR_8BIT   stm32h7xx_hal_uart.o
    0x0800bfbc   0x0800bfbc   0x00000064   Code   RO         7571    i.UART_TxISR_8BIT_FIFOEN  stm32h7xx_hal_uart.o
    0x0800c020   0x0800c020   0x00000098   Code   RO         7572    i.UART_WaitOnFlagUntilTimeout  stm32h7xx_hal_uart.o
    0x0800c0b8   0x0800c0b8   0x0000000c   Code   RO         2234    i.USART3_IRQHandler  stm32h7xx_it.o
    0x0800c0c4   0x0800c0c4   0x00000002   Code   RO         2235    i.UsageFault_Handler  stm32h7xx_it.o
    0x0800c0c6   0x0800c0c6   0x00000002   PAD
    0x0800c0c8   0x0800c0c8   0x00000018   Code   RO          747    i.WitDelayMsRegister  wit_c_sdk.o
    0x0800c0e0   0x0800c0e0   0x0000001c   Code   RO          749    i.WitInit           wit_c_sdk.o
    0x0800c0fc   0x0800c0fc   0x00000168   Code   RO          750    i.WitReadReg        wit_c_sdk.o
    0x0800c264   0x0800c264   0x00000018   Code   RO          751    i.WitRegisterCallBack  wit_c_sdk.o
    0x0800c27c   0x0800c27c   0x00000018   Code   RO          753    i.WitSerialWriteRegister  wit_c_sdk.o
    0x0800c294   0x0800c294   0x00000028   Code   RO        16726    i.__0sprintf        mc_w.l(printfa.o)
    0x0800c2bc   0x0800c2bc   0x0000002c   Code   RO          764    i.__CRC16           wit_c_sdk.o
    0x0800c2e8   0x0800c2e8   0x00000020   Code   RO         5353    i.__NVIC_SetPriority  stm32h7xx_hal_cortex.o
    0x0800c308   0x0800c308   0x0000000e   Code   RO        16895    i.__scatterload_copy  mc_w.l(handlers.o)
    0x0800c316   0x0800c316   0x00000002   Code   RO        16896    i.__scatterload_null  mc_w.l(handlers.o)
    0x0800c318   0x0800c318   0x0000000e   Code   RO        16897    i.__scatterload_zeroinit  mc_w.l(handlers.o)
    0x0800c326   0x0800c326   0x00000002   PAD
    0x0800c328   0x0800c328   0x00000184   Code   RO        16731    i._fp_digits        mc_w.l(printfa.o)
    0x0800c4ac   0x0800c4ac   0x000006b4   Code   RO        16732    i._printf_core      mc_w.l(printfa.o)
    0x0800cb60   0x0800cb60   0x00000024   Code   RO        16733    i._printf_post_padding  mc_w.l(printfa.o)
    0x0800cb84   0x0800cb84   0x0000002e   Code   RO        16734    i._printf_pre_padding  mc_w.l(printfa.o)
    0x0800cbb2   0x0800cbb2   0x0000000a   Code   RO        16736    i._sputc            mc_w.l(printfa.o)
    0x0800cbbc   0x0800cbbc   0x00000016   Code   RO        11532    i.arm_biquad_cascade_df1_init_f32  filteringfunctions.o
    0x0800cbd2   0x0800cbd2   0x00000002   PAD
    0x0800cbd4   0x0800cbd4   0x0000006c   Code   RO        11581    i.arm_fir_f32       filteringfunctions.o
    0x0800cc40   0x0800cc40   0x0000001c   Code   RO        11585    i.arm_fir_init_f32  filteringfunctions.o
    0x0800cc5c   0x0800cc5c   0x000000d0   Code   RO          664    i.arm_iir_init_LP   iir.o
    0x0800cd2c   0x0800cd2c   0x0000000c   Code   RO         1145    i.configureTimerForRunTimeStats  main.o
    0x0800cd38   0x0800cd38   0x0000007c   Code   RO         8629    i.eTaskGetState     tasks.o
    0x0800cdb4   0x0800cdb4   0x00000050   Code   RO        16752    i.free              mc_w.l(malloc.o)
    0x0800ce04   0x0800ce04   0x0000000c   Code   RO         1146    i.getRunTimeCounterValue  main.o
    0x0800ce10   0x0800ce10   0x00000010   Code   RO         9182    i.inHandlerMode     cmsis_os.o
    0x0800ce20   0x0800ce20   0x00000200   Code   RO         1147    i.main              main.o
    0x0800d020   0x0800d020   0x0000000c   Code   RO         9184    i.makeFreeRtosPriority  cmsis_os.o
    0x0800d02c   0x0800d02c   0x0000006c   Code   RO        16753    i.malloc            mc_w.l(malloc.o)
    0x0800d098   0x0800d098   0x00000010   Code   RO         9186    i.osDelay           cmsis_os.o
    0x0800d0a8   0x0800d0a8   0x0000000a   Code   RO         9189    i.osKernelStart     cmsis_os.o
    0x0800d0b2   0x0800d0b2   0x00000058   Code   RO         9215    i.osSemaphoreCreate  cmsis_os.o
    0x0800d10a   0x0800d10a   0x00000058   Code   RO         9223    i.osThreadCreate    cmsis_os.o
    0x0800d162   0x0800d162   0x00000002   PAD
    0x0800d164   0x0800d164   0x0000003c   Code   RO         9234    i.osTimerCreate     cmsis_os.o
    0x0800d1a0   0x0800d1a0   0x00000064   Code   RO         9236    i.osTimerStart      cmsis_os.o
    0x0800d204   0x0800d204   0x00000070   Code   RO         8631    i.prvAddCurrentTaskToDelayedList  tasks.o
    0x0800d274   0x0800d274   0x0000008c   Code   RO         8632    i.prvAddNewTaskToReadyList  tasks.o
    0x0800d300   0x0800d300   0x00000058   Code   RO         9016    i.prvCheckForValidListAndQueue  timers.o
    0x0800d358   0x0800d358   0x0000003c   Code   RO         8633    i.prvCheckTasksWaitingTermination  tasks.o
    0x0800d394   0x0800d394   0x00000028   Code   RO         8245    i.prvCopyDataFromQueue  queue.o
    0x0800d3bc   0x0800d3bc   0x0000006e   Code   RO         8246    i.prvCopyDataToQueue  queue.o
    0x0800d42a   0x0800d42a   0x00000040   Code   RO         8634    i.prvDeleteTCB      tasks.o
    0x0800d46a   0x0800d46a   0x00000002   PAD
    0x0800d46c   0x0800d46c   0x00000024   Code   RO         9017    i.prvGetNextExpireTime  timers.o
    0x0800d490   0x0800d490   0x0000004c   Code   RO         9551    i.prvHeapInit       heap_4.o
    0x0800d4dc   0x0800d4dc   0x00000028   Code   RO         8635    i.prvIdleTask       tasks.o
    0x0800d504   0x0800d504   0x00000022   Code   RO         8249    i.prvInitialiseNewQueue  queue.o
    0x0800d526   0x0800d526   0x000000ac   Code   RO         8636    i.prvInitialiseNewTask  tasks.o
    0x0800d5d2   0x0800d5d2   0x00000050   Code   RO         9018    i.prvInitialiseNewTimer  timers.o
    0x0800d622   0x0800d622   0x00000002   PAD
    0x0800d624   0x0800d624   0x00000058   Code   RO         8637    i.prvInitialiseTaskLists  tasks.o
    0x0800d67c   0x0800d67c   0x00000054   Code   RO         9552    i.prvInsertBlockIntoFreeList  heap_4.o
    0x0800d6d0   0x0800d6d0   0x00000040   Code   RO         9019    i.prvInsertTimerInActiveList  timers.o
    0x0800d710   0x0800d710   0x0000001a   Code   RO         8250    i.prvIsQueueEmpty   queue.o
    0x0800d72a   0x0800d72a   0x0000001e   Code   RO         8251    i.prvIsQueueFull    queue.o
    0x0800d748   0x0800d748   0x0000005c   Code   RO         8638    i.prvListTasksWithinSingleList  tasks.o
    0x0800d7a4   0x0800d7a4   0x00000068   Code   RO         9020    i.prvProcessExpiredTimer  timers.o
    0x0800d80c   0x0800d80c   0x000000f0   Code   RO         9021    i.prvProcessReceivedCommands  timers.o
    0x0800d8fc   0x0800d8fc   0x0000006c   Code   RO         9022    i.prvProcessTimerOrBlockTask  timers.o
    0x0800d968   0x0800d968   0x00000024   Code   RO         8639    i.prvResetNextTaskUnblockTime  tasks.o
    0x0800d98c   0x0800d98c   0x0000002c   Code   RO         9023    i.prvSampleTimeNow  timers.o
    0x0800d9b8   0x0800d9b8   0x00000070   Code   RO         9024    i.prvSwitchTimerLists  timers.o
    0x0800da28   0x0800da28   0x00000014   Code   RO         8640    i.prvTaskCheckFreeStackSpace  tasks.o
    0x0800da3c   0x0800da3c   0x0000002c   Code   RO         9608    i.prvTaskExitError  port.o
    0x0800da68   0x0800da68   0x00000014   Code   RO         9025    i.prvTimerTask      timers.o
    0x0800da7c   0x0800da7c   0x0000006a   Code   RO         8252    i.prvUnlockQueue    queue.o
    0x0800dae6   0x0800dae6   0x00000024   Code   RO         8642    i.prvWriteNameToBuffer  tasks.o
    0x0800db0a   0x0800db0a   0x00000002   PAD
    0x0800db0c   0x0800db0c   0x000000dc   Code   RO         9553    i.pvPortMalloc      heap_4.o
    0x0800dbe8   0x0800dbe8   0x00000024   Code   RO         9609    i.pxPortInitialiseStack  port.o
    0x0800dc0c   0x0800dc0c   0x00000026   Code   RO         8205    i.uxListRemove      list.o
    0x0800dc32   0x0800dc32   0x00000002   PAD
    0x0800dc34   0x0800dc34   0x000000ac   Code   RO         8647    i.uxTaskGetSystemState  tasks.o
    0x0800dce0   0x0800dce0   0x00000014   Code   RO         1491    i.vApplicationGetIdleTaskMemory  freertos.o
    0x0800dcf4   0x0800dcf4   0x00000018   Code   RO         1492    i.vApplicationGetTimerTaskMemory  freertos.o
    0x0800dd0c   0x0800dd0c   0x00000016   Code   RO         8206    i.vListInitialise   list.o
    0x0800dd22   0x0800dd22   0x00000006   Code   RO         8207    i.vListInitialiseItem  list.o
    0x0800dd28   0x0800dd28   0x00000030   Code   RO         8208    i.vListInsert       list.o
    0x0800dd58   0x0800dd58   0x00000018   Code   RO         8209    i.vListInsertEnd    list.o
    0x0800dd70   0x0800dd70   0x00000040   Code   RO         9611    i.vPortEnterCritical  port.o
    0x0800ddb0   0x0800ddb0   0x0000002c   Code   RO         9612    i.vPortExitCritical  port.o
    0x0800dddc   0x0800dddc   0x00000064   Code   RO         9554    i.vPortFree         heap_4.o
    0x0800de40   0x0800de40   0x00000024   Code   RO         9613    i.vPortSetupTimerInterrupt  port.o
    0x0800de64   0x0800de64   0x00000054   Code   RO         9614    i.vPortValidateInterruptPriority  port.o
    0x0800deb8   0x0800deb8   0x00000024   Code   RO         8258    i.vQueueAddToRegistry  queue.o
    0x0800dedc   0x0800dedc   0x00000046   Code   RO         8262    i.vQueueWaitForMessageRestricted  queue.o
    0x0800df22   0x0800df22   0x00000002   PAD
    0x0800df24   0x0800df24   0x00000050   Code   RO         8652    i.vTaskDelay        tasks.o
    0x0800df74   0x0800df74   0x00000078   Code   RO         8655    i.vTaskGetInfo      tasks.o
    0x0800dfec   0x0800dfec   0x000000a4   Code   RO         8656    i.vTaskGetRunTimeStats  tasks.o
    0x0800e090   0x0800e090   0x00000010   Code   RO         8657    i.vTaskInternalSetTimeOutState  tasks.o
    0x0800e0a0   0x0800e0a0   0x0000000c   Code   RO         8659    i.vTaskMissedYield  tasks.o
    0x0800e0ac   0x0800e0ac   0x00000034   Code   RO         8661    i.vTaskPlaceOnEventList  tasks.o
    0x0800e0e0   0x0800e0e0   0x0000003c   Code   RO         8662    i.vTaskPlaceOnEventListRestricted  tasks.o
    0x0800e11c   0x0800e11c   0x00000094   Code   RO         8670    i.vTaskStartScheduler  tasks.o
    0x0800e1b0   0x0800e1b0   0x00000010   Code   RO         8672    i.vTaskSuspendAll   tasks.o
    0x0800e1c0   0x0800e1c0   0x00000078   Code   RO         8673    i.vTaskSwitchContext  tasks.o
    0x0800e238   0x0800e238   0x000000f4   Code   RO         9615    i.xPortStartScheduler  port.o
    0x0800e32c   0x0800e32c   0x0000003c   Code   RO         8263    i.xQueueCreateCountingSemaphore  queue.o
    0x0800e368   0x0800e368   0x00000042   Code   RO         8264    i.xQueueCreateCountingSemaphoreStatic  queue.o
    0x0800e3aa   0x0800e3aa   0x00000044   Code   RO         8267    i.xQueueGenericCreate  queue.o
    0x0800e3ee   0x0800e3ee   0x0000006c   Code   RO         8268    i.xQueueGenericCreateStatic  queue.o
    0x0800e45a   0x0800e45a   0x00000002   PAD
    0x0800e45c   0x0800e45c   0x0000008c   Code   RO         8269    i.xQueueGenericReset  queue.o
    0x0800e4e8   0x0800e4e8   0x00000164   Code   RO         8270    i.xQueueGenericSend  queue.o
    0x0800e64c   0x0800e64c   0x000000c0   Code   RO         8271    i.xQueueGenericSendFromISR  queue.o
    0x0800e70c   0x0800e70c   0x0000013c   Code   RO         8277    i.xQueueReceive     queue.o
    0x0800e848   0x0800e848   0x0000007c   Code   RO         8675    i.xTaskCheckForTimeOut  tasks.o
    0x0800e8c4   0x0800e8c4   0x00000064   Code   RO         8676    i.xTaskCreate       tasks.o
    0x0800e928   0x0800e928   0x0000005c   Code   RO         8677    i.xTaskCreateStatic  tasks.o
    0x0800e984   0x0800e984   0x0000001c   Code   RO         8681    i.xTaskGetSchedulerState  tasks.o
    0x0800e9a0   0x0800e9a0   0x0000000c   Code   RO         8682    i.xTaskGetTickCount  tasks.o
    0x0800e9ac   0x0800e9ac   0x000000d0   Code   RO         8684    i.xTaskIncrementTick  tasks.o
    0x0800ea7c   0x0800ea7c   0x00000098   Code   RO         8687    i.xTaskPriorityDisinherit  tasks.o
    0x0800eb14   0x0800eb14   0x0000007c   Code   RO         8689    i.xTaskRemoveFromEventList  tasks.o
    0x0800eb90   0x0800eb90   0x000000cc   Code   RO         8690    i.xTaskResumeAll    tasks.o
    0x0800ec5c   0x0800ec5c   0x00000034   Code   RO         9032    i.xTimerCreate      timers.o
    0x0800ec90   0x0800ec90   0x00000034   Code   RO         9033    i.xTimerCreateStatic  timers.o
    0x0800ecc4   0x0800ecc4   0x00000068   Code   RO         9034    i.xTimerCreateTimerTask  timers.o
    0x0800ed2c   0x0800ed2c   0x00000068   Code   RO         9035    i.xTimerGenericCommand  timers.o
    0x0800ed94   0x0800ed94   0x00000028   Data   RO           32    .constdata          motorcontrol.o
    0x0800edbc   0x0800edbc   0x00000028   Data   RO          682    .constdata          iir.o
    0x0800ede4   0x0800ede4   0x00000200   Data   RO          767    .constdata          wit_c_sdk.o
    0x0800efe4   0x0800efe4   0x00000200   Data   RO          988    .constdata          fpga_motor_driver.o
    0x0800f1e4   0x0800f1e4   0x000002bc   Data   RO         1519    .constdata          freertos.o
    0x0800f4a0   0x0800f4a0   0x00000008   Data   RO         4642    .constdata          stm32h7xx_hal_dma.o
    0x0800f4a8   0x0800f4a8   0x0000005c   Data   RO         6601    .constdata          stm32h7xx_hal_fdcan.o
    0x0800f504   0x0800f504   0x00000018   Data   RO         7573    .constdata          stm32h7xx_hal_uart.o
    0x0800f51c   0x0800f51c   0x00000010   Data   RO         7944    .constdata          stm32h7xx_hal_uart_ex.o
    0x0800f52c   0x0800f52c   0x00000010   Data   RO         8053    .constdata          system_stm32h7xx.o
    0x0800f53c   0x0800f53c   0x00000040   Data   RO         1520    .conststring        freertos.o
    0x0800f57c   0x0800f57c   0x00000020   Data   RO        16893    Region$$Table       anon$$obj.o


    Execution Region RW_IRAM1 (Exec base: 0x20000000, Load base: 0x0800f59c, Size: 0x00000000, Max: 0x00020000, ABSOLUTE)

    **** No section assigned to this execution region ****


    Execution Region RW_IRAM2 (Exec base: 0x24000000, Load base: 0x0800f59c, Size: 0x00006de8, Max: 0x00080000, ABSOLUTE, COMPRESSED[0x0000006c])

    Exec Addr    Load Addr    Size         Type   Attr      Idx    E Section Name        Object

    0x24000000   COMPRESSED   0x00000001   Data   RW          627    .data               mb85rc1m.o
    0x24000001   COMPRESSED   0x00000003   PAD
    0x24000004   COMPRESSED   0x000000b8   Data   RW          683    .data               iir.o
    0x240000bc   COMPRESSED   0x00000030   Data   RW          768    .data               wit_c_sdk.o
    0x240000ec   COMPRESSED   0x00000008   Data   RW         1153    .data               main.o
    0x240000f4   COMPRESSED   0x00000008   Data   RW         1154    .data               main.o
    0x240000fc   COMPRESSED   0x00000004   Data   RW         1159    .data               main.o
    0x24000100   COMPRESSED   0x00000080   Data   RW         1740    .ARM.__at_0x24000100  adc.o
    0x24000180   COMPRESSED   0x00000004   Data   RW         1162    .data               main.o
    0x24000184   COMPRESSED   0x00000004   PAD
    0x24000188   COMPRESSED   0x000000d0   Data   RW         1523    .data               freertos.o
    0x24000258   COMPRESSED   0x00000008   Data   RW         1868    .data               fdcan.o
    0x24000260   COMPRESSED   0x00000028   Data   RW         1869    .data               fdcan.o
    0x24000288   COMPRESSED   0x00000004   Data   RW         2004    .data               rtc.o
    0x2400028c   COMPRESSED   0x0000000c   Data   RW         5533    .data               stm32h7xx_hal.o
    0x24000298   COMPRESSED   0x00000008   Data   RW         8054    .data               system_stm32h7xx.o
    0x240002a0   COMPRESSED   0x00000044   Data   RW         8693    .data               tasks.o
    0x240002e4   COMPRESSED   0x00000014   Data   RW         9041    .data               timers.o
    0x240002f8   COMPRESSED   0x00000020   Data   RW         9560    .data               heap_4.o
    0x24000318   COMPRESSED   0x0000000c   Data   RW         9616    .data               port.o
    0x24000324   COMPRESSED   0x00000004   Data   RW        16859    .data               mc_w.l(mvars.o)
    0x24000328   COMPRESSED   0x00000004   Data   RW        16860    .data               mc_w.l(mvars.o)
    0x2400032c        -       0x0000016c   Zero   RW           26    .bss                motorcontrol.o
    0x24000498        -       0x00000020   Zero   RW           28    .bss                motorcontrol.o
    0x240004b8        -       0x00000020   Zero   RW           29    .bss                motorcontrol.o
    0x240004d8        -       0x0000000c   Zero   RW           30    .bss                motorcontrol.o
    0x240004e4        -       0x0000000c   Zero   RW           31    .bss                motorcontrol.o
    0x240004f0        -       0x000000c0   Zero   RW          665    .bss                iir.o
    0x240005b0        -       0x00000220   Zero   RW          766    .bss                wit_c_sdk.o
    0x240007d0        -       0x00000210   Zero   RW          985    .bss                fpga_motor_driver.o
    0x240009e0        -       0x0000024a   Zero   RW         1148    .bss                main.o
    0x24000c2a   COMPRESSED   0x00000002   PAD
    0x24000c2c        -       0x00001200   Zero   RW         1494    .bss                freertos.o
    0x24001e2c        -       0x00000034   Zero   RW         1498    .bss                freertos.o
    0x24001e60        -       0x00000034   Zero   RW         1499    .bss                freertos.o
    0x24001e94        -       0x00000034   Zero   RW         1500    .bss                freertos.o
    0x24001ec8        -       0x00000034   Zero   RW         1501    .bss                freertos.o
    0x24001efc        -       0x00000034   Zero   RW         1502    .bss                freertos.o
    0x24001f30        -       0x00000034   Zero   RW         1503    .bss                freertos.o
    0x24001f64        -       0x00000034   Zero   RW         1504    .bss                freertos.o
    0x24001f98        -       0x00000034   Zero   RW         1505    .bss                freertos.o
    0x24001fcc        -       0x000000dc   Zero   RW         1741    .bss                adc.o
    0x240020a8        -       0x00000024   Zero   RW         1797    .bss                crc.o
    0x240020cc        -       0x000000ec   Zero   RW         1867    .bss                fdcan.o
    0x240021b8        -       0x000000a8   Zero   RW         1955    .bss                i2c.o
    0x24002260        -       0x00000014   Zero   RW         2002    .bss                rtc.o
    0x24002274        -       0x00000024   Zero   RW         2003    .bss                rtc.o
    0x24002298        -       0x00000130   Zero   RW         2054    .bss                tim.o
    0x240023c8        -       0x000005b4   Zero   RW         2141    .bss                usart.o
    0x2400297c        -       0x0000004c   Zero   RW         2398    .bss                stm32h7xx_hal_timebase_tim.o
    0x240029c8        -       0x00000040   Zero   RW         8280    .bss                queue.o
    0x24002a08        -       0x000000f0   Zero   RW         8692    .bss                tasks.o
    0x24002af8        -       0x000000f0   Zero   RW         9040    .bss                timers.o
    0x24002be8        -       0x00003c00   Zero   RW         9559    .bss                heap_4.o
    0x240067e8        -       0x00000200   Zero   RW            2    HEAP                startup_stm32h743xx.o
    0x240069e8        -       0x00000400   Zero   RW            1    STACK               startup_stm32h743xx.o



  Load Region LR$$.ARM.__AT_0x38000080 (Base: 0x38000080, Size: 0x00000000, Max: 0x00000064, ABSOLUTE)

    Execution Region ER$$.ARM.__AT_0x38000080 (Exec base: 0x38000080, Load base: 0x38000080, Size: 0x00000064, Max: 0x00000064, ABSOLUTE, UNINIT)

    Exec Addr    Load Addr    Size         Type   Attr      Idx    E Section Name        Object

    0x38000080        -       0x00000064   Zero   RW           24    .ARM.__AT_0x38000080  motorcontrol.o



  Load Region LR$$.ARM.__AT_0x38000180 (Base: 0x38000180, Size: 0x00000000, Max: 0x00000064, ABSOLUTE)

    Execution Region ER$$.ARM.__AT_0x38000180 (Exec base: 0x38000180, Load base: 0x38000180, Size: 0x00000064, Max: 0x00000064, ABSOLUTE, UNINIT)

    Exec Addr    Load Addr    Size         Type   Attr      Idx    E Section Name        Object

    0x38000180        -       0x00000064   Zero   RW           25    .ARM.__AT_0x38000180  motorcontrol.o



  Load Region LR$$.ARM.__AT_0x38000580 (Base: 0x38000580, Size: 0x00000000, Max: 0x00000098, ABSOLUTE)

    Execution Region ER$$.ARM.__AT_0x38000580 (Exec base: 0x38000580, Load base: 0x38000580, Size: 0x00000098, Max: 0x00000098, ABSOLUTE, UNINIT)

    Exec Addr    Load Addr    Size         Type   Attr      Idx    E Section Name        Object

    0x38000580        -       0x00000096   Zero   RW         1493    .ARM.__AT_0x38000580  freertos.o


==============================================================================

Image component sizes


      Code (inc. data)   RO Data    RW Data    ZI Data      Debug   Object Name

       592         72          0        128        220      40109   adc.o
       390          8          0          0          0      33294   cmsis_os.o
        88         18          0          0         36       1983   crc.o
       156          4          0          0          0       1074   dma.o
         0          0          0          0          0      20608   event_groups.o
       714         48          0         48        236       8938   fdcan.o
       158          4          0          0          0       9711   filteringfunctions.o
       906         72        512          0        528      14975   fpga_motor_driver.o
      5618        512        764        208       5174      31915   freertos.o
       260         22          0          0          0       1303   gpio.o
       480         26          0         32      15360       5751   heap_4.o
       424         44          0          0        168       3082   i2c.o
       208         44         40        184        192       5020   iir.o
       138          0          0          0          0       4322   list.o
      1206        202          0         24        586    1408402   main.o
       108         14          0          1          0       1894   mb85rc1m.o
         0          0         40          0        652    1441302   motorcontrol.o
       142          6          0          0          0       3056   pid.o
       786         84          0         12          0      13381   port.o
      1758         20          0          0         64      23136   queue.o
       272         16          0          4         56       2283   rtc.o
        36          8        664          0       1536        956   startup_stm32h743xx.o
       132         32          0         12          0      22813   stm32h7xx_hal.o
      2702        200          0          0          0      77862   stm32h7xx_hal_adc.o
       468         30          0          0          0      64873   stm32h7xx_hal_adc_ex.o
       306         30          0          0          0      42060   stm32h7xx_hal_cortex.o
       128          4          0          0          0       1427   stm32h7xx_hal_crc.o
        98          0          0          0          0       1555   stm32h7xx_hal_crc_ex.o
      6476        144          8          0          0      15682   stm32h7xx_hal_dma.o
      2992         50         92          0          0      29114   stm32h7xx_hal_fdcan.o
       592         50          0          0          0       4272   stm32h7xx_hal_gpio.o
      1208         22          0          0          0      10169   stm32h7xx_hal_i2c.o
       216         10          0          0          0       3134   stm32h7xx_hal_i2c_ex.o
        36          4          0          0          0       1034   stm32h7xx_hal_msp.o
        16          4          0          0          0        667   stm32h7xx_hal_pwr.o
        88          6          0          0          0        953   stm32h7xx_hal_pwr_ex.o
      2976        136          0          0          0       9661   stm32h7xx_hal_rcc.o
      6046        180          0          0          0      15247   stm32h7xx_hal_rcc_ex.o
      1444         34          0          0          0      12471   stm32h7xx_hal_rtc.o
         2          0          0          0          0       1284   stm32h7xx_hal_rtc_ex.o
      2462        272          0          0          0      21857   stm32h7xx_hal_tim.o
       166         28          0          0          0       3804   stm32h7xx_hal_tim_ex.o
       136         22          0          0         76       1859   stm32h7xx_hal_timebase_tim.o
      5322        224         24          0          0      48911   stm32h7xx_hal_uart.o
       370          6         16          0          0       7456   stm32h7xx_hal_uart_ex.o
       220         96          0          0          0      12854   stm32h7xx_it.o
       220         42         16          8          0       1694   system_stm32h7xx.o
      2988        228          0         68        240      38735   tasks.o
       636         70          0          0        304       5413   tim.o
      1208         92          0         20        240      36695   timers.o
      1470        106          0          0       1460       7313   usart.o
       504         40        512         48        544       7309   wit_c_sdk.o

    ----------------------------------------------------------------------
     56144       3386       2720        804      27676    3584673   Object Totals
         0          0         32          0          0          0   (incl. Generated)
        76          0          0          7          4          0   (incl. Padding)

    ----------------------------------------------------------------------

      Code (inc. data)   RO Data    RW Data    ZI Data      Debug   Library Member Name

        86          0          0          0          0          0   __dczerorl2.o
         0          0          0          0          0          0   entry.o
         0          0          0          0          0          0   entry10a.o
         0          0          0          0          0          0   entry11a.o
         4          0          0          0          0          0   entry12b.o
         8          4          0          0          0          0   entry2.o
         4          0          0          0          0          0   entry5.o
         0          0          0          0          0          0   entry7b.o
         0          0          0          0          0          0   entry8b.o
         8          4          0          0          0          0   entry9a.o
        30          0          0          0          0          0   handlers.o
        36          8          0          0          0         68   init.o
         0          0          0          0          0          0   iusefp.o
        30          0          0          0          0         68   llshl.o
        36          0          0          0          0         68   llsshr.o
        32          0          0          0          0         68   llushr.o
       188         20          0          0          0        160   malloc.o
        36          0          0          0          0         68   memcpya.o
        36          0          0          0          0        108   memseta.o
         0          0          0          8          0          0   mvars.o
      2236         86          0          0          0        532   printfa.o
        18          0          0          0          0         68   strcpy.o
        14          0          0          0          0         68   strlen.o
        44          0          0          0          0         80   uidiv.o
        98          0          0          0          0         92   uldiv.o
        48          0          0          0          0         68   cdrcmple.o
       334          0          0          0          0        148   dadd.o
       222          0          0          0          0        100   ddiv.o
       186          0          0          0          0        176   depilogue.o
        48          0          0          0          0         68   dfixul.o
       228          0          0          0          0         96   dmul.o

    ----------------------------------------------------------------------
      4012        122          0          8          0       2104   Library Totals
         2          0          0          0          0          0   (incl. Padding)

    ----------------------------------------------------------------------

      Code (inc. data)   RO Data    RW Data    ZI Data      Debug   Library Name

      2944        122          0          8          0       1448   mc_w.l
      1066          0          0          0          0        656   mf_w.l

    ----------------------------------------------------------------------
      4012        122          0          8          0       2104   Library Totals

    ----------------------------------------------------------------------

==============================================================================


      Code (inc. data)   RO Data    RW Data    ZI Data      Debug   

     60156       3508       2720        812      27676    3549369   Grand Totals
     60156       3508       2720        108      27676    3549369   ELF Image Totals (compressed)
     60156       3508       2720        108          0          0   ROM Totals

==============================================================================

    Total RO  Size (Code + RO Data)                62876 (  61.40kB)
    Total RW  Size (RW Data + ZI Data)             28488 (  27.82kB)
    Total ROM Size (Code + RO Data + RW Data)      62984 (  61.51kB)

==============================================================================

