Component: ARM Compiler 5.06 update 7 (build 960) Tool: armlink [4d3601]

==============================================================================

Section Cross References

    startup_stm32h743xx.o(RESET) refers to startup_stm32h743xx.o(STACK) for __initial_sp
    startup_stm32h743xx.o(RESET) refers to startup_stm32h743xx.o(.text) for Reset_Handler
    startup_stm32h743xx.o(RESET) refers to stm32h7xx_it.o(i.NMI_Handler) for NMI_Handler
    startup_stm32h743xx.o(RESET) refers to stm32h7xx_it.o(i.HardFault_Handler) for HardFault_Handler
    startup_stm32h743xx.o(RESET) refers to stm32h7xx_it.o(i.MemManage_Handler) for MemManage_Handler
    startup_stm32h743xx.o(RESET) refers to stm32h7xx_it.o(i.BusFault_Handler) for BusFault_Handler
    startup_stm32h743xx.o(RESET) refers to stm32h7xx_it.o(i.UsageFault_Handler) for UsageFault_Handler
    startup_stm32h743xx.o(RESET) refers to port.o(.emb_text) for SVC_Handler
    startup_stm32h743xx.o(RESET) refers to stm32h7xx_it.o(i.DebugMon_Handler) for DebugMon_Handler
    startup_stm32h743xx.o(RESET) refers to port.o(i.SysTick_Handler) for SysTick_Handler
    startup_stm32h743xx.o(RESET) refers to stm32h7xx_it.o(i.DMA1_Stream0_IRQHandler) for DMA1_Stream0_IRQHandler
    startup_stm32h743xx.o(RESET) refers to stm32h7xx_it.o(i.DMA1_Stream1_IRQHandler) for DMA1_Stream1_IRQHandler
    startup_stm32h743xx.o(RESET) refers to stm32h7xx_it.o(i.DMA1_Stream2_IRQHandler) for DMA1_Stream2_IRQHandler
    startup_stm32h743xx.o(RESET) refers to stm32h7xx_it.o(i.DMA1_Stream3_IRQHandler) for DMA1_Stream3_IRQHandler
    startup_stm32h743xx.o(RESET) refers to stm32h7xx_it.o(i.DMA1_Stream4_IRQHandler) for DMA1_Stream4_IRQHandler
    startup_stm32h743xx.o(RESET) refers to stm32h7xx_it.o(i.DMA1_Stream5_IRQHandler) for DMA1_Stream5_IRQHandler
    startup_stm32h743xx.o(RESET) refers to stm32h7xx_it.o(i.DMA1_Stream6_IRQHandler) for DMA1_Stream6_IRQHandler
    startup_stm32h743xx.o(RESET) refers to stm32h7xx_it.o(i.FDCAN1_IT0_IRQHandler) for FDCAN1_IT0_IRQHandler
    startup_stm32h743xx.o(RESET) refers to stm32h7xx_it.o(i.TIM1_UP_IRQHandler) for TIM1_UP_IRQHandler
    startup_stm32h743xx.o(RESET) refers to stm32h7xx_it.o(i.USART3_IRQHandler) for USART3_IRQHandler
    startup_stm32h743xx.o(RESET) refers to stm32h7xx_it.o(i.RTC_Alarm_IRQHandler) for RTC_Alarm_IRQHandler
    startup_stm32h743xx.o(RESET) refers to stm32h7xx_it.o(i.DMA1_Stream7_IRQHandler) for DMA1_Stream7_IRQHandler
    startup_stm32h743xx.o(RESET) refers to stm32h7xx_it.o(i.UART4_IRQHandler) for UART4_IRQHandler
    startup_stm32h743xx.o(RESET) refers to stm32h7xx_it.o(i.UART5_IRQHandler) for UART5_IRQHandler
    startup_stm32h743xx.o(RESET) refers to stm32h7xx_it.o(i.DMA2_Stream0_IRQHandler) for DMA2_Stream0_IRQHandler
    startup_stm32h743xx.o(RESET) refers to stm32h7xx_it.o(i.UART7_IRQHandler) for UART7_IRQHandler
    startup_stm32h743xx.o(RESET) refers to stm32h7xx_it.o(i.UART8_IRQHandler) for UART8_IRQHandler
    startup_stm32h743xx.o(RESET) refers to stm32h7xx_it.o(i.TIM17_IRQHandler) for TIM17_IRQHandler
    startup_stm32h743xx.o(.text) refers to system_stm32h7xx.o(i.SystemInit) for SystemInit
    startup_stm32h743xx.o(.text) refers to entry.o(.ARM.Collect$$$$00000000) for __main
    motorcontrol.o(i.Driver1_Receive) refers to motorcontrol.o(i.DriverfindStr) for DriverfindStr
    motorcontrol.o(i.Driver1_Receive) refers to dynamixel_rd.o(i.Dynamixel_Master_Receive) for Dynamixel_Master_Receive
    motorcontrol.o(i.Driver1_Receive) refers to dynamixel_rd.o(i.Dynamixel_Value_Forward) for Dynamixel_Value_Forward
    motorcontrol.o(i.Driver1_Receive) refers to motorcontrol.o(.data) for .data
    motorcontrol.o(i.Driver1_Receive) refers to motorcontrol.o(.RAM_D2) for .RAM_D2
    motorcontrol.o(i.Driver1_Receive) refers to motorcontrol.o(.bss) for .bss
    motorcontrol.o(i.Driver2_Receive) refers to dynamixel_rd.o(i.Dynamixel_Master_Receive) for Dynamixel_Master_Receive
    motorcontrol.o(i.Driver2_Receive) refers to dynamixel_rd.o(i.Dynamixel_Value_Forward) for Dynamixel_Value_Forward
    motorcontrol.o(i.Driver2_Receive) refers to motorcontrol.o(.bss) for .bss
    motorcontrol.o(i.Driver2_Receive) refers to motorcontrol.o(.RAM_D2) for .RAM_D2
    motorcontrol.o(i.Driver2_Receive) refers to motorcontrol.o(.data) for .data
    motorcontrol.o(i.Motor1_Set_Current) refers to motorcontrol.o(i.Motor_Set_Mode) for Motor_Set_Mode
    motorcontrol.o(i.Motor1_Set_Current) refers to iir.o(i.Motor_arm_iir_f32_LP_Group1) for Motor_arm_iir_f32_LP_Group1
    motorcontrol.o(i.Motor1_Set_Current) refers to dynamixel_rd.o(i.Dynamixel_Master_Send) for Dynamixel_Master_Send
    motorcontrol.o(i.Motor1_Set_Current) refers to stm32h7xx_hal_uart.o(i.HAL_UART_Transmit_DMA) for HAL_UART_Transmit_DMA
    motorcontrol.o(i.Motor1_Set_Current) refers to memseta.o(.text) for __aeabi_memclr
    motorcontrol.o(i.Motor1_Set_Current) refers to motorcontrol.o(.data) for .data
    motorcontrol.o(i.Motor1_Set_Current) refers to freertos.o(.bss) for M1
[...]
    UART_WaitOnFlagUntilTimeout              0x0800c78d   Thumb Code   152  stm32h7xx_hal_uart.o(i.UART_WaitOnFlagUntilTimeout)
    USART3_IRQHandler                        0x0800c825   Thumb Code     6  stm32h7xx_it.o(i.USART3_IRQHandler)
    UsageFault_Handler                       0x0800c831   Thumb Code     2  stm32h7xx_it.o(i.UsageFault_Handler)
    WitDelayMsRegister                       0x0800c835   Thumb Code    18  wit_c_sdk.o(i.WitDelayMsRegister)
    WitInit                                  0x0800c84d   Thumb Code    22  wit_c_sdk.o(i.WitInit)
    WitReadReg                               0x0800c869   Thumb Code   350  wit_c_sdk.o(i.WitReadReg)
    WitRegisterCallBack                      0x0800c9d1   Thumb Code    18  wit_c_sdk.o(i.WitRegisterCallBack)
    WitSerialWriteRegister                   0x0800c9e9   Thumb Code    18  wit_c_sdk.o(i.WitSerialWriteRegister)
    __0sprintf                               0x0800ca01   Thumb Code    34  printfa.o(i.__0sprintf)
    __1sprintf                               0x0800ca01   Thumb Code     0  printfa.o(i.__0sprintf)
    __2sprintf                               0x0800ca01   Thumb Code     0  printfa.o(i.__0sprintf)
    __c89sprintf                             0x0800ca01   Thumb Code     0  printfa.o(i.__0sprintf)
    sprintf                                  0x0800ca01   Thumb Code     0  printfa.o(i.__0sprintf)
    __scatterload_copy                       0x0800ca75   Thumb Code    14  handlers.o(i.__scatterload_copy)
    __scatterload_null                       0x0800ca83   Thumb Code     2  handlers.o(i.__scatterload_null)
    __scatterload_zeroinit                   0x0800ca85   Thumb Code    14  handlers.o(i.__scatterload_zeroinit)
    arm_biquad_cascade_df1_init_f32          0x0800d329   Thumb Code    22  filteringfunctions.o(i.arm_biquad_cascade_df1_init_f32)
    arm_fir_f32                              0x0800d341   Thumb Code   104  filteringfunctions.o(i.arm_fir_f32)
    arm_fir_init_f32                         0x0800d3ad   Thumb Code    28  filteringfunctions.o(i.arm_fir_init_f32)
    arm_iir_init_LP                          0x0800d3c9   Thumb Code   164  iir.o(i.arm_iir_init_LP)
    configureTimerForRunTimeStats            0x0800d499   Thumb Code     8  main.o(i.configureTimerForRunTimeStats)
    eTaskGetState                            0x0800d4a5   Thumb Code   114  tasks.o(i.eTaskGetState)
    free                                     0x0800d521   Thumb Code    76  malloc.o(i.free)
    getRunTimeCounterValue                   0x0800d571   Thumb Code     6  main.o(i.getRunTimeCounterValue)
    main                                     0x0800d58d   Thumb Code   390  main.o(i.main)
    malloc                                   0x0800d769   Thumb Code    92  malloc.o(i.malloc)
    osDelay                                  0x0800d7d5   Thumb Code    16  cmsis_os.o(i.osDelay)
    osKernelStart                            0x0800d7e5   Thumb Code    10  cmsis_os.o(i.osKernelStart)
    osSemaphoreCreate                        0x0800d7ef   Thumb Code    88  cmsis_os.o(i.osSemaphoreCreate)
    osSemaphoreRelease                       0x0800d849   Thumb Code    76  cmsis_os.o(i.osSemaphoreRelease)
    osSemaphoreWait                          0x0800d899   Thumb Code    98  cmsis_os.o(i.osSemaphoreWait)
    osThreadCreate                           0x0800d901   Thumb Code    88  cmsis_os.o(i.osThreadCreate)
    osTimerCreate                            0x0800d959   Thumb Code    56  cmsis_os.o(i.osTimerCreate)
    osTimerStart                             0x0800d995   Thumb Code    96  cmsis_os.o(i.osTimerStart)
    pvPortMalloc                             0x0800e315   Thumb Code   214  heap_4.o(i.pvPortMalloc)
    pvTaskIncrementMutexHeldCount            0x0800e3f1   Thumb Code    20  tasks.o(i.pvTaskIncrementMutexHeldCount)
    pxPortInitialiseStack                    0x0800e409   Thumb Code    30  port.o(i.pxPortInitialiseStack)
    rtc_ms_from_subseconds                   0x0800e42d   Thumb Code    24  rtc.o(i.rtc_ms_from_subseconds)
    uxListRemove                             0x0800e445   Thumb Code    38  list.o(i.uxListRemove)
    uxTaskGetSystemState                     0x0800e46d   Thumb Code   162  tasks.o(i.uxTaskGetSystemState)
    vApplicationGetIdleTaskMemory            0x0800e519   Thumb Code    16  freertos.o(i.vApplicationGetIdleTaskMemory)
    vApplicationGetTimerTaskMemory           0x0800e52d   Thumb Code    18  freertos.o(i.vApplicationGetTimerTaskMemory)
    vListInitialise                          0x0800e545   Thumb Code    22  list.o(i.vListInitialise)
    vListInitialiseItem                      0x0800e55b   Thumb Code     6  list.o(i.vListInitialiseItem)
    vListInsert                              0x0800e561   Thumb Code    48  list.o(i.vListInsert)
    vListInsertEnd                           0x0800e591   Thumb Code    24  list.o(i.vListInsertEnd)
    vPortEnterCritical                       0x0800e5a9   Thumb Code    54  port.o(i.vPortEnterCritical)
    vPortExitCritical                        0x0800e5e9   Thumb Code    38  port.o(i.vPortExitCritical)
    vPortFree                                0x0800e615   Thumb Code    94  heap_4.o(i.vPortFree)
    vPortSetupTimerInterrupt                 0x0800e679   Thumb Code    32  port.o(i.vPortSetupTimerInterrupt)
    vPortValidateInterruptPriority           0x0800e69d   Thumb Code    74  port.o(i.vPortValidateInterruptPriority)
    vQueueAddToRegistry                      0x0800e6f1   Thumb Code    32  queue.o(i.vQueueAddToRegistry)
    vQueueWaitForMessageRestricted           0x0800e715   Thumb Code    70  queue.o(i.vQueueWaitForMessageRestricted)
    vTaskDelay                               0x0800e75d   Thumb Code    70  tasks.o(i.vTaskDelay)
    vTaskGetInfo                             0x0800e7ad   Thumb Code   114  tasks.o(i.vTaskGetInfo)
    vTaskGetRunTimeStats                     0x0800e825   Thumb Code   136  tasks.o(i.vTaskGetRunTimeStats)
    vTaskInternalSetTimeOutState             0x0800e8c9   Thumb Code    12  tasks.o(i.vTaskInternalSetTimeOutState)
    vTaskMissedYield                         0x0800e8d9   Thumb Code     8  tasks.o(i.vTaskMissedYield)
    vTaskPlaceOnEventList                    0x0800e8e5   Thumb Code    46  tasks.o(i.vTaskPlaceOnEventList)
    vTaskPlaceOnEventListRestricted          0x0800e919   Thumb Code    54  tasks.o(i.vTaskPlaceOnEventListRestricted)
    vTaskPriorityDisinheritAfterTimeout      0x0800e955   Thumb Code   156  tasks.o(i.vTaskPriorityDisinheritAfterTimeout)
    vTaskStartScheduler                      0x0800e9f9   Thumb Code   130  tasks.o(i.vTaskStartScheduler)
    vTaskSuspendAll                          0x0800ea8d   Thumb Code    10  tasks.o(i.vTaskSuspendAll)
    vTaskSwitchContext                       0x0800ea9d   Thumb Code   112  tasks.o(i.vTaskSwitchContext)
    xPortStartScheduler                      0x0800eb15   Thumb Code   222  port.o(i.xPortStartScheduler)
    xQueueCreateCountingSemaphore            0x0800ec09   Thumb Code    60  queue.o(i.xQueueCreateCountingSemaphore)
    xQueueCreateCountingSemaphoreStatic      0x0800ec45   Thumb Code    66  queue.o(i.xQueueCreateCountingSemaphoreStatic)
    xQueueGenericCreate                      0x0800ec87   Thumb Code    68  queue.o(i.xQueueGenericCreate)
    xQueueGenericCreateStatic                0x0800eccb   Thumb Code   108  queue.o(i.xQueueGenericCreateStatic)
    xQueueGenericReset                       0x0800ed39   Thumb Code   134  queue.o(i.xQueueGenericReset)
    xQueueGenericSend                        0x0800edc5   Thumb Code   352  queue.o(i.xQueueGenericSend)
    xQueueGenericSendFromISR                 0x0800ef29   Thumb Code   192  queue.o(i.xQueueGenericSendFromISR)
    xQueueGiveFromISR                        0x0800efe9   Thumb Code   158  queue.o(i.xQueueGiveFromISR)
    xQueueReceive                            0x0800f089   Thumb Code   310  queue.o(i.xQueueReceive)
    xQueueReceiveFromISR                     0x0800f1c5   Thumb Code   156  queue.o(i.xQueueReceiveFromISR)
    xQueueSemaphoreTake                      0x0800f261   Thumb Code   376  queue.o(i.xQueueSemaphoreTake)
    xTaskCheckForTimeOut                     0x0800f3dd   Thumb Code   118  tasks.o(i.xTaskCheckForTimeOut)
    xTaskCreate                              0x0800f459   Thumb Code   100  tasks.o(i.xTaskCreate)
    xTaskCreateStatic                        0x0800f4bd   Thumb Code    92  tasks.o(i.xTaskCreateStatic)
    xTaskGetSchedulerState                   0x0800f519   Thumb Code    24  tasks.o(i.xTaskGetSchedulerState)
    xTaskGetTickCount                        0x0800f535   Thumb Code     6  tasks.o(i.xTaskGetTickCount)
    xTaskIncrementTick                       0x0800f541   Thumb Code   198  tasks.o(i.xTaskIncrementTick)
    xTaskPriorityDisinherit                  0x0800f611   Thumb Code   144  tasks.o(i.xTaskPriorityDisinherit)
    xTaskPriorityInherit                     0x0800f6a9   Thumb Code   134  tasks.o(i.xTaskPriorityInherit)
    xTaskRemoveFromEventList                 0x0800f739   Thumb Code   114  tasks.o(i.xTaskRemoveFromEventList)
    xTaskResumeAll                           0x0800f7b5   Thumb Code   192  tasks.o(i.xTaskResumeAll)
    xTimerCreate                             0x0800f881   Thumb Code    52  timers.o(i.xTimerCreate)
    xTimerCreateStatic                       0x0800f8b5   Thumb Code    52  timers.o(i.xTimerCreateStatic)
    xTimerCreateTimerTask                    0x0800f8e9   Thumb Code    86  timers.o(i.xTimerCreateTimerTask)
    xTimerGenericCommand                     0x0800f951   Thumb Code    98  timers.o(i.xTimerGenericCommand)
    IIRCoeffs32LP                            0x0800f9b8   Data          40  motorcontrol.o(.constdata)
    IIRCoeffs32LP_Motor                      0x0800f9e0   Data          40  iir.o(.constdata)
    Dynamixel_crc_table                      0x0800fc08   Data         512  fpga_motor_driver.o(.constdata)
    UARTPrescTable                           0x08010160   Data          24  stm32h7xx_hal_uart.o(.constdata)
    D1CorePrescTable                         0x08010188   Data          16  system_stm32h7xx.o(.constdata)
    Region$$Table$$Base                      0x080101f4   Number         0  anon$$obj.o(Region$$Table)
    Region$$Table$$Limit                     0x08010214   Number         0  anon$$obj.o(Region$$Table)
    Motor1_CTRLBuffer                        0x24000000   Data          64  motorcontrol.o(.RAM_D2)
    Motor2_CTRLBuffer                        0x24000040   Data          64  motorcontrol.o(.RAM_D2)
    g_txBuffer_Group1                        0x24000080   Data          64  fpga_motor_driver.o(.RAM_D2)
    g_txBuffer_Group2                        0x240000c0   Data          64  fpga_motor_driver.o(.RAM_D2)
    ADC_DATA                                 0x24000100   Data         128  adc.o(.ARM.__at_0x24000100)
    tempMotor1_CTRLBuffer                    0x24000180   Data          64  main.o(.RAM_D2)
    tempMotor2_CTRLBuffer                    0x240001c0   Data          64  main.o(.RAM_D2)
    MB85RC16_Default_I2C_Addr                0x24000200   Data           1  mb85rc1m.o(.data)
    ScaleValue_LP_Motor                      0x24000204   Data           4  iir.o(.data)
    BL1                                      0x24000208   Data           4  iir.o(.data)
    BL2                                      0x2400020c   Data           4  iir.o(.data)
    FIR_blockSize                            0x24000210   Data           4  iir.o(.data)
    B1                                       0x24000214   Data          84  iir.o(.data)
    B2                                       0x24000268   Data          84  iir.o(.data)
    IMU_TX_Buf                               0x240002e4   Data           8  wit_c_sdk.o(.data)
    g_dataReady                              0x240002ec   Data           1  fpga_motor_driver.o(.data)
    g_rxByte                                 0x240002ed   Data           1  fpga_motor_driver.o(.data)
    g_rxCacheIndex                           0x240002ee   Data           2  fpga_motor_driver.o(.data)
    EMG1RMSValue                             0x240002f0   Data           8  main.o(.data)
    EMG2RMSValue                             0x240002f8   Data           8  main.o(.data)
    USART_RX_TIMESTAMP                       0x24000300   Data           4  main.o(.data)
    g_osRuntimeCounter                       0x24000304   Data           4  main.o(.data)
    CurRX_IMU                                0x2400030a   Data           1  freertos.o(.data)
    CRC_H                                    0x2400030b   Data           1  freertos.o(.data)
    CRC_L                                    0x2400030c   Data           1  freertos.o(.data)
    ControlState                             0x2400030e   Data           2  freertos.o(.data)
    ControlState_old                         0x24000310   Data           2  freertos.o(.data)
    GaitTriggerEvent                         0x24000312   Data           2  freertos.o(.data)
    DesireForce                              0x24000314   Data           2  freertos.o(.data)
    RightPressureSum                         0x24000316   Data           2  freertos.o(.data)
    LeftPressureSum                          0x24000318   Data           2  freertos.o(.data)
    RemotePinState                           0x2400031a   Data           3  freertos.o(.data)
    LoadCellForceU16                         0x24000330   Data           4  freertos.o(.data)
    WData                                    0x24000334   Data           4  freertos.o(.data)
    IMU_R_Enq_Num                            0x24000338   Data           4  freertos.o(.data)
    IMU_L_Enq_Num                            0x2400033c   Data           4  freertos.o(.data)
    IMU_CTL_Enq_Num                          0x24000340   Data           4  freertos.o(.data)
    IMU_R_RSP_Num                            0x24000344   Data           4  freertos.o(.data)
    IMU_L_RSP_Num                            0x24000348   Data           4  freertos.o(.data)
    IMU_CTL_RSP_Num                          0x2400034c   Data           4  freertos.o(.data)
    PC0_VolVal                               0x24000350   Data           4  freertos.o(.data)
    PA5_VolVal                               0x24000354   Data           4  freertos.o(.data)
    LoadCell1Buffer_Filtered                 0x24000358   Data           4  freertos.o(.data)
    LoadCell2Buffer_Filtered                 0x2400035c   Data           4  freertos.o(.data)
    LoadCellForce1_f                         0x24000360   Data           4  freertos.o(.data)
    controlOutput_TSA1                       0x24000364   Data           4  freertos.o(.data)
    LoadCellForce2_f                         0x24000368   Data           4  freertos.o(.data)
    controlOutput_TSA2                       0x2400036c   Data           4  freertos.o(.data)
    curPositionTarget_TSA1                   0x24000370   Data           4  freertos.o(.data)
    tempCANFloat                             0x24000374   Data           4  freertos.o(.data)
    TaskManagerHandle                        0x24000378   Data           4  freertos.o(.data)
    TSA1ContollHandle                        0x2400037c   Data           4  freertos.o(.data)
    TSA2ContollHandle                        0x24000380   Data           4  freertos.o(.data)
    IMU_TaskHandle                           0x24000384   Data           4  freertos.o(.data)
    StateRETHandle                           0x24000388   Data           4  freertos.o(.data)
    MotorRXDecodeG1Handle                    0x2400038c   Data           4  freertos.o(.data)
    MotorRXDecodeG2Handle                    0x24000390   Data           4  freertos.o(.data)
    LoadCellCALHandle                        0x24000394   Data           4  freertos.o(.data)
    GetRTCTimeHandle                         0x24000398   Data           4  freertos.o(.data)
    TaForceCALHandle                         0x2400039c   Data           4  freertos.o(.data)
    ControllerPWRHandle                      0x240003a0   Data           4  freertos.o(.data)
    CurrentPeriodCTRLHandle                  0x240003a4   Data           4  freertos.o(.data)
    IMU_EnqHandle                            0x240003a8   Data           4  freertos.o(.data)
    ESPRetStateHandle                        0x240003ac   Data           4  freertos.o(.data)
    GPSRetStateHandle                        0x240003b0   Data           4  freertos.o(.data)
    Motor1RetStateHandle                     0x240003b4   Data           4  freertos.o(.data)
    Motor2RetStateHandle                     0x240003b8   Data           4  freertos.o(.data)
    LoadCellForce                            0x240003bc   Data           8  freertos.o(.data)
    globalTime                               0x240003c8   Data           8  freertos.o(.data)
    RightInsoleReceiveFlag                   0x240003d0   Data           1  freertos.o(.data)
    LeftInsoleReceiveFlag                    0x240003d1   Data           1  freertos.o(.data)
    CANTXmessage                             0x240003d2   Data           8  fdcan.o(.data)
    pointerIDX                               0x240003dc   Data           1  fdcan.o(.data)
    TKEO1                                    0x240003e0   Data           4  fdcan.o(.data)
    RMS1                                     0x240003e4   Data           4  fdcan.o(.data)
    TKEO2                                    0x240003e8   Data           4  fdcan.o(.data)
    RMS2                                     0x240003ec   Data           4  fdcan.o(.data)
    GRF_INSOLE1                              0x240003f0   Data           6  fdcan.o(.data)
    GRF_INSOLE2                              0x240003f6   Data           6  fdcan.o(.data)
    CANRXmessage                             0x240003fc   Data           8  fdcan.o(.data)
    rtcDate                                  0x24000404   Data           4  rtc.o(.data)
    uwTickFreq                               0x24000408   Data           1  stm32h7xx_hal.o(.data)
    uwTickPrio                               0x2400040c   Data           4  stm32h7xx_hal.o(.data)
    uwTick                                   0x24000410   Data           4  stm32h7xx_hal.o(.data)
    SystemCoreClock                          0x24000414   Data           4  system_stm32h7xx.o(.data)
    SystemD2Clock                            0x24000418   Data           4  system_stm32h7xx.o(.data)
    pxCurrentTCB                             0x2400041c   Data           4  tasks.o(.data)
    __microlib_freelist                      0x240004a0   Data           4  mvars.o(.data)
    __microlib_freelist_initialised          0x240004a4   Data           4  mvars.o(.data)
    IIRStateF32LP_LoadcellS1                 0x240004a8   Data          32  motorcontrol.o(.bss)
    IIRStateF32LP_LoadcellS2                 0x240004c8   Data          32  motorcontrol.o(.bss)
    LoadCell_LP_S1                           0x240004e8   Data          12  motorcontrol.o(.bss)
    LoadCell_LP_S2                           0x240004f4   Data          12  motorcontrol.o(.bss)
    FIR_pState1                              0x24000500   Data          84  iir.o(.bss)
    FIR_pState2                              0x24000554   Data          84  iir.o(.bss)
    FIR_S1                                   0x240005a8   Data          12  iir.o(.bss)
    FIR_S2                                   0x240005b4   Data          12  iir.o(.bss)
    sReg                                     0x240006c0   Data         288  wit_c_sdk.o(.bss)
    g_Set_motorStatus_Group1                 0x240007e0   Data         112  fpga_motor_driver.o(.bss)
    g_Set_motorStatus_Group2                 0x24000850   Data         112  fpga_motor_driver.o(.bss)
    g_motorStatus_feedback_Group1            0x240008c0   Data         112  fpga_motor_driver.o(.bss)
    g_motorStatus_feedback_Group2            0x24000930   Data         112  fpga_motor_driver.o(.bss)
    tempIMURX_Buffer                         0x240009a0   Data          30  main.o(.bss)
    tempR_INSOLE_RX_Buffer                   0x240009be   Data         100  main.o(.bss)
    tempL_INSOLE_RX_Buffer                   0x24000a22   Data         100  main.o(.bss)
    R_INSOLE_RX_Buffer                       0x24000a86   Data         100  main.o(.bss)
    L_INSOLE_RX_Buffer                       0x24000aea   Data         100  main.o(.bss)
    LoadCell1Buffer                          0x24000b50   Data         200  freertos.o(.bss)
    LoadCell2Buffer                          0x24000c18   Data         200  freertos.o(.bss)
    IMURX_Buffer                             0x24000d12   Data          29  freertos.o(.bss)
    IMU_R                                    0x24000d30   Data         112  freertos.o(.bss)
    IMU_L                                    0x24000da0   Data         112  freertos.o(.bss)
    IMU_Controller                           0x24000e10   Data         112  freertos.o(.bss)
    CPU_RunInfo                              0x24000e80   Data         400  freertos.o(.bss)
    TSA1_PID_Struct                          0x24001010   Data          32  freertos.o(.bss)
    TSA2_PID_Struct                          0x24001030   Data          32  freertos.o(.bss)
    now                                      0x24001050   Data          10  freertos.o(.bss)
    M1                                       0x2400171c   Data          52  freertos.o(.bss)
    M2                                       0x24001750   Data          52  freertos.o(.bss)
    M3                                       0x24001784   Data          52  freertos.o(.bss)
    M4                                       0x240017b8   Data          52  freertos.o(.bss)
    M5                                       0x240017ec   Data          52  freertos.o(.bss)
    M6                                       0x24001820   Data          52  freertos.o(.bss)
    M7                                       0x24001854   Data          52  freertos.o(.bss)
    M8                                       0x24001888   Data          52  freertos.o(.bss)
    hadc1                                    0x240018bc   Data         100  adc.o(.bss)
    hdma_adc1                                0x24001920   Data         120  adc.o(.bss)
    hcrc                                     0x24001998   Data          36  crc.o(.bss)
    TXHeader                                 0x240019bc   Data          36  fdcan.o(.bss)
    RXHeader                                 0x240019e0   Data          40  fdcan.o(.bss)
    hfdcan1                                  0x24001a08   Data         160  fdcan.o(.bss)
    hi2c1                                    0x24001aa8   Data          84  i2c.o(.bss)
    hi2c2                                    0x24001afc   Data          84  i2c.o(.bss)
    rtcTime                                  0x24001b50   Data          20  rtc.o(.bss)
    hrtc                                     0x24001b64   Data          36  rtc.o(.bss)
    htim3                                    0x24001b88   Data          76  tim.o(.bss)
    htim4                                    0x24001bd4   Data          76  tim.o(.bss)
    htim6                                    0x24001c20   Data          76  tim.o(.bss)
    htim17                                   0x24001c6c   Data          76  tim.o(.bss)
    huart4                                   0x24001cb8   Data         148  usart.o(.bss)
    huart5                                   0x24001d4c   Data         148  usart.o(.bss)
    huart7                                   0x24001de0   Data         148  usart.o(.bss)
    huart8                                   0x24001e74   Data         148  usart.o(.bss)
    huart3                                   0x24001f08   Data         148  usart.o(.bss)
    hdma_uart4_tx                            0x24001f9c   Data         120  usart.o(.bss)
    hdma_uart5_tx                            0x24002014   Data         120  usart.o(.bss)
    hdma_uart5_rx                            0x2400208c   Data         120  usart.o(.bss)
    hdma_uart7_tx                            0x24002104   Data         120  usart.o(.bss)
    hdma_uart7_rx                            0x2400217c   Data         120  usart.o(.bss)
    hdma_uart8_tx                            0x240021f4   Data         120  usart.o(.bss)
    hdma_usart3_tx                           0x2400226c   Data         120  usart.o(.bss)
    hdma_usart3_rx                           0x240022e4   Data         120  usart.o(.bss)
    htim1                                    0x2400235c   Data          76  stm32h7xx_hal_timebase_tim.o(.bss)
    xQueueRegistry                           0x240023a8   Data          64  queue.o(.bss)
    __heap_base                              0x240061c8   Data           0  startup_stm32h743xx.o(HEAP)
    __heap_limit                             0x240063c8   Data           0  startup_stm32h743xx.o(HEAP)
    __initial_sp                             0x240067c8   Data           0  startup_stm32h743xx.o(STACK)
    str1                                     0x38000080   Data         100  motorcontrol.o(.ARM.__AT_0x38000080)
    str2                                     0x38000180   Data         100  motorcontrol.o(.ARM.__AT_0x38000180)
    _dbg_Buff                                0x38000580   Data         150  freertos.o(.ARM.__AT_0x38000580)



==============================================================================

Memory Map of the image

  Image Entry point : 0x08000299

  Load Region LR_IROM1 (Base: 0x08000000, Size: 0x000106bc, Max: 0x00200000, ABSOLUTE, COMPRESSED[0x00010298])

    Execution Region ER_IROM1 (Exec base: 0x08000000, Load base: 0x08000000, Size: 0x00010214, Max: 0x00200000, ABSOLUTE)

    Exec Addr    Load Addr    Size         Type   Attr      Idx    E Section Name        Object

    0x08000000   0x08000000   0x00000298   Data   RO            3    RESET               startup_stm32h743xx.o
    0x08000298   0x08000298   0x00000000   Code   RO        16502  * .ARM.Collect$$$$00000000  mc_w.l(entry.o)
    0x08000298   0x08000298   0x00000004   Code   RO        16872    .ARM.Collect$$$$00000001  mc_w.l(entry2.o)
    0x0800029c   0x0800029c   0x00000004   Code   RO        16875    .ARM.Collect$$$$00000004  mc_w.l(entry5.o)
    0x080002a0   0x080002a0   0x00000000   Code   RO        16877    .ARM.Collect$$$$00000008  mc_w.l(entry7b.o)
    0x080002a0   0x080002a0   0x00000000   Code   RO        16879    .ARM.Collect$$$$0000000A  mc_w.l(entry8b.o)
    0x080002a0   0x080002a0   0x00000008   Code   RO        16880    .ARM.Collect$$$$0000000B  mc_w.l(entry9a.o)
    0x080002a8   0x080002a8   0x00000004   Code   RO        16887    .ARM.Collect$$$$0000000E  mc_w.l(entry12b.o)
    0x080002ac   0x080002ac   0x00000000   Code   RO        16882    .ARM.Collect$$$$0000000F  mc_w.l(entry10a.o)
    0x080002ac   0x080002ac   0x00000000   Code   RO        16884    .ARM.Collect$$$$00000011  mc_w.l(entry11a.o)
    0x080002ac   0x080002ac   0x00000004   Code   RO        16873    .ARM.Collect$$$$00002712  mc_w.l(entry2.o)
    0x080002b0   0x080002b0   0x000000be   Code   RO         9642    .emb_text           port.o
    0x0800036e   0x0800036e   0x00000002   PAD
    0x08000370   0x08000370   0x00000024   Code   RO            4    .text               startup_stm32h743xx.o
    0x08000394   0x08000394   0x00000062   Code   RO        16505    .text               mc_w.l(uldiv.o)
    0x080003f6   0x080003f6   0x0000001e   Code   RO        16509    .text               mc_w.l(llshl.o)
    0x08000414   0x08000414   0x00000024   Code   RO        16511    .text               mc_w.l(llsshr.o)
    0x08000438   0x08000438   0x00000024   Code   RO        16513    .text               mc_w.l(memcpya.o)
    0x0800045c   0x0800045c   0x00000024   Code   RO        16517    .text               mc_w.l(memseta.o)
    0x08000480   0x08000480   0x0000000e   Code   RO        16521    .text               mc_w.l(strlen.o)
    0x0800048e   0x0800048e   0x00000012   Code   RO        16523    .text               mc_w.l(strcpy.o)
    0x080004a0   0x080004a0   0x0000002c   Code   RO        16891    .text               mc_w.l(uidiv.o)
    0x080004cc   0x080004cc   0x00000020   Code   RO        16893    .text               mc_w.l(llushr.o)
    0x080004ec   0x080004ec   0x00000000   Code   RO        16904    .text               mc_w.l(iusefp.o)
    0x080004ec   0x080004ec   0x0000014e   Code   RO        16905    .text               mf_w.l(dadd.o)
    0x0800063a   0x0800063a   0x000000e4   Code   RO        16907    .text               mf_w.l(dmul.o)
    0x0800071e   0x0800071e   0x000000de   Code   RO        16909    .text               mf_w.l(ddiv.o)
    0x080007fc   0x080007fc   0x00000030   Code   RO        16911    .text               mf_w.l(dfixul.o)
    0x0800082c   0x0800082c   0x00000030   Code   RO        16913    .text               mf_w.l(cdrcmple.o)
    0x0800085c   0x0800085c   0x00000024   Code   RO        16923    .text               mc_w.l(init.o)
    0x08000880   0x08000880   0x000000ba   Code   RO        16927    .text               mf_w.l(depilogue.o)
    0x0800093a   0x0800093a   0x00000056   Code   RO        16937    .text               mc_w.l(__dczerorl2.o)
    0x08000990   0x08000990   0x00000128   Code   RO         3488    i.ADC_ConfigureBoostMode  stm32h7xx_hal_adc.o
    0x08000ab8   0x08000ab8   0x0000007e   Code   RO         3490    i.ADC_DMAConvCplt   stm32h7xx_hal_adc.o
    0x08000b36   0x08000b36   0x0000001a   Code   RO         3491    i.ADC_DMAError      stm32h7xx_hal_adc.o
    0x08000b50   0x08000b50   0x0000000a   Code   RO         3492    i.ADC_DMAHalfConvCplt  stm32h7xx_hal_adc.o
    0x08000b5a   0x08000b5a   0x00000002   PAD
    0x08000b5c   0x08000b5c   0x00000084   Code   RO         3493    i.ADC_Disable       stm32h7xx_hal_adc.o
    0x08000be0   0x08000be0   0x000000c0   Code   RO         3494    i.ADC_Enable        stm32h7xx_hal_adc.o
    0x08000ca0   0x08000ca0   0x00000018   Code   RO         1131    i.AmpereToCurrentValue  fpga_motor_driver.o
    0x08000cb8   0x08000cb8   0x00000002   Code   RO         2238    i.BusFault_Handler  stm32h7xx_it.o
    0x08000cba   0x08000cba   0x00000002   PAD
    0x08000cbc   0x08000cbc   0x00000028   Code   RO         1883    i.CAN_senddata      fdcan.o
    0x08000ce4   0x08000ce4   0x0000001c   Code   RO         1491    i.CTRLLERPWR        freertos.o
    0x08000d00   0x08000d00   0x0000002c   Code   RO         1132    i.CalculateChecksum  fpga_motor_driver.o
    0x08000d2c   0x08000d2c   0x00000058   Code   RO         1493    i.CopeSensorData    freertos.o
    0x08000d84   0x08000d84   0x00000068   Code   RO         1494    i.CurrentPeriodCTRLFUN  freertos.o
    0x08000dec   0x08000dec   0x00000018   Code   RO         1133    i.CurrentToAmpere   fpga_motor_driver.o
    0x08000e04   0x08000e04   0x0000000c   Code   RO         2239    i.DMA1_Stream0_IRQHandler  stm32h7xx_it.o
    0x08000e10   0x08000e10   0x0000000c   Code   RO         2240    i.DMA1_Stream1_IRQHandler  stm32h7xx_it.o
    0x08000e1c   0x08000e1c   0x0000000c   Code   RO         2241    i.DMA1_Stream2_IRQHandler  stm32h7xx_it.o
    0x08000e28   0x08000e28   0x0000000c   Code   RO         2242    i.DMA1_Stream3_IRQHandler  stm32h7xx_it.o
    0x08000e34   0x08000e34   0x0000000c   Code   RO         2243    i.DMA1_Stream4_IRQHandler  stm32h7xx_it.o
    0x08000e40   0x08000e40   0x0000000c   Code   RO         2244    i.DMA1_Stream5_IRQHandler  stm32h7xx_it.o
    0x08000e4c   0x08000e4c   0x0000000c   Code   RO         2245    i.DMA1_Stream6_IRQHandler  stm32h7xx_it.o
    0x08000e58   0x08000e58   0x0000000c   Code   RO         2246    i.DMA1_Stream7_IRQHandler  stm32h7xx_it.o
    0x08000e64   0x08000e64   0x0000000c   Code   RO         2247    i.DMA2_Stream0_IRQHandler  stm32h7xx_it.o
    0x08000e70   0x08000e70   0x000000c0   Code   RO         4661    i.DMA_CalcBaseAndBitshift  stm32h7xx_hal_dma.o
    0x08000f30   0x08000f30   0x000000a0   Code   RO         4662    i.DMA_CalcDMAMUXChannelBaseAndMask  stm32h7xx_hal_dma.o
    0x08000fd0   0x08000fd0   0x0000007c   Code   RO         4663    i.DMA_CalcDMAMUXRequestGenBaseAndMask  stm32h7xx_hal_dma.o
    0x0800104c   0x0800104c   0x00000078   Code   RO         4664    i.DMA_CheckFifoParam  stm32h7xx_hal_dma.o
    0x080010c4   0x080010c4   0x0000023c   Code   RO         4665    i.DMA_SetConfig     stm32h7xx_hal_dma.o
    0x08001300   0x08001300   0x00000002   Code   RO         2248    i.DebugMon_Handler  stm32h7xx_it.o
    0x08001302   0x08001302   0x00000004   Code   RO         1495    i.Delayms           freertos.o
    0x08001306   0x08001306   0x00000004   Code   RO         1341    i.Error_Handler     main.o
    0x0800130a   0x0800130a   0x00000002   PAD
    0x0800130c   0x0800130c   0x0000008c   Code   RO         1884    i.FDCAN1_Config     fdcan.o
    0x08001398   0x08001398   0x0000000c   Code   RO         2249    i.FDCAN1_IT0_IRQHandler  stm32h7xx_it.o
    0x080013a4   0x080013a4   0x000001b0   Code   RO         6537    i.FDCAN_CalcultateRamBlockAddresses  stm32h7xx_hal_fdcan.o
    0x08001554   0x08001554   0x00000074   Code   RO         6538    i.FDCAN_CopyMessageToRAM  stm32h7xx_hal_fdcan.o
    0x080015c8   0x080015c8   0x0000000c   Code   RO         1496    i.GetRTCTimeFUN     freertos.o
    0x080015d4   0x080015d4   0x000000a4   Code   RO         3715    i.HAL_ADCEx_Calibration_Start  stm32h7xx_hal_adc_ex.o
    0x08001678   0x08001678   0x00000128   Code   RO         3735    i.HAL_ADCEx_MultiModeConfigChannel  stm32h7xx_hal_adc_ex.o
    0x080017a0   0x080017a0   0x00000400   Code   RO         3496    i.HAL_ADC_ConfigChannel  stm32h7xx_hal_adc.o
    0x08001ba0   0x08001ba0   0x0000002c   Code   RO         1755    i.HAL_ADC_ConvCpltCallback  adc.o
    0x08001bcc   0x08001bcc   0x0000002c   Code   RO         1756    i.HAL_ADC_ConvHalfCpltCallback  adc.o
    0x08001bf8   0x08001bf8   0x00000002   Code   RO         3500    i.HAL_ADC_ErrorCallback  stm32h7xx_hal_adc.o
    0x08001bfa   0x08001bfa   0x00000002   PAD
    0x08001bfc   0x08001bfc   0x0000022c   Code   RO         3505    i.HAL_ADC_Init      stm32h7xx_hal_adc.o
    0x08001e28   0x08001e28   0x00000118   Code   RO         1758    i.HAL_ADC_MspInit   adc.o
    0x08001f40   0x08001f40   0x0000010c   Code   RO         3512    i.HAL_ADC_Start_DMA  stm32h7xx_hal_adc.o
    0x0800204c   0x0800204c   0x00000062   Code   RO         6503    i.HAL_CRCEx_Polynomial_Set  stm32h7xx_hal_crc_ex.o
    0x080020ae   0x080020ae   0x00000002   PAD
    0x080020b0   0x080020b0   0x00000080   Code   RO         6437    i.HAL_CRC_Init      stm32h7xx_hal_crc.o
    0x08002130   0x08002130   0x00000028   Code   RO         1815    i.HAL_CRC_MspInit   crc.o
    0x08002158   0x08002158   0x0000037c   Code   RO         4666    i.HAL_DMA_Abort     stm32h7xx_hal_dma.o
    0x080024d4   0x080024d4   0x000002b0   Code   RO         4667    i.HAL_DMA_Abort_IT  stm32h7xx_hal_dma.o
    0x08002784   0x08002784   0x000007a8   Code   RO         4671    i.HAL_DMA_IRQHandler  stm32h7xx_hal_dma.o
    0x08002f2c   0x08002f2c   0x000003fc   Code   RO         4672    i.HAL_DMA_Init      stm32h7xx_hal_dma.o
    0x08003328   0x08003328   0x000002ec   Code   RO         4676    i.HAL_DMA_Start_IT  stm32h7xx_hal_dma.o
    0x08003614   0x08003614   0x00000084   Code   RO         6540    i.HAL_FDCAN_ActivateNotification  stm32h7xx_hal_fdcan.o
    0x08003698   0x08003698   0x0000006c   Code   RO         6542    i.HAL_FDCAN_AddMessageToTxFifoQ  stm32h7xx_hal_fdcan.o
    0x08003704   0x08003704   0x00000002   Code   RO         6543    i.HAL_FDCAN_ClockCalibrationCallback  stm32h7xx_hal_fdcan.o
    0x08003706   0x08003706   0x00000054   Code   RO         6546    i.HAL_FDCAN_ConfigFifoWatermark  stm32h7xx_hal_fdcan.o
    0x0800375a   0x0800375a   0x00000088   Code   RO         6547    i.HAL_FDCAN_ConfigFilter  stm32h7xx_hal_fdcan.o
    0x080037e2   0x080037e2   0x00000030   Code   RO         6548    i.HAL_FDCAN_ConfigGlobalFilter  stm32h7xx_hal_fdcan.o
    0x08003812   0x08003812   0x00000022   Code   RO         6554    i.HAL_FDCAN_ConfigTxDelayCompensation  stm32h7xx_hal_fdcan.o
    0x08003834   0x08003834   0x00000024   Code   RO         6567    i.HAL_FDCAN_EnableTxDelayCompensation  stm32h7xx_hal_fdcan.o
    0x08003858   0x08003858   0x0000000e   Code   RO         1885    i.HAL_FDCAN_ErrorCallback  fdcan.o
    0x08003866   0x08003866   0x00000002   Code   RO         6570    i.HAL_FDCAN_ErrorStatusCallback  stm32h7xx_hal_fdcan.o
    0x08003868   0x08003868   0x000001a8   Code   RO         6581    i.HAL_FDCAN_GetRxMessage  stm32h7xx_hal_fdcan.o
    0x08003a10   0x08003a10   0x00000002   Code   RO         6587    i.HAL_FDCAN_HighPriorityMessageCallback  stm32h7xx_hal_fdcan.o
    0x08003a12   0x08003a12   0x00000002   PAD
    0x08003a14   0x08003a14   0x000002ec   Code   RO         6588    i.HAL_FDCAN_IRQHandler  stm32h7xx_hal_fdcan.o
    0x08003d00   0x08003d00   0x00000268   Code   RO         6589    i.HAL_FDCAN_Init    stm32h7xx_hal_fdcan.o
    0x08003f68   0x08003f68   0x00000098   Code   RO         1887    i.HAL_FDCAN_MspInit  fdcan.o
    0x08004000   0x08004000   0x00000002   Code   RO         6598    i.HAL_FDCAN_RxBufferNewMessageCallback  stm32h7xx_hal_fdcan.o
    0x08004002   0x08004002   0x00000002   PAD
    0x08004004   0x08004004   0x00000108   Code   RO         1888    i.HAL_FDCAN_RxFifo0Callback  fdcan.o
    0x0800410c   0x0800410c   0x00000002   Code   RO         6600    i.HAL_FDCAN_RxFifo1Callback  stm32h7xx_hal_fdcan.o
    0x0800410e   0x0800410e   0x00000030   Code   RO         6601    i.HAL_FDCAN_Start   stm32h7xx_hal_fdcan.o
    0x0800413e   0x0800413e   0x00000002   Code   RO         6623    i.HAL_FDCAN_TT_GlobalTimeCallback  stm32h7xx_hal_fdcan.o
    0x08004140   0x08004140   0x00000002   Code   RO         6624    i.HAL_FDCAN_TT_ScheduleSyncCallback  stm32h7xx_hal_fdcan.o
    0x08004142   0x08004142   0x00000002   Code   RO         6629    i.HAL_FDCAN_TT_StopWatchCallback  stm32h7xx_hal_fdcan.o
    0x08004144   0x08004144   0x00000002   Code   RO         6630    i.HAL_FDCAN_TT_TimeMarkCallback  stm32h7xx_hal_fdcan.o
    0x08004146   0x08004146   0x00000002   Code   RO         6631    i.HAL_FDCAN_TimeoutOccurredCallback  stm32h7xx_hal_fdcan.o
    0x08004148   0x08004148   0x00000002   Code   RO         6632    i.HAL_FDCAN_TimestampWraparoundCallback  stm32h7xx_hal_fdcan.o
    0x0800414a   0x0800414a   0x00000002   Code   RO         6633    i.HAL_FDCAN_TxBufferAbortCallback  stm32h7xx_hal_fdcan.o
    0x0800414c   0x0800414c   0x00000002   Code   RO         6634    i.HAL_FDCAN_TxBufferCompleteCallback  stm32h7xx_hal_fdcan.o
    0x0800414e   0x0800414e   0x00000002   Code   RO         6635    i.HAL_FDCAN_TxEventFifoCallback  stm32h7xx_hal_fdcan.o
    0x08004150   0x08004150   0x00000002   Code   RO         6636    i.HAL_FDCAN_TxFifoEmptyCallback  stm32h7xx_hal_fdcan.o
    0x08004152   0x08004152   0x00000002   PAD
    0x08004154   0x08004154   0x00000224   Code   RO         4514    i.HAL_GPIO_Init     stm32h7xx_hal_gpio.o
    0x08004378   0x08004378   0x0000000e   Code   RO         4516    i.HAL_GPIO_ReadPin  stm32h7xx_hal_gpio.o
    0x08004386   0x08004386   0x00000010   Code   RO         4517    i.HAL_GPIO_TogglePin  stm32h7xx_hal_gpio.o
    0x08004396   0x08004396   0x0000000e   Code   RO         4518    i.HAL_GPIO_WritePin  stm32h7xx_hal_gpio.o
    0x080043a4   0x080043a4   0x0000000c   Code   RO         5539    i.HAL_GetREVID      stm32h7xx_hal.o
    0x080043b0   0x080043b0   0x0000000c   Code   RO         5540    i.HAL_GetTick       stm32h7xx_hal.o
    0x080043bc   0x080043bc   0x0000005a   Code   RO         6305    i.HAL_I2CEx_ConfigAnalogFilter  stm32h7xx_hal_i2c_ex.o
    0x08004416   0x08004416   0x00000056   Code   RO         6306    i.HAL_I2CEx_ConfigDigitalFilter  stm32h7xx_hal_i2c_ex.o
    0x0800446c   0x0800446c   0x00000028   Code   RO         6309    i.HAL_I2CEx_EnableFastModePlus  stm32h7xx_hal_i2c_ex.o
    0x08004494   0x08004494   0x000000cc   Code   RO         5844    i.HAL_I2C_Init      stm32h7xx_hal_i2c.o
    0x08004560   0x08004560   0x0000016c   Code   RO         5857    i.HAL_I2C_Master_Transmit  stm32h7xx_hal_i2c.o
    0x080046cc   0x080046cc   0x000000f4   Code   RO         1968    i.HAL_I2C_MspInit   i2c.o
    0x080047c0   0x080047c0   0x00000010   Code   RO         5546    i.HAL_IncTick       stm32h7xx_hal.o
    0x080047d0   0x080047d0   0x0000005c   Code   RO         5547    i.HAL_Init          stm32h7xx_hal.o
    0x0800482c   0x0800482c   0x00000088   Code   RO         2431    i.HAL_InitTick      stm32h7xx_hal_timebase_tim.o
    0x080048b4   0x080048b4   0x00000054   Code   RO         5369    i.HAL_MPU_ConfigRegion  stm32h7xx_hal_cortex.o
    0x08004908   0x08004908   0x0000001c   Code   RO         5370    i.HAL_MPU_Disable   stm32h7xx_hal_cortex.o
    0x08004924   0x08004924   0x00000024   Code   RO         5372    i.HAL_MPU_Enable    stm32h7xx_hal_cortex.o
    0x08004948   0x08004948   0x00000024   Code   RO         2407    i.HAL_MspInit       stm32h7xx_hal_msp.o
    0x0800496c   0x0800496c   0x0000001a   Code   RO         5376    i.HAL_NVIC_EnableIRQ  stm32h7xx_hal_cortex.o
    0x08004986   0x08004986   0x00000002   PAD
    0x08004988   0x08004988   0x00000040   Code   RO         5382    i.HAL_NVIC_SetPriority  stm32h7xx_hal_cortex.o
    0x080049c8   0x080049c8   0x00000024   Code   RO         5383    i.HAL_NVIC_SetPriorityGrouping  stm32h7xx_hal_cortex.o
    0x080049ec   0x080049ec   0x00000058   Code   RO         5115    i.HAL_PWREx_ConfigSupply  stm32h7xx_hal_pwr_ex.o
    0x08004a44   0x08004a44   0x00000010   Code   RO         4997    i.HAL_PWR_EnableBkUpAccess  stm32h7xx_hal_pwr.o
    0x08004a54   0x08004a54   0x00000024   Code   RO         4065    i.HAL_RCCEx_GetD3PCLK1Freq  stm32h7xx_hal_rcc_ex.o
    0x08004a78   0x08004a78   0x000001c0   Code   RO         4066    i.HAL_RCCEx_GetPLL1ClockFreq  stm32h7xx_hal_rcc_ex.o
    0x08004c38   0x08004c38   0x000001c0   Code   RO         4067    i.HAL_RCCEx_GetPLL2ClockFreq  stm32h7xx_hal_rcc_ex.o
    0x08004df8   0x08004df8   0x000001c0   Code   RO         4068    i.HAL_RCCEx_GetPLL3ClockFreq  stm32h7xx_hal_rcc_ex.o
    0x08004fb8   0x08004fb8   0x000005ee   Code   RO         4070    i.HAL_RCCEx_GetPeriphCLKFreq  stm32h7xx_hal_rcc_ex.o
    0x080055a6   0x080055a6   0x00000002   PAD
    0x080055a8   0x080055a8   0x00000a04   Code   RO         4074    i.HAL_RCCEx_PeriphCLKConfig  stm32h7xx_hal_rcc_ex.o
    0x08005fac   0x08005fac   0x0000027c   Code   RO         3950    i.HAL_RCC_ClockConfig  stm32h7xx_hal_rcc.o
    0x08006228   0x08006228   0x00000060   Code   RO         3954    i.HAL_RCC_GetClockConfig  stm32h7xx_hal_rcc.o
    0x08006288   0x08006288   0x00000044   Code   RO         3955    i.HAL_RCC_GetHCLKFreq  stm32h7xx_hal_rcc.o
    0x080062cc   0x080062cc   0x00000024   Code   RO         3957    i.HAL_RCC_GetPCLK1Freq  stm32h7xx_hal_rcc.o
    0x080062f0   0x080062f0   0x00000024   Code   RO         3958    i.HAL_RCC_GetPCLK2Freq  stm32h7xx_hal_rcc.o
    0x08006314   0x08006314   0x000001b4   Code   RO         3959    i.HAL_RCC_GetSysClockFreq  stm32h7xx_hal_rcc.o
    0x080064c8   0x080064c8   0x00000684   Code   RO         3962    i.HAL_RCC_OscConfig  stm32h7xx_hal_rcc.o
    0x08006b4c   0x08006b4c   0x00000002   Code   RO         7299    i.HAL_RTCEx_AlarmBEventCallback  stm32h7xx_hal_rtc_ex.o
    0x08006b4e   0x08006b4e   0x00000002   Code   RO         7155    i.HAL_RTC_AlarmAEventCallback  stm32h7xx_hal_rtc.o
    0x08006b50   0x08006b50   0x00000058   Code   RO         7156    i.HAL_RTC_AlarmIRQHandler  stm32h7xx_hal_rtc.o
    0x08006ba8   0x08006ba8   0x00000044   Code   RO         7160    i.HAL_RTC_GetDate   stm32h7xx_hal_rtc.o
    0x08006bec   0x08006bec   0x00000054   Code   RO         7162    i.HAL_RTC_GetTime   stm32h7xx_hal_rtc.o
    0x08006c40   0x08006c40   0x000000a0   Code   RO         7163    i.HAL_RTC_Init      stm32h7xx_hal_rtc.o
    0x08006ce0   0x08006ce0   0x00000054   Code   RO         2016    i.HAL_RTC_MspInit   rtc.o
    0x08006d34   0x08006d34   0x000001ae   Code   RO         7168    i.HAL_RTC_SetAlarm_IT  stm32h7xx_hal_rtc.o
    0x08006ee2   0x08006ee2   0x00000002   PAD
    0x08006ee4   0x08006ee4   0x000000a4   Code   RO         7169    i.HAL_RTC_SetDate   stm32h7xx_hal_rtc.o
    0x08006f88   0x08006f88   0x000000cc   Code   RO         7170    i.HAL_RTC_SetTime   stm32h7xx_hal_rtc.o
    0x08007054   0x08007054   0x00000034   Code   RO         7171    i.HAL_RTC_WaitForSynchro  stm32h7xx_hal_rtc.o
    0x08007088   0x08007088   0x00000002   Code   RO         3197    i.HAL_TIMEx_Break2Callback  stm32h7xx_hal_tim_ex.o
    0x0800708a   0x0800708a   0x00000002   Code   RO         3198    i.HAL_TIMEx_BreakCallback  stm32h7xx_hal_tim_ex.o
    0x0800708c   0x0800708c   0x00000002   Code   RO         3199    i.HAL_TIMEx_CommutCallback  stm32h7xx_hal_tim_ex.o
    0x0800708e   0x0800708e   0x00000002   PAD
    0x08007090   0x08007090   0x000000a0   Code   RO         3219    i.HAL_TIMEx_MasterConfigSynchronization  stm32h7xx_hal_tim_ex.o
    0x08007130   0x08007130   0x0000004e   Code   RO         2472    i.HAL_TIM_Base_Init  stm32h7xx_hal_tim.o
    0x0800717e   0x0800717e   0x00000002   PAD
    0x08007180   0x08007180   0x00000090   Code   RO         2078    i.HAL_TIM_Base_MspInit  tim.o
    0x08007210   0x08007210   0x00000094   Code   RO         2477    i.HAL_TIM_Base_Start_IT  stm32h7xx_hal_tim.o
    0x080072a4   0x080072a4   0x00000108   Code   RO         2481    i.HAL_TIM_ConfigClockSource  stm32h7xx_hal_tim.o
    0x080073ac   0x080073ac   0x00000002   Code   RO         2506    i.HAL_TIM_IC_CaptureCallback  stm32h7xx_hal_tim.o
    0x080073ae   0x080073ae   0x00000152   Code   RO         2520    i.HAL_TIM_IRQHandler  stm32h7xx_hal_tim.o
    0x08007500   0x08007500   0x00000054   Code   RO         2079    i.HAL_TIM_MspPostInit  tim.o
    0x08007554   0x08007554   0x0000006e   Code   RO         2521    i.HAL_TIM_OC_ConfigChannel  stm32h7xx_hal_tim.o
    0x080075c2   0x080075c2   0x00000002   Code   RO         2523    i.HAL_TIM_OC_DelayElapsedCallback  stm32h7xx_hal_tim.o
    0x080075c4   0x080075c4   0x0000004e   Code   RO         2525    i.HAL_TIM_OC_Init   stm32h7xx_hal_tim.o
    0x08007612   0x08007612   0x00000002   Code   RO         2527    i.HAL_TIM_OC_MspInit  stm32h7xx_hal_tim.o
    0x08007614   0x08007614   0x00000002   Code   RO         2550    i.HAL_TIM_PWM_PulseFinishedCallback  stm32h7xx_hal_tim.o
    0x08007616   0x08007616   0x00000002   PAD
    0x08007618   0x08007618   0x00000128   Code   RO         2552    i.HAL_TIM_PWM_Start  stm32h7xx_hal_tim.o
    0x08007740   0x08007740   0x00000030   Code   RO         1342    i.HAL_TIM_PeriodElapsedCallback  main.o
    0x08007770   0x08007770   0x00000002   Code   RO         2563    i.HAL_TIM_TriggerCallback  stm32h7xx_hal_tim.o
    0x08007772   0x08007772   0x0000003e   Code   RO         7964    i.HAL_UARTEx_DisableFifoMode  stm32h7xx_hal_uart_ex.o
    0x080077b0   0x080077b0   0x00000052   Code   RO         7970    i.HAL_UARTEx_ReceiveToIdle_DMA  stm32h7xx_hal_uart_ex.o
    0x08007802   0x08007802   0x0000004e   Code   RO         7971    i.HAL_UARTEx_ReceiveToIdle_IT  stm32h7xx_hal_uart_ex.o
    0x08007850   0x08007850   0x00000150   Code   RO         1343    i.HAL_UARTEx_RxEventCallback  main.o
    0x080079a0   0x080079a0   0x00000002   Code   RO         7972    i.HAL_UARTEx_RxFifoFullCallback  stm32h7xx_hal_uart_ex.o
    0x080079a2   0x080079a2   0x0000004c   Code   RO         7973    i.HAL_UARTEx_SetRxFifoThreshold  stm32h7xx_hal_uart_ex.o
    0x080079ee   0x080079ee   0x0000004c   Code   RO         7974    i.HAL_UARTEx_SetTxFifoThreshold  stm32h7xx_hal_uart_ex.o
    0x08007a3a   0x08007a3a   0x00000002   Code   RO         7976    i.HAL_UARTEx_TxFifoEmptyCallback  stm32h7xx_hal_uart_ex.o
    0x08007a3c   0x08007a3c   0x00000002   Code   RO         7977    i.HAL_UARTEx_WakeupCallback  stm32h7xx_hal_uart_ex.o
    0x08007a3e   0x08007a3e   0x0000001e   Code   RO         2165    i.HAL_UART_ErrorCallback  usart.o
    0x08007a5c   0x08007a5c   0x00000394   Code   RO         7567    i.HAL_UART_IRQHandler  stm32h7xx_hal_uart.o
    0x08007df0   0x08007df0   0x00000070   Code   RO         7568    i.HAL_UART_Init     stm32h7xx_hal_uart.o
    0x08007e60   0x08007e60   0x00000400   Code   RO         2167    i.HAL_UART_MspInit  usart.o
    0x08008260   0x08008260   0x00000048   Code   RO         7573    i.HAL_UART_Receive_IT  stm32h7xx_hal_uart.o
    0x080082a8   0x080082a8   0x00000002   Code   RO         7575    i.HAL_UART_RxCpltCallback  stm32h7xx_hal_uart.o
    0x080082aa   0x080082aa   0x00000002   Code   RO         7576    i.HAL_UART_RxHalfCpltCallback  stm32h7xx_hal_uart.o
    0x080082ac   0x080082ac   0x00000090   Code   RO         7578    i.HAL_UART_Transmit_DMA  stm32h7xx_hal_uart.o
    0x0800833c   0x0800833c   0x00000098   Code   RO         7579    i.HAL_UART_Transmit_IT  stm32h7xx_hal_uart.o
    0x080083d4   0x080083d4   0x00000002   Code   RO         7580    i.HAL_UART_TxCpltCallback  stm32h7xx_hal_uart.o
    0x080083d6   0x080083d6   0x00000002   Code   RO         7581    i.HAL_UART_TxHalfCpltCallback  stm32h7xx_hal_uart.o
    0x080083d8   0x080083d8   0x00000002   Code   RO         2250    i.HardFault_Handler  stm32h7xx_it.o
    0x080083da   0x080083da   0x00000022   Code   RO         5891    i.I2C_Flush_TXDR    stm32h7xx_hal_i2c.o
    0x080083fc   0x080083fc   0x00000104   Code   RO         5899    i.I2C_IsErrorOccurred  stm32h7xx_hal_i2c.o
    0x08008500   0x08008500   0x00000030   Code   RO         5908    i.I2C_TransferConfig  stm32h7xx_hal_i2c.o
    0x08008530   0x08008530   0x0000007a   Code   RO         5910    i.I2C_WaitOnFlagUntilTimeout  stm32h7xx_hal_i2c.o
    0x080085aa   0x080085aa   0x00000056   Code   RO         5912    i.I2C_WaitOnSTOPFlagUntilTimeout  stm32h7xx_hal_i2c.o
    0x08008600   0x08008600   0x0000005a   Code   RO         5913    i.I2C_WaitOnTXISFlagUntilTimeout  stm32h7xx_hal_i2c.o
    0x0800865a   0x0800865a   0x00000002   PAD
    0x0800865c   0x0800865c   0x0000002c   Code   RO         1497    i.IMU_CRC16         freertos.o
    0x08008688   0x08008688   0x00000002   Code   RO         1498    i.IMU_EnqFUN        freertos.o
    0x0800868a   0x0800868a   0x00000002   PAD
    0x0800868c   0x0800868c   0x00000548   Code   RO         1499    i.IMU_TaskFUN       freertos.o
    0x08008bd4   0x08008bd4   0x0000002c   Code   RO         1134    i.InitMotorControl_Group1  fpga_motor_driver.o
    0x08008c00   0x08008c00   0x00000008   Code   RO         3517    i.LL_ADC_INJ_IsConversionOngoing  stm32h7xx_hal_adc.o
    0x08008c08   0x08008c08   0x00000008   Code   RO         3518    i.LL_ADC_IsEnabled  stm32h7xx_hal_adc.o
    0x08008c10   0x08008c10   0x00000008   Code   RO         3519    i.LL_ADC_REG_IsConversionOngoing  stm32h7xx_hal_adc.o
    0x08008c18   0x08008c18   0x00000008   Code   RO         3746    i.LL_ADC_REG_IsConversionOngoing  stm32h7xx_hal_adc_ex.o
    0x08008c20   0x08008c20   0x00000010   Code   RO         3520    i.LL_ADC_REG_IsTriggerSourceSWStart  stm32h7xx_hal_adc.o
    0x08008c30   0x08008c30   0x0000001e   Code   RO         3522    i.LL_ADC_SetChannelSamplingTime  stm32h7xx_hal_adc.o
    0x08008c4e   0x08008c4e   0x00000002   PAD
    0x08008c50   0x08008c50   0x00000114   Code   RO         1500    i.LoadCellCALFUN    freertos.o
    0x08008d64   0x08008d64   0x0000006c   Code   RO          791    i.MB85RC1M_Write    mb85rc1m.o
    0x08008dd0   0x08008dd0   0x0000004e   Code   RO         1344    i.MPU_Config        main.o
    0x08008e1e   0x08008e1e   0x00000002   PAD
    0x08008e20   0x08008e20   0x000000e0   Code   RO         1759    i.MX_ADC1_Init      adc.o
    0x08008f00   0x08008f00   0x00000030   Code   RO         1816    i.MX_CRC_Init       crc.o
    0x08008f30   0x08008f30   0x000000bc   Code   RO         1856    i.MX_DMA_Init       dma.o
    0x08008fec   0x08008fec   0x00000068   Code   RO         1889    i.MX_FDCAN1_Init    fdcan.o
    0x08009054   0x08009054   0x00000190   Code   RO         1501    i.MX_FREERTOS_Init  freertos.o
    0x080091e4   0x080091e4   0x00000104   Code   RO         1464    i.MX_GPIO_Init      gpio.o
    0x080092e8   0x080092e8   0x00000058   Code   RO         1969    i.MX_I2C1_Init      i2c.o
    0x08009340   0x08009340   0x0000005c   Code   RO         1970    i.MX_I2C2_Init      i2c.o
    0x0800939c   0x0800939c   0x000000bc   Code   RO         2017    i.MX_RTC_Init       rtc.o
    0x08009458   0x08009458   0x00000038   Code   RO         2080    i.MX_TIM17_Init     tim.o
    0x08009490   0x08009490   0x00000068   Code   RO         2081    i.MX_TIM3_Init      tim.o
    0x080094f8   0x080094f8   0x000000b0   Code   RO         2082    i.MX_TIM4_Init      tim.o
    0x080095a8   0x080095a8   0x00000048   Code   RO         2083    i.MX_TIM6_Init      tim.o
    0x080095f0   0x080095f0   0x00000068   Code   RO         2168    i.MX_UART4_Init     usart.o
    0x08009658   0x08009658   0x00000068   Code   RO         2169    i.MX_UART5_Init     usart.o
    0x080096c0   0x080096c0   0x00000068   Code   RO         2170    i.MX_UART7_Init     usart.o
    0x08009728   0x08009728   0x00000068   Code   RO         2171    i.MX_UART8_Init     usart.o
    0x08009790   0x08009790   0x00000068   Code   RO         2172    i.MX_USART3_UART_Init  usart.o
    0x080097f8   0x080097f8   0x00000002   Code   RO         2251    i.MemManage_Handler  stm32h7xx_it.o
    0x080097fa   0x080097fa   0x00000002   PAD
    0x080097fc   0x080097fc   0x000000d8   Code   RO         1136    i.Motor1_StartRxToIdle_DMA  fpga_motor_driver.o
    0x080098d4   0x080098d4   0x000000d8   Code   RO         1137    i.Motor2_StartRxToIdle_DMA  fpga_motor_driver.o
    0x080099ac   0x080099ac   0x00000024   Code   RO         1502    i.MotorRXDecodeG1FUN  freertos.o
    0x080099d0   0x080099d0   0x00000024   Code   RO         1503    i.MotorRXDecodeG2FUN  freertos.o
    0x080099f4   0x080099f4   0x00000002   Code   RO         2252    i.NMI_Handler       stm32h7xx_it.o
    0x080099f6   0x080099f6   0x00000002   PAD
    0x080099f8   0x080099f8   0x0000002c   Code   RO          734    i.PID_Init          pid.o
    0x08009a24   0x08009a24   0x00000062   Code   RO          735    i.PID_Update        pid.o
    0x08009a86   0x08009a86   0x00000002   PAD
    0x08009a88   0x08009a88   0x00000018   Code   RO         1138    i.PositionToTurns   fpga_motor_driver.o
    0x08009aa0   0x08009aa0   0x000000ac   Code   RO         1139    i.ProcessFeedbackFrame_Group1  fpga_motor_driver.o
    0x08009b4c   0x08009b4c   0x000000ac   Code   RO         1140    i.ProcessFeedbackFrame_Group2  fpga_motor_driver.o
    0x08009bf8   0x08009bf8   0x00000124   Code   RO         4077    i.RCCEx_PLL2_Config  stm32h7xx_hal_rcc_ex.o
    0x08009d1c   0x08009d1c   0x00000124   Code   RO         4078    i.RCCEx_PLL3_Config  stm32h7xx_hal_rcc_ex.o
    0x08009e40   0x08009e40   0x00000014   Code   RO         1141    i.RPMToSpeed        fpga_motor_driver.o
    0x08009e54   0x08009e54   0x0000000c   Code   RO         2253    i.RTC_Alarm_IRQHandler  stm32h7xx_it.o
    0x08009e60   0x08009e60   0x00000012   Code   RO         7172    i.RTC_Bcd2ToByte    stm32h7xx_hal_rtc.o
    0x08009e72   0x08009e72   0x00000016   Code   RO         7173    i.RTC_ByteToBcd2    stm32h7xx_hal_rtc.o
    0x08009e88   0x08009e88   0x00000044   Code   RO         7174    i.RTC_EnterInitMode  stm32h7xx_hal_rtc.o
    0x08009ecc   0x08009ecc   0x00000054   Code   RO         7175    i.RTC_ExitInitMode  stm32h7xx_hal_rtc.o
    0x08009f20   0x08009f20   0x000000bc   Code   RO         2018    i.RTC_GetDateTimeMs  rtc.o
    0x08009fdc   0x08009fdc   0x000000ac   Code   RO         1142    i.SendMotorControlFrame_Group1  fpga_motor_driver.o
    0x0800a088   0x0800a088   0x000000ac   Code   RO         1143    i.SendMotorControlFrame_Group2  fpga_motor_driver.o
    0x0800a134   0x0800a134   0x00000014   Code   RO         1504    i.SensorUartSend    freertos.o
    0x0800a148   0x0800a148   0x00000030   Code   RO         1144    i.SetMotorCurrentAmpere_Group1  fpga_motor_driver.o
    0x0800a178   0x0800a178   0x00000030   Code   RO         1145    i.SetMotorCurrentAmpere_Group2  fpga_motor_driver.o
    0x0800a1a8   0x0800a1a8   0x0000001c   Code   RO         1146    i.SetMotorMode_Group1  fpga_motor_driver.o
    0x0800a1c4   0x0800a1c4   0x0000001c   Code   RO         1147    i.SetMotorMode_Group2  fpga_motor_driver.o
    0x0800a1e0   0x0800a1e0   0x00000030   Code   RO         1148    i.SetMotorPositionTurns_Group1  fpga_motor_driver.o
    0x0800a210   0x0800a210   0x00000030   Code   RO         1149    i.SetMotorPositionTurns_Group2  fpga_motor_driver.o
    0x0800a240   0x0800a240   0x00000030   Code   RO         1150    i.SetMotorSpeedRPM_Group1  fpga_motor_driver.o
    0x0800a270   0x0800a270   0x00000030   Code   RO         1151    i.SetMotorSpeedRPM_Group2  fpga_motor_driver.o
    0x0800a2a0   0x0800a2a0   0x00000012   Code   RO         1152    i.SpeedToRPM        fpga_motor_driver.o
    0x0800a2b2   0x0800a2b2   0x00000002   PAD
    0x0800a2b4   0x0800a2b4   0x00000540   Code   RO         1505    i.StateRETFUN       freertos.o
    0x0800a7f4   0x0800a7f4   0x00000014   Code   RO         1153    i.StopAllMotors_Group1  fpga_motor_driver.o
    0x0800a808   0x0800a808   0x00000014   Code   RO         1154    i.StopAllMotors_Group2  fpga_motor_driver.o
    0x0800a81c   0x0800a81c   0x00000038   Code   RO         1155    i.StopMotor_Group1  fpga_motor_driver.o
    0x0800a854   0x0800a854   0x00000038   Code   RO         1156    i.StopMotor_Group2  fpga_motor_driver.o
    0x0800a88c   0x0800a88c   0x0000002c   Code   RO         9643    i.SysTick_Handler   port.o
    0x0800a8b8   0x0800a8b8   0x000000f4   Code   RO         1345    i.SystemClock_Config  main.o
    0x0800a9ac   0x0800a9ac   0x000000dc   Code   RO         8088    i.SystemInit        system_stm32h7xx.o
    0x0800aa88   0x0800aa88   0x0000000c   Code   RO         2254    i.TIM17_IRQHandler  stm32h7xx_it.o
    0x0800aa94   0x0800aa94   0x0000000c   Code   RO         2255    i.TIM1_UP_IRQHandler  stm32h7xx_it.o
    0x0800aaa0   0x0800aaa0   0x000000d0   Code   RO         2565    i.TIM_Base_SetConfig  stm32h7xx_hal_tim.o
    0x0800ab70   0x0800ab70   0x0000001a   Code   RO         2566    i.TIM_CCxChannelCmd  stm32h7xx_hal_tim.o
    0x0800ab8a   0x0800ab8a   0x00000014   Code   RO         2576    i.TIM_ETR_SetConfig  stm32h7xx_hal_tim.o
    0x0800ab9e   0x0800ab9e   0x00000002   PAD
    0x0800aba0   0x0800aba0   0x00000014   Code   RO         2577    i.TIM_ITRx_SetConfig  stm32h7xx_hal_tim.o
    0x0800abb4   0x0800abb4   0x000000a0   Code   RO         2578    i.TIM_OC1_SetConfig  stm32h7xx_hal_tim.o
    0x0800ac54   0x0800ac54   0x00000094   Code   RO         2579    i.TIM_OC2_SetConfig  stm32h7xx_hal_tim.o
    0x0800ace8   0x0800ace8   0x00000094   Code   RO         2580    i.TIM_OC3_SetConfig  stm32h7xx_hal_tim.o
    0x0800ad7c   0x0800ad7c   0x00000074   Code   RO         2581    i.TIM_OC4_SetConfig  stm32h7xx_hal_tim.o
    0x0800adf0   0x0800adf0   0x00000070   Code   RO         2582    i.TIM_OC5_SetConfig  stm32h7xx_hal_tim.o
    0x0800ae60   0x0800ae60   0x00000070   Code   RO         2583    i.TIM_OC6_SetConfig  stm32h7xx_hal_tim.o
    0x0800aed0   0x0800aed0   0x00000022   Code   RO         2585    i.TIM_TI1_ConfigInputStage  stm32h7xx_hal_tim.o
    0x0800aef2   0x0800aef2   0x00000024   Code   RO         2587    i.TIM_TI2_ConfigInputStage  stm32h7xx_hal_tim.o
    0x0800af16   0x0800af16   0x00000002   PAD
    0x0800af18   0x0800af18   0x00000314   Code   RO         1506    i.TSA1ContollFUN    freertos.o
    0x0800b22c   0x0800b22c   0x000002e4   Code   RO         1507    i.TSA2ContollFUN    freertos.o
    0x0800b510   0x0800b510   0x00000060   Code   RO         1508    i.TaForceCALCallback  freertos.o
    0x0800b570   0x0800b570   0x00000178   Code   RO         1509    i.TaskManagerFUN    freertos.o
    0x0800b6e8   0x0800b6e8   0x00000018   Code   RO         1157    i.TurnsToPosition   fpga_motor_driver.o
    0x0800b700   0x0800b700   0x0000000c   Code   RO         2256    i.UART4_IRQHandler  stm32h7xx_it.o
    0x0800b70c   0x0800b70c   0x0000000c   Code   RO         2257    i.UART5_IRQHandler  stm32h7xx_it.o
    0x0800b718   0x0800b718   0x0000001c   Code   RO         2258    i.UART7_IRQHandler  stm32h7xx_it.o
    0x0800b734   0x0800b734   0x0000000c   Code   RO         2259    i.UART8_IRQHandler  stm32h7xx_it.o
    0x0800b740   0x0800b740   0x00000048   Code   RO         7978    i.UARTEx_SetNbDataToProcess  stm32h7xx_hal_uart_ex.o
    0x0800b788   0x0800b788   0x000000c8   Code   RO         7582    i.UART_AdvFeatureConfig  stm32h7xx_hal_uart.o
    0x0800b850   0x0800b850   0x000000aa   Code   RO         7583    i.UART_CheckIdleState  stm32h7xx_hal_uart.o
    0x0800b8fa   0x0800b8fa   0x00000014   Code   RO         7584    i.UART_DMAAbortOnError  stm32h7xx_hal_uart.o
    0x0800b90e   0x0800b90e   0x00000050   Code   RO         7585    i.UART_DMAError     stm32h7xx_hal_uart.o
    0x0800b95e   0x0800b95e   0x00000084   Code   RO         7586    i.UART_DMAReceiveCplt  stm32h7xx_hal_uart.o
    0x0800b9e2   0x0800b9e2   0x00000020   Code   RO         7588    i.UART_DMARxHalfCplt  stm32h7xx_hal_uart.o
    0x0800ba02   0x0800ba02   0x00000042   Code   RO         7590    i.UART_DMATransmitCplt  stm32h7xx_hal_uart.o
    0x0800ba44   0x0800ba44   0x0000000a   Code   RO         7592    i.UART_DMATxHalfCplt  stm32h7xx_hal_uart.o
    0x0800ba4e   0x0800ba4e   0x00000002   PAD
    0x0800ba50   0x0800ba50   0x00000054   Code   RO         7594    i.UART_EndRxTransfer  stm32h7xx_hal_uart.o
    0x0800baa4   0x0800baa4   0x00000024   Code   RO         7595    i.UART_EndTransmit_IT  stm32h7xx_hal_uart.o
    0x0800bac8   0x0800bac8   0x0000002e   Code   RO         7596    i.UART_EndTxTransfer  stm32h7xx_hal_uart.o
    0x0800baf6   0x0800baf6   0x00000002   PAD
    0x0800baf8   0x0800baf8   0x000000c8   Code   RO         7597    i.UART_RxISR_16BIT  stm32h7xx_hal_uart.o
    0x0800bbc0   0x0800bbc0   0x000001a0   Code   RO         7598    i.UART_RxISR_16BIT_FIFOEN  stm32h7xx_hal_uart.o
    0x0800bd60   0x0800bd60   0x000000c8   Code   RO         7599    i.UART_RxISR_8BIT   stm32h7xx_hal_uart.o
    0x0800be28   0x0800be28   0x000001a0   Code   RO         7600    i.UART_RxISR_8BIT_FIFOEN  stm32h7xx_hal_uart.o
    0x0800bfc8   0x0800bfc8   0x00000490   Code   RO         7601    i.UART_SetConfig    stm32h7xx_hal_uart.o
    0x0800c458   0x0800c458   0x000000a4   Code   RO         7602    i.UART_Start_Receive_DMA  stm32h7xx_hal_uart.o
    0x0800c4fc   0x0800c4fc   0x00000124   Code   RO         7603    i.UART_Start_Receive_IT  stm32h7xx_hal_uart.o
    0x0800c620   0x0800c620   0x00000052   Code   RO         7604    i.UART_TxISR_16BIT  stm32h7xx_hal_uart.o
    0x0800c672   0x0800c672   0x00000068   Code   RO         7605    i.UART_TxISR_16BIT_FIFOEN  stm32h7xx_hal_uart.o
    0x0800c6da   0x0800c6da   0x0000004e   Code   RO         7606    i.UART_TxISR_8BIT   stm32h7xx_hal_uart.o
    0x0800c728   0x0800c728   0x00000064   Code   RO         7607    i.UART_TxISR_8BIT_FIFOEN  stm32h7xx_hal_uart.o
    0x0800c78c   0x0800c78c   0x00000098   Code   RO         7608    i.UART_WaitOnFlagUntilTimeout  stm32h7xx_hal_uart.o
    0x0800c824   0x0800c824   0x0000000c   Code   RO         2260    i.USART3_IRQHandler  stm32h7xx_it.o
    0x0800c830   0x0800c830   0x00000002   Code   RO         2261    i.UsageFault_Handler  stm32h7xx_it.o
    0x0800c832   0x0800c832   0x00000002   PAD
    0x0800c834   0x0800c834   0x00000018   Code   RO          912    i.WitDelayMsRegister  wit_c_sdk.o
    0x0800c84c   0x0800c84c   0x0000001c   Code   RO          914    i.WitInit           wit_c_sdk.o
    0x0800c868   0x0800c868   0x00000168   Code   RO          915    i.WitReadReg        wit_c_sdk.o
    0x0800c9d0   0x0800c9d0   0x00000018   Code   RO          916    i.WitRegisterCallBack  wit_c_sdk.o
    0x0800c9e8   0x0800c9e8   0x00000018   Code   RO          918    i.WitSerialWriteRegister  wit_c_sdk.o
    0x0800ca00   0x0800ca00   0x00000028   Code   RO        16762    i.__0sprintf        mc_w.l(printfa.o)
    0x0800ca28   0x0800ca28   0x0000002c   Code   RO          929    i.__CRC16           wit_c_sdk.o
    0x0800ca54   0x0800ca54   0x00000020   Code   RO         5389    i.__NVIC_SetPriority  stm32h7xx_hal_cortex.o
    0x0800ca74   0x0800ca74   0x0000000e   Code   RO        16931    i.__scatterload_copy  mc_w.l(handlers.o)
    0x0800ca82   0x0800ca82   0x00000002   Code   RO        16932    i.__scatterload_null  mc_w.l(handlers.o)
    0x0800ca84   0x0800ca84   0x0000000e   Code   RO        16933    i.__scatterload_zeroinit  mc_w.l(handlers.o)
    0x0800ca92   0x0800ca92   0x00000002   PAD
    0x0800ca94   0x0800ca94   0x00000184   Code   RO        16767    i._fp_digits        mc_w.l(printfa.o)
    0x0800cc18   0x0800cc18   0x000006b4   Code   RO        16768    i._printf_core      mc_w.l(printfa.o)
    0x0800d2cc   0x0800d2cc   0x00000024   Code   RO        16769    i._printf_post_padding  mc_w.l(printfa.o)
    0x0800d2f0   0x0800d2f0   0x0000002e   Code   RO        16770    i._printf_pre_padding  mc_w.l(printfa.o)
    0x0800d31e   0x0800d31e   0x0000000a   Code   RO        16772    i._sputc            mc_w.l(printfa.o)
    0x0800d328   0x0800d328   0x00000016   Code   RO        11568    i.arm_biquad_cascade_df1_init_f32  filteringfunctions.o
    0x0800d33e   0x0800d33e   0x00000002   PAD
    0x0800d340   0x0800d340   0x0000006c   Code   RO        11617    i.arm_fir_f32       filteringfunctions.o
    0x0800d3ac   0x0800d3ac   0x0000001c   Code   RO        11621    i.arm_fir_init_f32  filteringfunctions.o
    0x0800d3c8   0x0800d3c8   0x000000d0   Code   RO          829    i.arm_iir_init_LP   iir.o
    0x0800d498   0x0800d498   0x0000000c   Code   RO         1346    i.configureTimerForRunTimeStats  main.o
    0x0800d4a4   0x0800d4a4   0x0000007c   Code   RO         8665    i.eTaskGetState     tasks.o
    0x0800d520   0x0800d520   0x00000050   Code   RO        16788    i.free              mc_w.l(malloc.o)
    0x0800d570   0x0800d570   0x0000000c   Code   RO         1347    i.getRunTimeCounterValue  main.o
    0x0800d57c   0x0800d57c   0x00000010   Code   RO         9218    i.inHandlerMode     cmsis_os.o
    0x0800d58c   0x0800d58c   0x000001d0   Code   RO         1348    i.main              main.o
    0x0800d75c   0x0800d75c   0x0000000c   Code   RO         9220    i.makeFreeRtosPriority  cmsis_os.o
    0x0800d768   0x0800d768   0x0000006c   Code   RO        16789    i.malloc            mc_w.l(malloc.o)
    0x0800d7d4   0x0800d7d4   0x00000010   Code   RO         9222    i.osDelay           cmsis_os.o
    0x0800d7e4   0x0800d7e4   0x0000000a   Code   RO         9225    i.osKernelStart     cmsis_os.o
    0x0800d7ee   0x0800d7ee   0x00000058   Code   RO         9251    i.osSemaphoreCreate  cmsis_os.o
    0x0800d846   0x0800d846   0x00000002   PAD
    0x0800d848   0x0800d848   0x00000050   Code   RO         9254    i.osSemaphoreRelease  cmsis_os.o
    0x0800d898   0x0800d898   0x00000068   Code   RO         9255    i.osSemaphoreWait   cmsis_os.o
    0x0800d900   0x0800d900   0x00000058   Code   RO         9259    i.osThreadCreate    cmsis_os.o
    0x0800d958   0x0800d958   0x0000003c   Code   RO         9270    i.osTimerCreate     cmsis_os.o
    0x0800d994   0x0800d994   0x00000064   Code   RO         9272    i.osTimerStart      cmsis_os.o
    0x0800d9f8   0x0800d9f8   0x00000070   Code   RO         8667    i.prvAddCurrentTaskToDelayedList  tasks.o
    0x0800da68   0x0800da68   0x0000008c   Code   RO         8668    i.prvAddNewTaskToReadyList  tasks.o
    0x0800daf4   0x0800daf4   0x00000058   Code   RO         9052    i.prvCheckForValidListAndQueue  timers.o
    0x0800db4c   0x0800db4c   0x0000003c   Code   RO         8669    i.prvCheckTasksWaitingTermination  tasks.o
    0x0800db88   0x0800db88   0x00000028   Code   RO         8281    i.prvCopyDataFromQueue  queue.o
    0x0800dbb0   0x0800dbb0   0x0000006e   Code   RO         8282    i.prvCopyDataToQueue  queue.o
    0x0800dc1e   0x0800dc1e   0x00000040   Code   RO         8670    i.prvDeleteTCB      tasks.o
    0x0800dc5e   0x0800dc5e   0x00000014   Code   RO         8283    i.prvGetDisinheritPriorityAfterTimeout  queue.o
    0x0800dc72   0x0800dc72   0x00000002   PAD
    0x0800dc74   0x0800dc74   0x00000024   Code   RO         9053    i.prvGetNextExpireTime  timers.o
    0x0800dc98   0x0800dc98   0x0000004c   Code   RO         9587    i.prvHeapInit       heap_4.o
    0x0800dce4   0x0800dce4   0x00000028   Code   RO         8671    i.prvIdleTask       tasks.o
    0x0800dd0c   0x0800dd0c   0x00000022   Code   RO         8285    i.prvInitialiseNewQueue  queue.o
    0x0800dd2e   0x0800dd2e   0x000000ac   Code   RO         8672    i.prvInitialiseNewTask  tasks.o
    0x0800ddda   0x0800ddda   0x00000050   Code   RO         9054    i.prvInitialiseNewTimer  timers.o
    0x0800de2a   0x0800de2a   0x00000002   PAD
    0x0800de2c   0x0800de2c   0x00000058   Code   RO         8673    i.prvInitialiseTaskLists  tasks.o
    0x0800de84   0x0800de84   0x00000054   Code   RO         9588    i.prvInsertBlockIntoFreeList  heap_4.o
    0x0800ded8   0x0800ded8   0x00000040   Code   RO         9055    i.prvInsertTimerInActiveList  timers.o
    0x0800df18   0x0800df18   0x0000001a   Code   RO         8286    i.prvIsQueueEmpty   queue.o
    0x0800df32   0x0800df32   0x0000001e   Code   RO         8287    i.prvIsQueueFull    queue.o
    0x0800df50   0x0800df50   0x0000005c   Code   RO         8674    i.prvListTasksWithinSingleList  tasks.o
    0x0800dfac   0x0800dfac   0x00000068   Code   RO         9056    i.prvProcessExpiredTimer  timers.o
    0x0800e014   0x0800e014   0x000000f0   Code   RO         9057    i.prvProcessReceivedCommands  timers.o
    0x0800e104   0x0800e104   0x0000006c   Code   RO         9058    i.prvProcessTimerOrBlockTask  timers.o
    0x0800e170   0x0800e170   0x00000024   Code   RO         8675    i.prvResetNextTaskUnblockTime  tasks.o
    0x0800e194   0x0800e194   0x0000002c   Code   RO         9059    i.prvSampleTimeNow  timers.o
    0x0800e1c0   0x0800e1c0   0x00000070   Code   RO         9060    i.prvSwitchTimerLists  timers.o
    0x0800e230   0x0800e230   0x00000014   Code   RO         8676    i.prvTaskCheckFreeStackSpace  tasks.o
    0x0800e244   0x0800e244   0x0000002c   Code   RO         9644    i.prvTaskExitError  port.o
    0x0800e270   0x0800e270   0x00000014   Code   RO         9061    i.prvTimerTask      timers.o
    0x0800e284   0x0800e284   0x0000006a   Code   RO         8288    i.prvUnlockQueue    queue.o
    0x0800e2ee   0x0800e2ee   0x00000024   Code   RO         8678    i.prvWriteNameToBuffer  tasks.o
    0x0800e312   0x0800e312   0x00000002   PAD
    0x0800e314   0x0800e314   0x000000dc   Code   RO         9589    i.pvPortMalloc      heap_4.o
    0x0800e3f0   0x0800e3f0   0x00000018   Code   RO         8679    i.pvTaskIncrementMutexHeldCount  tasks.o
    0x0800e408   0x0800e408   0x00000024   Code   RO         9645    i.pxPortInitialiseStack  port.o
    0x0800e42c   0x0800e42c   0x00000018   Code   RO         2019    i.rtc_ms_from_subseconds  rtc.o
    0x0800e444   0x0800e444   0x00000026   Code   RO         8241    i.uxListRemove      list.o
    0x0800e46a   0x0800e46a   0x00000002   PAD
    0x0800e46c   0x0800e46c   0x000000ac   Code   RO         8683    i.uxTaskGetSystemState  tasks.o
    0x0800e518   0x0800e518   0x00000014   Code   RO         1513    i.vApplicationGetIdleTaskMemory  freertos.o
    0x0800e52c   0x0800e52c   0x00000018   Code   RO         1514    i.vApplicationGetTimerTaskMemory  freertos.o
    0x0800e544   0x0800e544   0x00000016   Code   RO         8242    i.vListInitialise   list.o
    0x0800e55a   0x0800e55a   0x00000006   Code   RO         8243    i.vListInitialiseItem  list.o
    0x0800e560   0x0800e560   0x00000030   Code   RO         8244    i.vListInsert       list.o
    0x0800e590   0x0800e590   0x00000018   Code   RO         8245    i.vListInsertEnd    list.o
    0x0800e5a8   0x0800e5a8   0x00000040   Code   RO         9647    i.vPortEnterCritical  port.o
    0x0800e5e8   0x0800e5e8   0x0000002c   Code   RO         9648    i.vPortExitCritical  port.o
    0x0800e614   0x0800e614   0x00000064   Code   RO         9590    i.vPortFree         heap_4.o
    0x0800e678   0x0800e678   0x00000024   Code   RO         9649    i.vPortSetupTimerInterrupt  port.o
    0x0800e69c   0x0800e69c   0x00000054   Code   RO         9650    i.vPortValidateInterruptPriority  port.o
    0x0800e6f0   0x0800e6f0   0x00000024   Code   RO         8294    i.vQueueAddToRegistry  queue.o
    0x0800e714   0x0800e714   0x00000046   Code   RO         8298    i.vQueueWaitForMessageRestricted  queue.o
    0x0800e75a   0x0800e75a   0x00000002   PAD
    0x0800e75c   0x0800e75c   0x00000050   Code   RO         8688    i.vTaskDelay        tasks.o
    0x0800e7ac   0x0800e7ac   0x00000078   Code   RO         8691    i.vTaskGetInfo      tasks.o
    0x0800e824   0x0800e824   0x000000a4   Code   RO         8692    i.vTaskGetRunTimeStats  tasks.o
    0x0800e8c8   0x0800e8c8   0x00000010   Code   RO         8693    i.vTaskInternalSetTimeOutState  tasks.o
    0x0800e8d8   0x0800e8d8   0x0000000c   Code   RO         8695    i.vTaskMissedYield  tasks.o
    0x0800e8e4   0x0800e8e4   0x00000034   Code   RO         8697    i.vTaskPlaceOnEventList  tasks.o
    0x0800e918   0x0800e918   0x0000003c   Code   RO         8698    i.vTaskPlaceOnEventListRestricted  tasks.o
    0x0800e954   0x0800e954   0x000000a4   Code   RO         8700    i.vTaskPriorityDisinheritAfterTimeout  tasks.o
    0x0800e9f8   0x0800e9f8   0x00000094   Code   RO         8706    i.vTaskStartScheduler  tasks.o
    0x0800ea8c   0x0800ea8c   0x00000010   Code   RO         8708    i.vTaskSuspendAll   tasks.o
    0x0800ea9c   0x0800ea9c   0x00000078   Code   RO         8709    i.vTaskSwitchContext  tasks.o
    0x0800eb14   0x0800eb14   0x000000f4   Code   RO         9651    i.xPortStartScheduler  port.o
    0x0800ec08   0x0800ec08   0x0000003c   Code   RO         8299    i.xQueueCreateCountingSemaphore  queue.o
    0x0800ec44   0x0800ec44   0x00000042   Code   RO         8300    i.xQueueCreateCountingSemaphoreStatic  queue.o
    0x0800ec86   0x0800ec86   0x00000044   Code   RO         8303    i.xQueueGenericCreate  queue.o
    0x0800ecca   0x0800ecca   0x0000006c   Code   RO         8304    i.xQueueGenericCreateStatic  queue.o
    0x0800ed36   0x0800ed36   0x00000002   PAD
    0x0800ed38   0x0800ed38   0x0000008c   Code   RO         8305    i.xQueueGenericReset  queue.o
    0x0800edc4   0x0800edc4   0x00000164   Code   RO         8306    i.xQueueGenericSend  queue.o
    0x0800ef28   0x0800ef28   0x000000c0   Code   RO         8307    i.xQueueGenericSendFromISR  queue.o
    0x0800efe8   0x0800efe8   0x0000009e   Code   RO         8308    i.xQueueGiveFromISR  queue.o
    0x0800f086   0x0800f086   0x00000002   PAD
    0x0800f088   0x0800f088   0x0000013c   Code   RO         8313    i.xQueueReceive     queue.o
    0x0800f1c4   0x0800f1c4   0x0000009c   Code   RO         8314    i.xQueueReceiveFromISR  queue.o
    0x0800f260   0x0800f260   0x0000017c   Code   RO         8315    i.xQueueSemaphoreTake  queue.o
    0x0800f3dc   0x0800f3dc   0x0000007c   Code   RO         8711    i.xTaskCheckForTimeOut  tasks.o
    0x0800f458   0x0800f458   0x00000064   Code   RO         8712    i.xTaskCreate       tasks.o
    0x0800f4bc   0x0800f4bc   0x0000005c   Code   RO         8713    i.xTaskCreateStatic  tasks.o
    0x0800f518   0x0800f518   0x0000001c   Code   RO         8717    i.xTaskGetSchedulerState  tasks.o
    0x0800f534   0x0800f534   0x0000000c   Code   RO         8718    i.xTaskGetTickCount  tasks.o
    0x0800f540   0x0800f540   0x000000d0   Code   RO         8720    i.xTaskIncrementTick  tasks.o
    0x0800f610   0x0800f610   0x00000098   Code   RO         8723    i.xTaskPriorityDisinherit  tasks.o
    0x0800f6a8   0x0800f6a8   0x00000090   Code   RO         8724    i.xTaskPriorityInherit  tasks.o
    0x0800f738   0x0800f738   0x0000007c   Code   RO         8725    i.xTaskRemoveFromEventList  tasks.o
    0x0800f7b4   0x0800f7b4   0x000000cc   Code   RO         8726    i.xTaskResumeAll    tasks.o
    0x0800f880   0x0800f880   0x00000034   Code   RO         9068    i.xTimerCreate      timers.o
    0x0800f8b4   0x0800f8b4   0x00000034   Code   RO         9069    i.xTimerCreateStatic  timers.o
    0x0800f8e8   0x0800f8e8   0x00000068   Code   RO         9070    i.xTimerCreateTimerTask  timers.o
    0x0800f950   0x0800f950   0x00000068   Code   RO         9071    i.xTimerGenericCommand  timers.o
    0x0800f9b8   0x0800f9b8   0x00000028   Data   RO           33    .constdata          motorcontrol.o
    0x0800f9e0   0x0800f9e0   0x00000028   Data   RO          847    .constdata          iir.o
    0x0800fa08   0x0800fa08   0x00000200   Data   RO          932    .constdata          wit_c_sdk.o
    0x0800fc08   0x0800fc08   0x00000200   Data   RO         1163    .constdata          fpga_motor_driver.o
    0x0800fe08   0x0800fe08   0x000002f4   Data   RO         1543    .constdata          freertos.o
    0x080100fc   0x080100fc   0x00000008   Data   RO         4678    .constdata          stm32h7xx_hal_dma.o
    0x08010104   0x08010104   0x0000005c   Data   RO         6637    .constdata          stm32h7xx_hal_fdcan.o
    0x08010160   0x08010160   0x00000018   Data   RO         7609    .constdata          stm32h7xx_hal_uart.o
    0x08010178   0x08010178   0x00000010   Data   RO         7980    .constdata          stm32h7xx_hal_uart_ex.o
    0x08010188   0x08010188   0x00000010   Data   RO         8089    .constdata          system_stm32h7xx.o
    0x08010198   0x08010198   0x0000005c   Data   RO         1544    .conststring        freertos.o
    0x080101f4   0x080101f4   0x00000020   Data   RO        16929    Region$$Table       anon$$obj.o


    Execution Region RW_IRAM1 (Exec base: 0x20000000, Load base: 0x08010214, Size: 0x00000000, Max: 0x00020000, ABSOLUTE)

    **** No section assigned to this execution region ****


    Execution Region RW_IRAM2 (Exec base: 0x24000000, Load base: 0x08010214, Size: 0x000067c8, Max: 0x00080000, ABSOLUTE, COMPRESSED[0x00000084])

    Exec Addr    Load Addr    Size         Type   Attr      Idx    E Section Name        Object

    0x24000000   COMPRESSED   0x00000080   Data   RW           26    .RAM_D2             motorcontrol.o
    0x24000080   COMPRESSED   0x00000080   Data   RW         1158    .RAM_D2             fpga_motor_driver.o
    0x24000100   COMPRESSED   0x00000080   Data   RW         1760    .ARM.__at_0x24000100  adc.o
    0x24000180   COMPRESSED   0x00000080   Data   RW         1349    .RAM_D2             main.o
    0x24000200   COMPRESSED   0x00000001   Data   RW          792    .data               mb85rc1m.o
    0x24000201   COMPRESSED   0x00000003   PAD
    0x24000204   COMPRESSED   0x000000b8   Data   RW          848    .data               iir.o
    0x240002bc   COMPRESSED   0x00000030   Data   RW          933    .data               wit_c_sdk.o
    0x240002ec   COMPRESSED   0x00000004   Data   RW         1164    .data               fpga_motor_driver.o
    0x240002f0   COMPRESSED   0x00000008   Data   RW         1355    .data               main.o
    0x240002f8   COMPRESSED   0x00000008   Data   RW         1356    .data               main.o
    0x24000300   COMPRESSED   0x00000004   Data   RW         1361    .data               main.o
    0x24000304   COMPRESSED   0x00000004   Data   RW         1364    .data               main.o
    0x24000308   COMPRESSED   0x000000c8   Data   RW         1547    .data               freertos.o
    0x240003d0   COMPRESSED   0x00000001   Data   RW         1560    .data               freertos.o
    0x240003d1   COMPRESSED   0x00000001   Data   RW         1561    .data               freertos.o
    0x240003d2   COMPRESSED   0x00000008   Data   RW         1891    .data               fdcan.o
    0x240003da   COMPRESSED   0x00000002   PAD
    0x240003dc   COMPRESSED   0x00000028   Data   RW         1892    .data               fdcan.o
    0x24000404   COMPRESSED   0x00000004   Data   RW         2022    .data               rtc.o
    0x24000408   COMPRESSED   0x0000000c   Data   RW         5569    .data               stm32h7xx_hal.o
    0x24000414   COMPRESSED   0x00000008   Data   RW         8090    .data               system_stm32h7xx.o
    0x2400041c   COMPRESSED   0x00000044   Data   RW         8729    .data               tasks.o
    0x24000460   COMPRESSED   0x00000014   Data   RW         9077    .data               timers.o
    0x24000474   COMPRESSED   0x00000020   Data   RW         9596    .data               heap_4.o
    0x24000494   COMPRESSED   0x0000000c   Data   RW         9652    .data               port.o
    0x240004a0   COMPRESSED   0x00000004   Data   RW        16895    .data               mc_w.l(mvars.o)
    0x240004a4   COMPRESSED   0x00000004   Data   RW        16896    .data               mc_w.l(mvars.o)
    0x240004a8        -       0x00000020   Zero   RW           29    .bss                motorcontrol.o
    0x240004c8        -       0x00000020   Zero   RW           30    .bss                motorcontrol.o
    0x240004e8        -       0x0000000c   Zero   RW           31    .bss                motorcontrol.o
    0x240004f4        -       0x0000000c   Zero   RW           32    .bss                motorcontrol.o
    0x24000500        -       0x000000c0   Zero   RW          830    .bss                iir.o
    0x240005c0        -       0x00000220   Zero   RW          931    .bss                wit_c_sdk.o
    0x240007e0        -       0x000001c0   Zero   RW         1160    .bss                fpga_motor_driver.o
    0x240009a0        -       0x000001ae   Zero   RW         1351    .bss                main.o
    0x24000b4e   COMPRESSED   0x00000002   PAD
    0x24000b50        -       0x00000bcc   Zero   RW         1516    .bss                freertos.o
    0x2400171c        -       0x00000034   Zero   RW         1522    .bss                freertos.o
    0x24001750        -       0x00000034   Zero   RW         1523    .bss                freertos.o
    0x24001784        -       0x00000034   Zero   RW         1524    .bss                freertos.o
    0x240017b8        -       0x00000034   Zero   RW         1525    .bss                freertos.o
    0x240017ec        -       0x00000034   Zero   RW         1526    .bss                freertos.o
    0x24001820        -       0x00000034   Zero   RW         1527    .bss                freertos.o
    0x24001854        -       0x00000034   Zero   RW         1528    .bss                freertos.o
    0x24001888        -       0x00000034   Zero   RW         1529    .bss                freertos.o
    0x240018bc        -       0x000000dc   Zero   RW         1761    .bss                adc.o
    0x24001998        -       0x00000024   Zero   RW         1817    .bss                crc.o
    0x240019bc        -       0x000000ec   Zero   RW         1890    .bss                fdcan.o
    0x24001aa8        -       0x000000a8   Zero   RW         1971    .bss                i2c.o
    0x24001b50        -       0x00000014   Zero   RW         2020    .bss                rtc.o
    0x24001b64        -       0x00000024   Zero   RW         2021    .bss                rtc.o
    0x24001b88        -       0x00000130   Zero   RW         2086    .bss                tim.o
    0x24001cb8        -       0x000006a4   Zero   RW         2173    .bss                usart.o
    0x2400235c        -       0x0000004c   Zero   RW         2434    .bss                stm32h7xx_hal_timebase_tim.o
    0x240023a8        -       0x00000040   Zero   RW         8316    .bss                queue.o
    0x240023e8        -       0x000000f0   Zero   RW         8728    .bss                tasks.o
    0x240024d8        -       0x000000f0   Zero   RW         9076    .bss                timers.o
    0x240025c8        -       0x00003c00   Zero   RW         9595    .bss                heap_4.o
    0x240061c8        -       0x00000200   Zero   RW            2    HEAP                startup_stm32h743xx.o
    0x240063c8        -       0x00000400   Zero   RW            1    STACK               startup_stm32h743xx.o



  Load Region LR$$.ARM.__AT_0x38000080 (Base: 0x38000080, Size: 0x00000000, Max: 0x00000064, ABSOLUTE)

    Execution Region ER$$.ARM.__AT_0x38000080 (Exec base: 0x38000080, Load base: 0x38000080, Size: 0x00000064, Max: 0x00000064, ABSOLUTE, UNINIT)

    Exec Addr    Load Addr    Size         Type   Attr      Idx    E Section Name        Object

    0x38000080        -       0x00000064   Zero   RW           24    .ARM.__AT_0x38000080  motorcontrol.o



  Load Region LR$$.ARM.__AT_0x38000180 (Base: 0x38000180, Size: 0x00000000, Max: 0x00000064, ABSOLUTE)

    Execution Region ER$$.ARM.__AT_0x38000180 (Exec base: 0x38000180, Load base: 0x38000180, Size: 0x00000064, Max: 0x00000064, ABSOLUTE, UNINIT)

    Exec Addr    Load Addr    Size         Type   Attr      Idx    E Section Name        Object

    0x38000180        -       0x00000064   Zero   RW           25    .ARM.__AT_0x38000180  motorcontrol.o



  Load Region LR$$.ARM.__AT_0x38000580 (Base: 0x38000580, Size: 0x00000000, Max: 0x00000098, ABSOLUTE)

    Execution Region ER$$.ARM.__AT_0x38000580 (Exec base: 0x38000580, Load base: 0x38000580, Size: 0x00000098, Max: 0x00000098, ABSOLUTE, UNINIT)

    Exec Addr    Load Addr    Size         Type   Attr      Idx    E Section Name        Object

    0x38000580        -       0x00000096   Zero   RW         1515    .ARM.__AT_0x38000580  freertos.o


==============================================================================

Image component sizes


      Code (inc. data)   RO Data    RW Data    ZI Data      Debug   Object Name

       592         72          0        128        220      39649   adc.o
         0          0          0          0          0    1414437   atgm336h.o
       574         18          0          0          0      34237   cmsis_os.o
        88         18          0          0         36       1715   crc.o
       188          4          0          0          0        958   dma.o
         0          0          0          0          0      20284   event_groups.o
       714         48          0         48        236       8406   fdcan.o
       158          4          0          0          0       9711   filteringfunctions.o
      1838        172        512        132        448      57751   fpga_motor_driver.o
      5790        464        848        202       3586      30071   freertos.o
       260         22          0          0          0       1167   gpio.o
       480         26          0         32      15360       5359   heap_4.o
       424         44          0          0        168       2754   i2c.o
       208         44         40        184        192       4756   iir.o
       138          0          0          0          0       3930   list.o
      1198        186          0        152        430      48495   main.o
       108         14          0          1          0       1694   mb85rc1m.o
         0          0         40        128        288    1340238   motorcontrol.o
       142          6          0          0          0       2796   pid.o
       786         84          0         12          0      12605   port.o
      2472         24          0          0         64      27481   queue.o
       484         22          0          4         56       4132   rtc.o
        36          8        664          0       1536        904   startup_stm32h743xx.o
       132         32          0         12          0      22345   stm32h7xx_hal.o
      2702        200          0          0          0      76738   stm32h7xx_hal_adc.o
       468         30          0          0          0      64545   stm32h7xx_hal_adc_ex.o
       306         30          0          0          0      41460   stm32h7xx_hal_cortex.o
       128          4          0          0          0       1291   stm32h7xx_hal_crc.o
        98          0          0          0          0       1423   stm32h7xx_hal_crc_ex.o
      6476        144          8          0          0      14958   stm32h7xx_hal_dma.o
      2992         50         92          0          0      27134   stm32h7xx_hal_fdcan.o
       592         50          0          0          0       3944   stm32h7xx_hal_gpio.o
      1208         22          0          0          0       9585   stm32h7xx_hal_i2c.o
       216         10          0          0          0       2878   stm32h7xx_hal_i2c_ex.o
        36          4          0          0          0        902   stm32h7xx_hal_msp.o
        16          4          0          0          0        603   stm32h7xx_hal_pwr.o
        88          6          0          0          0        889   stm32h7xx_hal_pwr_ex.o
      2976        136          0          0          0       9137   stm32h7xx_hal_rcc.o
      6046        180          0          0          0      14647   stm32h7xx_hal_rcc_ex.o
      1444         34          0          0          0      11543   stm32h7xx_hal_rtc.o
         2          0          0          0          0       1152   stm32h7xx_hal_rtc_ex.o
      2462        272          0          0          0      20217   stm32h7xx_hal_tim.o
       166         28          0          0          0       3472   stm32h7xx_hal_tim_ex.o
       136         22          0          0         76       1667   stm32h7xx_hal_timebase_tim.o
      5652        236         24          0          0      50010   stm32h7xx_hal_uart.o
       452          6         16          0          0       7843   stm32h7xx_hal_uart_ex.o
       244        108          0          0          0      12454   stm32h7xx_it.o
       220         42         16          8          0       1494   system_stm32h7xx.o
      3320        250          0         68        240      39248   tasks.o
       636         70          0          0        304       4885   tim.o
      1208         92          0         20        240      35315   timers.o
      1574        112          0          0       1700       7017   usart.o
       504         40        512         48        544       6725   wit_c_sdk.o
         0          0          0          0          0       4568   wit_imu.o

    ----------------------------------------------------------------------
     59252       3494       2804       1184      25728    3573619   Object Totals
         0          0         32          0          0          0   (incl. Generated)
        74          0          0          5          4          0   (incl. Padding)

    ----------------------------------------------------------------------

      Code (inc. data)   RO Data    RW Data    ZI Data      Debug   Library Member Name

        86          0          0          0          0          0   __dczerorl2.o
         0          0          0          0          0          0   entry.o
         0          0          0          0          0          0   entry10a.o
         0          0          0          0          0          0   entry11a.o
         4          0          0          0          0          0   entry12b.o
         8          4          0          0          0          0   entry2.o
         4          0          0          0          0          0   entry5.o
         0          0          0          0          0          0   entry7b.o
         0          0          0          0          0          0   entry8b.o
         8          4          0          0          0          0   entry9a.o
        30          0          0          0          0          0   handlers.o
        36          8          0          0          0         68   init.o
         0          0          0          0          0          0   iusefp.o
        30          0          0          0          0         68   llshl.o
        36          0          0          0          0         68   llsshr.o
        32          0          0          0          0         68   llushr.o
       188         20          0          0          0        160   malloc.o
        36          0          0          0          0         68   memcpya.o
        36          0          0          0          0        108   memseta.o
         0          0          0          8          0          0   mvars.o
      2236         86          0          0          0        532   printfa.o
        18          0          0          0          0         68   strcpy.o
        14          0          0          0          0         68   strlen.o
        44          0          0          0          0         80   uidiv.o
        98          0          0          0          0         92   uldiv.o
        48          0          0          0          0         68   cdrcmple.o
       334          0          0          0          0        148   dadd.o
       222          0          0          0          0        100   ddiv.o
       186          0          0          0          0        176   depilogue.o
        48          0          0          0          0         68   dfixul.o
       228          0          0          0          0         96   dmul.o

    ----------------------------------------------------------------------
      4012        122          0          8          0       2104   Library Totals
         2          0          0          0          0          0   (incl. Padding)

    ----------------------------------------------------------------------

      Code (inc. data)   RO Data    RW Data    ZI Data      Debug   Library Name

      2944        122          0          8          0       1448   mc_w.l
      1066          0          0          0          0        656   mf_w.l

    ----------------------------------------------------------------------
      4012        122          0          8          0       2104   Library Totals

    ----------------------------------------------------------------------

==============================================================================


      Code (inc. data)   RO Data    RW Data    ZI Data      Debug   

     63264       3616       2804       1192      25728    3535315   Grand Totals
     63264       3616       2804        132      25728    3535315   ELF Image Totals (compressed)
     63264       3616       2804        132          0          0   ROM Totals

==============================================================================

    Total RO  Size (Code + RO Data)                66068 (  64.52kB)
    Total RW  Size (RW Data + ZI Data)             26920 (  26.29kB)
    Total ROM Size (Code + RO Data + RW Data)      66200 (  64.65kB)

==============================================================================

